<html>
<body>
<pre>
<h1>礦ision Build Log</h1>
<h2>Tool Versions:</h2>
IDE-Version: μVision V5.38.0.0
Copyright (C) 2022 ARM Ltd and ARM Germany GmbH. All rights reserved.
License Information: 1 1, 1, LIC=585FJ-UWIPI-01AP1-C45DE-20WQA-ZBNDY
 
Tool Versions:
Toolchain:       MDK-ARM Plus  Version: 5.42.0.0
Toolchain Path:  D:\keil5\ARM\ARMCC\Bin
C Compiler:      Armcc.exe V5.06 update 5 (build 528)
Assembler:       Armasm.exe V5.06 update 5 (build 528)
Linker/Locator:  ArmLink.exe V5.06 update 5 (build 528)
Library Manager: ArmAr.exe V5.06 update 5 (build 528)
Hex Converter:   FromElf.exe V5.06 update 5 (build 528)
CPU DLL:         SARMCM3.DLL V5.42.0.0
Dialog DLL:      DCM.DLL V1.17.5.0
Target DLL:      STLink\ST-LINKIII-KEIL_SWO.dll V3.3.0.0
Dialog DLL:      TCM.DLL V1.56.6.0
 
<h2>Project:</h2>
D:\桌面\Project\STM32平衡车\软件\stm32_balance car\MDK-ARM\stm32_balance car.uvprojx
Project File Date:  04/08/2026

<h2>Output:</h2>
*** Using Compiler 'V5.06 update 5 (build 528)', folder: 'D:\keil5\ARM\ARMCC\Bin'
Build target 'stm32_balance car'
compiling main.c...
../Core/Inc/pid.h(22): warning:  #1295-D: Deprecated declaration GetCurrentSpeed - give arg types
  int GetCurrentSpeed();
../Core/Inc/pid.h(23): warning:  #1295-D: Deprecated declaration GetDifSpeed - give arg types
  int GetDifSpeed();
../Core/Src/main.c(85): warning:  #1295-D: Deprecated declaration Control - give arg types
  void Control();
../Core/Src/main.c(86): warning:  #1295-D: Deprecated declaration Set_params - give arg types
  void Set_params();
../Core/Src/main.c(246): warning:  #177-D: function "USART3_Proc"  was declared but never referenced
  static void USART3_Proc(void)
../Core/Src/main.c: 5 warnings, 0 errors
linking...
Program Size: Code=29876 RO-data=3684 RW-data=324 ZI-data=1804  
FromELF: creating hex file...
"stm32_balance car\stm32_balance car.axf" - 0 Error(s), 5 Warning(s).

<h2>Software Packages used:</h2>

Package Vendor: ARM
                https://www.keil.com/pack/ARM.CMSIS.6.1.0.pack
                ARM.CMSIS.6.1.0
                CMSIS (Common Microcontroller Software Interface Standard)
   * Component: CORE Version: 6.1.0

Package Vendor: Keil
                https://www.keil.com/pack/Keil.STM32F1xx_DFP.2.4.1.pack
                Keil.STM32F1xx_DFP.2.4.1
                STMicroelectronics STM32F1 Series Device Support, Drivers and Examples

<h2>Collection of Component include folders:</h2>
  ./RTE/_stm32_balance_car
  D:/keil5/ARM/CMSIS/6.1.0/CMSIS/Core/Include
  D:/keil5/Keil/STM32F1xx_DFP/2.4.1/Device/Include

<h2>Collection of Component Files used:</h2>

   * Component: ARM::CMSIS:CORE:6.1.0
      Include file:  CMSIS/Core/Include/tz_context.h
Build Time Elapsed:  00:00:02
</pre>
</body>
</html>
