Component: ARM Compiler 5.06 update 5 (build 528) Tool: armlink [4d35e2]

==============================================================================

Section Cross References

    startup_stm32f103xb.o(RESET) refers to startup_stm32f103xb.o(STACK) for __initial_sp
    startup_stm32f103xb.o(RESET) refers to startup_stm32f103xb.o(.text) for Reset_Handler
    startup_stm32f103xb.o(RESET) refers to stm32f1xx_it.o(i.NMI_Handler) for NMI_Handler
    startup_stm32f103xb.o(RESET) refers to stm32f1xx_it.o(i.HardFault_Handler) for HardFault_Handler
    startup_stm32f103xb.o(RESET) refers to stm32f1xx_it.o(i.MemManage_Handler) for MemManage_Handler
    startup_stm32f103xb.o(RESET) refers to stm32f1xx_it.o(i.BusFault_Handler) for BusFault_Handler
    startup_stm32f103xb.o(RESET) refers to stm32f1xx_it.o(i.UsageFault_Handler) for UsageFault_Handler
    startup_stm32f103xb.o(RESET) refers to stm32f1xx_it.o(i.SVC_Handler) for SVC_Handler
    startup_stm32f103xb.o(RESET) refers to stm32f1xx_it.o(i.DebugMon_Handler) for DebugMon_Handler
    startup_stm32f103xb.o(RESET) refers to stm32f1xx_it.o(i.PendSV_Handler) for PendSV_Handler
    startup_stm32f103xb.o(RESET) refers to stm32f1xx_it.o(i.SysTick_Handler) for SysTick_Handler
    startup_stm32f103xb.o(RESET) refers to stm32f1xx_it.o(i.EXTI2_IRQHandler) for EXTI2_IRQHandler
    startup_stm32f103xb.o(RESET) refers to stm32f1xx_it.o(i.TIM3_IRQHandler) for TIM3_IRQHandler
    startup_stm32f103xb.o(RESET) refers to stm32f1xx_it.o(i.USART3_IRQHandler) for USART3_IRQHandler
    startup_stm32f103xb.o(.text) refers to system_stm32f1xx.o(i.SystemInit) for SystemInit
    startup_stm32f103xb.o(.text) refers to entry.o(.ARM.Collect$$$$00000000) for __main
    oled.o(i.OLED_Clear) refers to oled.o(i.OLED_WR_CMD) for OLED_WR_CMD
    oled.o(i.OLED_Clear) refers to oled.o(i.OLED_WR_DATA) for OLED_WR_DATA
    oled.o(i.OLED_Init) refers to oled.o(i.OLED_WR_CMD) for OLED_WR_CMD
    oled.o(i.OLED_Init) refers to oled.o(i.OLED_Clear) for OLED_Clear
    oled.o(i.OLED_Init) refers to oled.o(.data) for CMD_Data
    oled.o(i.OLED_SetPos) refers to oled.o(i.OLED_WR_CMD) for OLED_WR_CMD
    oled.o(i.OLED_ShowChar) refers to oled.o(i.OLED_SetPos) for OLED_SetPos
    oled.o(i.OLED_ShowChar) refers to oled.o(i.OLED_WR_DATA) for OLED_WR_DATA
    oled.o(i.OLED_ShowChar) refers to oled_font.o(.constdata) for F6x8
    oled.o(i.OLED_ShowString) refers to oled.o(i.OLED_ShowChar) for OLED_ShowChar
    oled.o(i.OLED_WR_CMD) refers to i2c_bus.o(i.i2c_write_byte) for i2c_write_byte
    oled.o(i.OLED_WR_DATA) refers to i2c_bus.o(i.i2c_write_byte) for i2c_write_byte
    mpu6050.o(i.Kalman_Predict) refers to fadd.o(.text) for __aeabi_fsub
    mpu6050.o(i.Kalman_Predict) refers to fmul.o(.text) for __aeabi_fmul
    mpu6050.o(i.Kalman_Update) refers to fadd.o(.text) for __aeabi_fadd
    mpu6050.o(i.Kalman_Update) refers to fdiv.o(.text) for __aeabi_fdiv
    mpu6050.o(i.Kalman_Update) refers to fmul.o(.text) for __aeabi_fmul
    mpu6050.o(i.MPU6050_DMP_Init) refers to inv_mpu.o(i.mpu_init) for mpu_init
    mpu6050.o(i.MPU6050_DMP_Init) refers to inv_mpu_dmp_motion_driver.o(i.dmp_load_motion_driver_firmware) for dmp_load_motion_driver_firmware
    mpu6050.o(i.MPU6050_DMP_Init) refers to inv_mpu_dmp_motion_driver.o(i.dmp_set_fifo_rate) for dmp_set_fifo_rate
    mpu6050.o(i.MPU6050_DMP_Init) refers to inv_mpu_dmp_motion_driver.o(i.dmp_enable_feature) for dmp_enable_feature
    mpu6050.o(i.MPU6050_DMP_Init) refers to inv_mpu_dmp_motion_driver.o(i.dmp_set_orientation) for dmp_set_orientation
    mpu6050.o(i.MPU6050_DMP_Init) refers to inv_mpu.o(i.mpu_set_dmp_state) for mpu_set_dmp_state
    mpu6050.o(i.MPU6050_GetAccX) refers to mpu6050.o(.data) for ax
    mpu6050.o(i.MPU6050_GetAccY) refers to mpu6050.o(.data) for ay
    mpu6050.o(i.MPU6050_GetAccZ) refers to mpu6050.o(.data) for az
    mpu6050.o(i.MPU6050_GetData) refers to mpu6050.o(i.MPU6050_ReadRegs) for MPU6050_ReadRegs
    mpu6050.o(i.MPU6050_GetGyroX) refers to mpu6050.o(.data) for gx
    mpu6050.o(i.MPU6050_GetGyroY) refers to mpu6050.o(.data) for gy
    mpu6050.o(i.MPU6050_GetGyroZ) refers to mpu6050.o(.data) for gz
    mpu6050.o(i.MPU6050_GetID) refers to mpu6050.o(i.MPU6050_ReadReg) for MPU6050_ReadReg
    mpu6050.o(i.MPU6050_GetPitch) refers to mpu6050.o(.data) for pitch
    mpu6050.o(i.MPU6050_GetRoll) refers to mpu6050.o(.data) for roll
    mpu6050.o(i.MPU6050_GetYaw) refers to mpu6050.o(.data) for yaw
    mpu6050.o(i.MPU6050_Init) refers to myi2c.o(i.IIC_Init) for IIC_Init
    mpu6050.o(i.MPU6050_Init) refers to mpu6050.o(i.MPU6050_WriteReg) for MPU6050_WriteReg
    mpu6050.o(i.MPU6050_Init) refers to stm32f1xx_hal.o(i.HAL_Delay) for HAL_Delay
    mpu6050.o(i.MPU6050_Mode_Update) refers to mpu6050.o(i.MPU6050_Proc_Complementary) for MPU6050_Proc_Complementary
    mpu6050.o(i.MPU6050_Mode_Update) refers to mpu6050.o(i.MPU6050_Proc_Kalman) for MPU6050_Proc_Kalman
[...]
    i.__mathlib_flt_infnan2                  0x08004f3e   Section        0  funder.o(i.__mathlib_flt_infnan2)
    i.__mathlib_flt_invalid                  0x08004f42   Section        0  funder.o(i.__mathlib_flt_invalid)
    i.__mathlib_flt_underflow                0x08004f4a   Section        0  funder.o(i.__mathlib_flt_underflow)
    i.__read_errno                           0x08004f54   Section        0  errno.o(i.__read_errno)
    i.__scatterload_copy                     0x08004f60   Section       14  handlers.o(i.__scatterload_copy)
    i.__scatterload_null                     0x08004f6e   Section        2  handlers.o(i.__scatterload_null)
    i.__scatterload_zeroinit                 0x08004f70   Section       14  handlers.o(i.__scatterload_zeroinit)
    i.__set_errno                            0x08004f80   Section        0  errno.o(i.__set_errno)
    i._is_digit                              0x08004f8c   Section        0  scanf_fp.o(i._is_digit)
    i.asinf                                  0x08004f9c   Section        0  asinf.o(i.asinf)
    i.atan                                   0x080050c0   Section        0  atan.o(i.atan)
    i.atan2                                  0x080052e0   Section        0  atan2.o(i.atan2)
    i.atan2f                                 0x08005460   Section        0  atan2f.o(i.atan2f)
    i.atof                                   0x080056bc   Section        0  atof.o(i.atof)
    i.decode_gesture                         0x080056e8   Section        0  inv_mpu_dmp_motion_driver.o(i.decode_gesture)
    decode_gesture                           0x080056e9   Thumb Code    94  inv_mpu_dmp_motion_driver.o(i.decode_gesture)
    i.dmp_enable_6x_lp_quat                  0x0800574c   Section        0  inv_mpu_dmp_motion_driver.o(i.dmp_enable_6x_lp_quat)
    i.dmp_enable_feature                     0x08005788   Section        0  inv_mpu_dmp_motion_driver.o(i.dmp_enable_feature)
    i.dmp_enable_gyro_cal                    0x080059a4   Section        0  inv_mpu_dmp_motion_driver.o(i.dmp_enable_gyro_cal)
    i.dmp_enable_lp_quat                     0x080059fc   Section        0  inv_mpu_dmp_motion_driver.o(i.dmp_enable_lp_quat)
    i.dmp_load_motion_driver_firmware        0x08005a38   Section        0  inv_mpu_dmp_motion_driver.o(i.dmp_load_motion_driver_firmware)
    i.dmp_read_fifo                          0x08005a50   Section        0  inv_mpu_dmp_motion_driver.o(i.dmp_read_fifo)
    i.dmp_set_fifo_rate                      0x08005c24   Section        0  inv_mpu_dmp_motion_driver.o(i.dmp_set_fifo_rate)
    i.dmp_set_orientation                    0x08005c94   Section        0  inv_mpu_dmp_motion_driver.o(i.dmp_set_orientation)
    i.dmp_set_shake_reject_thresh            0x08005dcc   Section        0  inv_mpu_dmp_motion_driver.o(i.dmp_set_shake_reject_thresh)
    i.dmp_set_shake_reject_time              0x08005e04   Section        0  inv_mpu_dmp_motion_driver.o(i.dmp_set_shake_reject_time)
    i.dmp_set_shake_reject_timeout           0x08005e2a   Section        0  inv_mpu_dmp_motion_driver.o(i.dmp_set_shake_reject_timeout)
    i.dmp_set_tap_axes                       0x08005e50   Section        0  inv_mpu_dmp_motion_driver.o(i.dmp_set_tap_axes)
    i.dmp_set_tap_count                      0x08005e96   Section        0  inv_mpu_dmp_motion_driver.o(i.dmp_set_tap_count)
    i.dmp_set_tap_thresh                     0x08005ebc   Section        0  inv_mpu_dmp_motion_driver.o(i.dmp_set_tap_thresh)
    i.dmp_set_tap_time                       0x0800605c   Section        0  inv_mpu_dmp_motion_driver.o(i.dmp_set_tap_time)
    i.dmp_set_tap_time_multi                 0x08006082   Section        0  inv_mpu_dmp_motion_driver.o(i.dmp_set_tap_time_multi)
    i.i2c_read                               0x080060a8   Section        0  inv_mpu.o(i.i2c_read)
    i2c_read                                 0x080060a9   Thumb Code   120  inv_mpu.o(i.i2c_read)
    i.i2c_write                              0x08006120   Section        0  inv_mpu.o(i.i2c_write)
    i2c_write                                0x08006121   Thumb Code   102  inv_mpu.o(i.i2c_write)
    i.i2c_write_byte                         0x08006188   Section        0  i2c_bus.o(i.i2c_write_byte)
    i.main                                   0x080061b0   Section        0  main.o(i.main)
    i.mpu_configure_fifo                     0x08006274   Section        0  inv_mpu.o(i.mpu_configure_fifo)
    i.mpu_get_accel_fsr                      0x080062e4   Section        0  inv_mpu.o(i.mpu_get_accel_fsr)
    i.mpu_init                               0x08006330   Section        0  inv_mpu.o(i.mpu_init)
    i.mpu_load_firmware                      0x0800642c   Section        0  inv_mpu.o(i.mpu_load_firmware)
    i.mpu_lp_accel_mode                      0x080064e4   Section        0  inv_mpu.o(i.mpu_lp_accel_mode)
    i.mpu_read_fifo_stream                   0x080065c4   Section        0  inv_mpu.o(i.mpu_read_fifo_stream)
    i.mpu_read_mem                           0x08006684   Section        0  inv_mpu.o(i.mpu_read_mem)
    i.mpu_reset_fifo                         0x08006704   Section        0  inv_mpu.o(i.mpu_reset_fifo)
    i.mpu_set_accel_fsr                      0x080068cc   Section        0  inv_mpu.o(i.mpu_set_accel_fsr)
    i.mpu_set_bypass                         0x08006950   Section        0  inv_mpu.o(i.mpu_set_bypass)
    i.mpu_set_dmp_state                      0x08006a9c   Section        0  inv_mpu.o(i.mpu_set_dmp_state)
    i.mpu_set_gyro_fsr                       0x08006b2c   Section        0  inv_mpu.o(i.mpu_set_gyro_fsr)
    i.mpu_set_int_latched                    0x08006bb4   Section        0  inv_mpu.o(i.mpu_set_int_latched)
    i.mpu_set_lpf                            0x08006c20   Section        0  inv_mpu.o(i.mpu_set_lpf)
    i.mpu_set_sample_rate                    0x08006ca4   Section        0  inv_mpu.o(i.mpu_set_sample_rate)
    i.mpu_set_sensors                        0x08006d40   Section        0  inv_mpu.o(i.mpu_set_sensors)
    i.mpu_write_mem                          0x08006e10   Section        0  inv_mpu.o(i.mpu_write_mem)
    i.set_int_enable                         0x08006e90   Section        0  inv_mpu.o(i.set_int_enable)
    set_int_enable                           0x08006e91   Thumb Code   138  inv_mpu.o(i.set_int_enable)
    i.sqrtf                                  0x08006f20   Section        0  sqrtf.o(i.sqrtf)
    .constdata                               0x08006f4c   Section       84  inv_mpu.o(.constdata)
    .constdata                               0x08006fa0   Section     3062  inv_mpu_dmp_motion_driver.o(.constdata)
    dmp_memory                               0x08006fa0   Data        3062  inv_mpu_dmp_motion_driver.o(.constdata)
    .constdata                               0x08007b96   Section       18  stm32f1xx_hal_rcc.o(.constdata)
    aPLLMULFactorTable                       0x08007b96   Data          16  stm32f1xx_hal_rcc.o(.constdata)
    aPredivFactorTable                       0x08007ba6   Data           2  stm32f1xx_hal_rcc.o(.constdata)
    .constdata                               0x08007ba8   Section       24  system_stm32f1xx.o(.constdata)
    .constdata                               0x08007bc0   Section      152  atan.o(.constdata)
    atanhi                                   0x08007bc0   Data          32  atan.o(.constdata)
    atanlo                                   0x08007be0   Data          32  atan.o(.constdata)
    aTodd                                    0x08007c00   Data          40  atan.o(.constdata)
    aTeven                                   0x08007c28   Data          48  atan.o(.constdata)
    .constdata                               0x08007c58   Section        8  qnan.o(.constdata)
    .constdata                               0x08007c60   Section      129  ctype_o.o(.constdata)
    .constdata                               0x08007ce4   Section        4  ctype_o.o(.constdata)
    table                                    0x08007ce4   Data           4  ctype_o.o(.constdata)
    .data                                    0x20000000   Section       23  oled.o(.data)
    .data                                    0x20000018   Section       61  mpu6050.o(.data)
    ax                                       0x20000018   Data           4  mpu6050.o(.data)
    ay                                       0x2000001c   Data           4  mpu6050.o(.data)
    az                                       0x20000020   Data           4  mpu6050.o(.data)
    temperature                              0x20000024   Data           4  mpu6050.o(.data)
    gx                                       0x20000028   Data           4  mpu6050.o(.data)
    gy                                       0x2000002c   Data           4  mpu6050.o(.data)
    gz                                       0x20000030   Data           4  mpu6050.o(.data)
    yaw                                      0x20000034   Data           4  mpu6050.o(.data)
    pitch                                    0x20000038   Data           4  mpu6050.o(.data)
    roll                                     0x2000003c   Data           4  mpu6050.o(.data)
    currentMode                              0x20000044   Data           1  mpu6050.o(.data)
    yaw_g                                    0x20000048   Data           4  mpu6050.o(.data)
    pitch_g                                  0x2000004c   Data           4  mpu6050.o(.data)
    roll_g                                   0x20000050   Data           4  mpu6050.o(.data)
    kalman_init                              0x20000054   Data           1  mpu6050.o(.data)
    .data                                    0x20000058   Section        8  sr04.o(.data)
    .data                                    0x20000060   Section       44  inv_mpu.o(.data)
    st                                       0x20000060   Data          44  inv_mpu.o(.data)
    .data                                    0x2000008c   Section      214  main.o(.data)
    ax                                       0x2000008c   Data           4  main.o(.data)
    ay                                       0x20000090   Data           4  main.o(.data)
    az                                       0x20000094   Data           4  main.o(.data)
    temperature                              0x20000098   Data           4  main.o(.data)
    gx                                       0x2000009c   Data           4  main.o(.data)
    gy                                       0x200000a0   Data           4  main.o(.data)
    gz                                       0x200000a4   Data           4  main.o(.data)
    yaw                                      0x200000a8   Data           4  main.o(.data)
    pitch                                    0x200000ac   Data           4  main.o(.data)
    roll                                     0x200000b0   Data           4  main.o(.data)
    nxt                                      0x2000015c   Data           4  main.o(.data)
    RxState                                  0x20000160   Data           1  main.o(.data)
    pRxPacket                                0x20000161   Data           1  main.o(.data)
    .data                                    0x20000162   Section        2  stm32f1xx_it.o(.data)
    .data                                    0x20000164   Section        9  stm32f1xx_hal.o(.data)
    .data                                    0x20000170   Section        4  system_stm32f1xx.o(.data)
    .data                                    0x20000174   Section        4  strtok.o(.data)
    state                                    0x20000174   Data           4  strtok.o(.data)
    .data                                    0x20000178   Section        4  errno.o(.data)
    _errno                                   0x20000178   Data           4  errno.o(.data)
    .bss                                     0x2000017c   Section       72  mpu6050.o(.bss)
    .bss                                     0x200001c4   Section       16  inv_mpu_dmp_motion_driver.o(.bss)
    dmp                                      0x200001c4   Data          16  inv_mpu_dmp_motion_driver.o(.bss)
    .bss                                     0x200001d4   Section      248  main.o(.bss)
    .bss                                     0x200002cc   Section       84  i2c.o(.bss)
    .bss                                     0x20000320   Section      288  tim.o(.bss)
    .bss                                     0x20000440   Section       72  usart.o(.bss)
    STACK                                    0x20000488   Section     1024  startup_stm32f103xb.o(STACK)

    Global Symbols

    Symbol Name                              Value     Ov Type        Size  Object(Section)

    BuildAttributes$$THM_ISAv4$P$D$K$B$S$PE$A:L22UL41UL21$X:L11$S22US41US21$IEEE1$IW$USESV6$~STKCKD$USESV7$~SHL$OTIME$ROPI$IEEEX$EBA8$MICROLIB$REQ8$PRES8$EABIv2 0x00000000   Number         0  anon$$obj.o ABSOLUTE
    __ARM_use_no_argv                        0x00000000   Number         0  main.o ABSOLUTE
    _printf_a                                0x00000000   Number         0  stubs.o ABSOLUTE
    _printf_c                                0x00000000   Number         0  stubs.o ABSOLUTE
    _printf_charcount                        0x00000000   Number         0  stubs.o ABSOLUTE
    _printf_d                                0x00000000   Number         0  stubs.o ABSOLUTE
    _printf_e                                0x00000000   Number         0  stubs.o ABSOLUTE
    _printf_f                                0x00000000   Number         0  stubs.o ABSOLUTE
    _printf_flags                            0x00000000   Number         0  stubs.o ABSOLUTE
    _printf_fp_dec                           0x00000000   Number         0  stubs.o ABSOLUTE
    _printf_fp_hex                           0x00000000   Number         0  stubs.o ABSOLUTE
    _printf_g                                0x00000000   Number         0  stubs.o ABSOLUTE
    _printf_i                                0x00000000   Number         0  stubs.o ABSOLUTE
    _printf_int_dec                          0x00000000   Number         0  stubs.o ABSOLUTE
    _printf_l                                0x00000000   Number         0  stubs.o ABSOLUTE
    _printf_lc                               0x00000000   Number         0  stubs.o ABSOLUTE
    _printf_ll                               0x00000000   Number         0  stubs.o ABSOLUTE
    _printf_lld                              0x00000000   Number         0  stubs.o ABSOLUTE
    _printf_lli                              0x00000000   Number         0  stubs.o ABSOLUTE
    _printf_llo                              0x00000000   Number         0  stubs.o ABSOLUTE
    _printf_llu                              0x00000000   Number         0  stubs.o ABSOLUTE
    _printf_llx                              0x00000000   Number         0  stubs.o ABSOLUTE
    _printf_longlong_dec                     0x00000000   Number         0  stubs.o ABSOLUTE
    _printf_longlong_hex                     0x00000000   Number         0  stubs.o ABSOLUTE
    _printf_longlong_oct                     0x00000000   Number         0  stubs.o ABSOLUTE
    _printf_ls                               0x00000000   Number         0  stubs.o ABSOLUTE
    _printf_mbtowc                           0x00000000   Number         0  stubs.o ABSOLUTE
    _printf_n                                0x00000000   Number         0  stubs.o ABSOLUTE
    _printf_o                                0x00000000   Number         0  stubs.o ABSOLUTE
    _printf_p                                0x00000000   Number         0  stubs.o ABSOLUTE
    _printf_percent                          0x00000000   Number         0  stubs.o ABSOLUTE
    _printf_pre_padding                      0x00000000   Number         0  stubs.o ABSOLUTE
    _printf_return_value                     0x00000000   Number         0  stubs.o ABSOLUTE
    _printf_s                                0x00000000   Number         0  stubs.o ABSOLUTE
    _printf_sizespec                         0x00000000   Number         0  stubs.o ABSOLUTE
    _printf_str                              0x00000000   Number         0  stubs.o ABSOLUTE
    _printf_truncate_signed                  0x00000000   Number         0  stubs.o ABSOLUTE
    _printf_truncate_unsigned                0x00000000   Number         0  stubs.o ABSOLUTE
    _printf_u                                0x00000000   Number         0  stubs.o ABSOLUTE
    _printf_wc                               0x00000000   Number         0  stubs.o ABSOLUTE
    _printf_wctomb                           0x00000000   Number         0  stubs.o ABSOLUTE
    _printf_widthprec                        0x00000000   Number         0  stubs.o ABSOLUTE
    _printf_x                                0x00000000   Number         0  stubs.o ABSOLUTE
    __cpp_initialize__aeabi_                  - Undefined Weak Reference
    __cxa_finalize                            - Undefined Weak Reference
    _clock_init                               - Undefined Weak Reference
    _microlib_exit                            - Undefined Weak Reference
    __Vectors_Size                           0x000000ec   Number         0  startup_stm32f103xb.o ABSOLUTE
    __Vectors                                0x08000000   Data           4  startup_stm32f103xb.o(RESET)
    __Vectors_End                            0x080000ec   Data           0  startup_stm32f103xb.o(RESET)
    __main                                   0x080000ed   Thumb Code     0  entry.o(.ARM.Collect$$$$00000000)
    _main_stk                                0x080000ed   Thumb Code     0  entry2.o(.ARM.Collect$$$$00000001)
    _main_scatterload                        0x080000f1   Thumb Code     0  entry5.o(.ARM.Collect$$$$00000004)
    __main_after_scatterload                 0x080000f5   Thumb Code     0  entry5.o(.ARM.Collect$$$$00000004)
    _main_clock                              0x080000f5   Thumb Code     0  entry7b.o(.ARM.Collect$$$$00000008)
    _main_cpp_init                           0x080000f5   Thumb Code     0  entry8b.o(.ARM.Collect$$$$0000000A)
    _main_init                               0x080000f5   Thumb Code     0  entry9a.o(.ARM.Collect$$$$0000000B)
    __rt_final_cpp                           0x080000fd   Thumb Code     0  entry10a.o(.ARM.Collect$$$$0000000D)
    __rt_final_exit                          0x080000fd   Thumb Code     0  entry11a.o(.ARM.Collect$$$$0000000F)
    Reset_Handler                            0x08000101   Thumb Code     8  startup_stm32f103xb.o(.text)
    ADC1_2_IRQHandler                        0x0800011b   Thumb Code     0  startup_stm32f103xb.o(.text)
    CAN1_RX1_IRQHandler                      0x0800011b   Thumb Code     0  startup_stm32f103xb.o(.text)
    CAN1_SCE_IRQHandler                      0x0800011b   Thumb Code     0  startup_stm32f103xb.o(.text)
    DMA1_Channel1_IRQHandler                 0x0800011b   Thumb Code     0  startup_stm32f103xb.o(.text)
    DMA1_Channel2_IRQHandler                 0x0800011b   Thumb Code     0  startup_stm32f103xb.o(.text)
    DMA1_Channel3_IRQHandler                 0x0800011b   Thumb Code     0  startup_stm32f103xb.o(.text)
    DMA1_Channel4_IRQHandler                 0x0800011b   Thumb Code     0  startup_stm32f103xb.o(.text)
    DMA1_Channel5_IRQHandler                 0x0800011b   Thumb Code     0  startup_stm32f103xb.o(.text)
    DMA1_Channel6_IRQHandler                 0x0800011b   Thumb Code     0  startup_stm32f103xb.o(.text)
    DMA1_Channel7_IRQHandler                 0x0800011b   Thumb Code     0  startup_stm32f103xb.o(.text)
    EXTI0_IRQHandler                         0x0800011b   Thumb Code     0  startup_stm32f103xb.o(.text)
    EXTI15_10_IRQHandler                     0x0800011b   Thumb Code     0  startup_stm32f103xb.o(.text)
    EXTI1_IRQHandler                         0x0800011b   Thumb Code     0  startup_stm32f103xb.o(.text)
    EXTI3_IRQHandler                         0x0800011b   Thumb Code     0  startup_stm32f103xb.o(.text)
    EXTI4_IRQHandler                         0x0800011b   Thumb Code     0  startup_stm32f103xb.o(.text)
    EXTI9_5_IRQHandler                       0x0800011b   Thumb Code     0  startup_stm32f103xb.o(.text)
    FLASH_IRQHandler                         0x0800011b   Thumb Code     0  startup_stm32f103xb.o(.text)
    I2C1_ER_IRQHandler                       0x0800011b   Thumb Code     0  startup_stm32f103xb.o(.text)
    I2C1_EV_IRQHandler                       0x0800011b   Thumb Code     0  startup_stm32f103xb.o(.text)
    I2C2_ER_IRQHandler                       0x0800011b   Thumb Code     0  startup_stm32f103xb.o(.text)
    I2C2_EV_IRQHandler                       0x0800011b   Thumb Code     0  startup_stm32f103xb.o(.text)
    PVD_IRQHandler                           0x0800011b   Thumb Code     0  startup_stm32f103xb.o(.text)
    RCC_IRQHandler                           0x0800011b   Thumb Code     0  startup_stm32f103xb.o(.text)
    RTC_Alarm_IRQHandler                     0x0800011b   Thumb Code     0  startup_stm32f103xb.o(.text)
    RTC_IRQHandler                           0x0800011b   Thumb Code     0  startup_stm32f103xb.o(.text)
    SPI1_IRQHandler                          0x0800011b   Thumb Code     0  startup_stm32f103xb.o(.text)
    SPI2_IRQHandler                          0x0800011b   Thumb Code     0  startup_stm32f103xb.o(.text)
    TAMPER_IRQHandler                        0x0800011b   Thumb Code     0  startup_stm32f103xb.o(.text)
    TIM1_BRK_IRQHandler                      0x0800011b   Thumb Code     0  startup_stm32f103xb.o(.text)
    TIM1_CC_IRQHandler                       0x0800011b   Thumb Code     0  startup_stm32f103xb.o(.text)
    TIM1_TRG_COM_IRQHandler                  0x0800011b   Thumb Code     0  startup_stm32f103xb.o(.text)
    TIM1_UP_IRQHandler                       0x0800011b   Thumb Code     0  startup_stm32f103xb.o(.text)
    TIM2_IRQHandler                          0x0800011b   Thumb Code     0  startup_stm32f103xb.o(.text)
    TIM4_IRQHandler                          0x0800011b   Thumb Code     0  startup_stm32f103xb.o(.text)
    USART1_IRQHandler                        0x0800011b   Thumb Code     0  startup_stm32f103xb.o(.text)
    USART2_IRQHandler                        0x0800011b   Thumb Code     0  startup_stm32f103xb.o(.text)
    USBWakeUp_IRQHandler                     0x0800011b   Thumb Code     0  startup_stm32f103xb.o(.text)
    USB_HP_CAN1_TX_IRQHandler                0x0800011b   Thumb Code     0  startup_stm32f103xb.o(.text)
    USB_LP_CAN1_RX0_IRQHandler               0x0800011b   Thumb Code     0  startup_stm32f103xb.o(.text)
    WWDG_IRQHandler                          0x0800011b   Thumb Code     0  startup_stm32f103xb.o(.text)
    __aeabi_llsr                             0x08000125   Thumb Code    32  llushr.o(.text)
    _ll_ushift_r                             0x08000125   Thumb Code     0  llushr.o(.text)
    __aeabi_memset                           0x08000145   Thumb Code    14  memseta.o(.text)
    __aeabi_memset4                          0x08000145   Thumb Code     0  memseta.o(.text)
    __aeabi_memset8                          0x08000145   Thumb Code     0  memseta.o(.text)
    __aeabi_memclr                           0x08000153   Thumb Code     4  memseta.o(.text)
    __aeabi_memclr4                          0x08000153   Thumb Code     0  memseta.o(.text)
    __aeabi_memclr8                          0x08000153   Thumb Code     0  memseta.o(.text)
    _memset$wrapper                          0x08000157   Thumb Code    18  memseta.o(.text)
    strcmp                                   0x08000169   Thumb Code    28  strcmp.o(.text)
    memcmp                                   0x08000185   Thumb Code    26  memcmp.o(.text)
    strtok                                   0x080001a1   Thumb Code    62  strtok.o(.text)
    atoi                                     0x080001e5   Thumb Code    26  atoi.o(.text)
    __aeabi_fadd                             0x080001ff   Thumb Code   164  fadd.o(.text)
    __aeabi_fsub                             0x080002a3   Thumb Code     6  fadd.o(.text)
    __aeabi_frsub                            0x080002a9   Thumb Code     6  fadd.o(.text)
    __aeabi_fmul                             0x080002af   Thumb Code   100  fmul.o(.text)
    __aeabi_fdiv                             0x08000313   Thumb Code   124  fdiv.o(.text)
    __aeabi_dadd                             0x0800038f   Thumb Code   322  dadd.o(.text)
    __aeabi_dsub                             0x080004d1   Thumb Code     6  dadd.o(.text)
    __aeabi_drsub                            0x080004d7   Thumb Code     6  dadd.o(.text)
    __aeabi_dmul                             0x080004dd   Thumb Code   228  dmul.o(.text)
    __aeabi_ddiv                             0x080005c1   Thumb Code   222  ddiv.o(.text)
    __aeabi_i2f                              0x0800069f   Thumb Code    18  fflti.o(.text)
    __aeabi_ui2f                             0x080006b1   Thumb Code    10  ffltui.o(.text)
    __aeabi_i2d                              0x080006bb   Thumb Code    34  dflti.o(.text)
    __aeabi_ui2d                             0x080006dd   Thumb Code    26  dfltui.o(.text)
    __aeabi_f2iz                             0x080006f7   Thumb Code    50  ffixi.o(.text)
    __aeabi_f2uiz                            0x08000729   Thumb Code    40  ffixui.o(.text)
    __aeabi_f2d                              0x08000751   Thumb Code    38  f2d.o(.text)
    __aeabi_d2f                              0x08000777   Thumb Code    56  d2f.o(.text)
    __aeabi_cfcmpeq                          0x080007b1   Thumb Code     0  cfcmple.o(.text)
    __aeabi_cfcmple                          0x080007b1   Thumb Code    20  cfcmple.o(.text)
    __aeabi_cfrcmple                         0x080007c5   Thumb Code    20  cfrcmple.o(.text)
    __aeabi_llsl                             0x080007d9   Thumb Code    30  llshl.o(.text)
    _ll_shift_l                              0x080007d9   Thumb Code     0  llshl.o(.text)
    __aeabi_lasr                             0x080007f7   Thumb Code    36  llsshr.o(.text)
    _ll_sshift_r                             0x080007f7   Thumb Code     0  llsshr.o(.text)
    __strtod_int                             0x08000853   Thumb Code    90  strtod.o(.text)
    strtol                                   0x080008b9   Thumb Code   112  strtol.o(.text)
    __I$use$fp                               0x08000929   Thumb Code     0  iusefp.o(.text)
    _float_round                             0x08000929   Thumb Code    18  fepilogue.o(.text)
    _float_epilogue                          0x0800093b   Thumb Code    92  fepilogue.o(.text)
    __ARM_scalbnf                            0x08000997   Thumb Code    24  fscalb.o(.text)
    scalbnf                                  0x08000997   Thumb Code     0  fscalb.o(.text)
    _double_round                            0x080009af   Thumb Code    30  depilogue.o(.text)
    _double_epilogue                         0x080009cd   Thumb Code   156  depilogue.o(.text)
    __scatterload                            0x08000a69   Thumb Code    28  init.o(.text)
    __scatterload_rt2                        0x08000a69   Thumb Code     0  init.o(.text)
    __rt_ctype_table                         0x08000a8d   Thumb Code     4  ctype_o.o(.text)
    isspace                                  0x08000a95   Thumb Code    18  isspace_o.o(.text)
    _scanf_real                              0x08000bd1   Thumb Code     0  scanf_fp.o(.text)
    _scanf_really_real                       0x08000bd1   Thumb Code   556  scanf_fp.o(.text)
    _sgetc                                   0x08000e09   Thumb Code    30  _sgetc.o(.text)
    _sbackspace                              0x08000e27   Thumb Code    34  _sgetc.o(.text)
    _strtoul                                 0x08000e49   Thumb Code   158  _strtoul.o(.text)
    _fsqrt                                   0x08000ee7   Thumb Code    94  fsqrt.o(.text)
    __ARM_scalbn                             0x08000f45   Thumb Code    46  dscalb.o(.text)
    scalbn                                   0x08000f45   Thumb Code     0  dscalb.o(.text)
    _chval                                   0x08000f73   Thumb Code    28  _chval.o(.text)
    __aeabi_ul2d                             0x08000f8f   Thumb Code    24  dfltul.o(.text)
    __decompress                             0x08000fa7   Thumb Code     0  __dczerorl.o(.text)
    __decompress0                            0x08000fa7   Thumb Code    58  __dczerorl.o(.text)
    BusFault_Handler                         0x08000fe1   Thumb Code     4  stm32f1xx_it.o(i.BusFault_Handler)
    Control                                  0x08000fe5   Thumb Code   214  main.o(i.Control)
    DWT_Init                                 0x080010dd   Thumb Code    30  main.o(i.DWT_Init)
    DebugMon_Handler                         0x08001105   Thumb Code     2  stm32f1xx_it.o(i.DebugMon_Handler)
    EXTI2_IRQHandler                         0x08001107   Thumb Code    10  stm32f1xx_it.o(i.EXTI2_IRQHandler)
    Error_Handler                            0x08001111   Thumb Code     6  main.o(i.Error_Handler)
    HAL_DMA_Abort                            0x08001117   Thumb Code    86  stm32f1xx_hal_dma.o(i.HAL_DMA_Abort)
    HAL_DMA_Abort_IT                         0x0800116d   Thumb Code   172  stm32f1xx_hal_dma.o(i.HAL_DMA_Abort_IT)
    HAL_Delay                                0x0800121d   Thumb Code    36  stm32f1xx_hal.o(i.HAL_Delay)
    HAL_Delay_us                             0x08001245   Thumb Code    40  sr04.o(i.HAL_Delay_us)
    HAL_GPIO_EXTI_Callback                   0x08001271   Thumb Code    92  sr04.o(i.HAL_GPIO_EXTI_Callback)
    HAL_GPIO_EXTI_IRQHandler                 0x080012e9   Thumb Code    24  stm32f1xx_hal_gpio.o(i.HAL_GPIO_EXTI_IRQHandler)
    HAL_GPIO_Init                            0x08001305   Thumb Code   766  stm32f1xx_hal_gpio.o(i.HAL_GPIO_Init)
    HAL_GPIO_ReadPin                         0x08001625   Thumb Code    16  stm32f1xx_hal_gpio.o(i.HAL_GPIO_ReadPin)
    HAL_GPIO_WritePin                        0x08001635   Thumb Code    12  stm32f1xx_hal_gpio.o(i.HAL_GPIO_WritePin)
    HAL_GetTick                              0x08001641   Thumb Code     6  stm32f1xx_hal.o(i.HAL_GetTick)
    HAL_I2C_Init                             0x0800164d   Thumb Code   446  stm32f1xx_hal_i2c.o(i.HAL_I2C_Init)
    HAL_I2C_Mem_Write                        0x0800181d   Thumb Code   348  stm32f1xx_hal_i2c.o(i.HAL_I2C_Mem_Write)
    HAL_I2C_MspInit                          0x08001981   Thumb Code   124  i2c.o(i.HAL_I2C_MspInit)
    HAL_IncTick                              0x08001a0d   Thumb Code    16  stm32f1xx_hal.o(i.HAL_IncTick)
    HAL_Init                                 0x08001a25   Thumb Code    34  stm32f1xx_hal.o(i.HAL_Init)
    HAL_InitTick                             0x08001a4d   Thumb Code    64  stm32f1xx_hal.o(i.HAL_InitTick)
    HAL_MspInit                              0x08001a99   Thumb Code    76  stm32f1xx_hal_msp.o(i.HAL_MspInit)
    HAL_NVIC_EnableIRQ                       0x08001aed   Thumb Code    32  stm32f1xx_hal_cortex.o(i.HAL_NVIC_EnableIRQ)
    HAL_NVIC_SetPriority                     0x08001b0d   Thumb Code   124  stm32f1xx_hal_cortex.o(i.HAL_NVIC_SetPriority)
    HAL_NVIC_SetPriorityGrouping             0x08001b89   Thumb Code    32  stm32f1xx_hal_cortex.o(i.HAL_NVIC_SetPriorityGrouping)
    HAL_RCC_ClockConfig                      0x08001bb1   Thumb Code   376  stm32f1xx_hal_rcc.o(i.HAL_RCC_ClockConfig)
    HAL_RCC_GetHCLKFreq                      0x08001d3d   Thumb Code     6  stm32f1xx_hal_rcc.o(i.HAL_RCC_GetHCLKFreq)
    HAL_RCC_GetPCLK1Freq                     0x08001d49   Thumb Code    22  stm32f1xx_hal_rcc.o(i.HAL_RCC_GetPCLK1Freq)
    HAL_RCC_GetPCLK2Freq                     0x08001d69   Thumb Code    22  stm32f1xx_hal_rcc.o(i.HAL_RCC_GetPCLK2Freq)
    HAL_RCC_GetSysClockFreq                  0x08001d89   Thumb Code    92  stm32f1xx_hal_rcc.o(i.HAL_RCC_GetSysClockFreq)
    HAL_RCC_OscConfig                        0x08001df9   Thumb Code  1114  stm32f1xx_hal_rcc.o(i.HAL_RCC_OscConfig)
    HAL_SYSTICK_Config                       0x0800225d   Thumb Code    52  stm32f1xx_hal_cortex.o(i.HAL_SYSTICK_Config)
    HAL_TIMEx_BreakCallback                  0x08002291   Thumb Code     2  stm32f1xx_hal_tim_ex.o(i.HAL_TIMEx_BreakCallback)
    HAL_TIMEx_CommutCallback                 0x08002293   Thumb Code     2  stm32f1xx_hal_tim_ex.o(i.HAL_TIMEx_CommutCallback)
    HAL_TIMEx_ConfigBreakDeadTime            0x08002295   Thumb Code   116  stm32f1xx_hal_tim_ex.o(i.HAL_TIMEx_ConfigBreakDeadTime)
    HAL_TIMEx_MasterConfigSynchronization    0x08002309   Thumb Code   118  stm32f1xx_hal_tim_ex.o(i.HAL_TIMEx_MasterConfigSynchronization)
    HAL_TIM_Base_Init                        0x0800238d   Thumb Code   102  stm32f1xx_hal_tim.o(i.HAL_TIM_Base_Init)
    HAL_TIM_Base_MspInit                     0x080023f5   Thumb Code    58  tim.o(i.HAL_TIM_Base_MspInit)
    HAL_TIM_Base_Start                       0x08002439   Thumb Code    94  stm32f1xx_hal_tim.o(i.HAL_TIM_Base_Start)
    HAL_TIM_Base_Start_IT                    0x080024a5   Thumb Code   106  stm32f1xx_hal_tim.o(i.HAL_TIM_Base_Start_IT)
    HAL_TIM_Base_Stop                        0x0800251d   Thumb Code    50  stm32f1xx_hal_tim.o(i.HAL_TIM_Base_Stop)
    HAL_TIM_ConfigClockSource                0x0800254f   Thumb Code   268  stm32f1xx_hal_tim.o(i.HAL_TIM_ConfigClockSource)
    HAL_TIM_Encoder_Init                     0x0800265b   Thumb Code   196  stm32f1xx_hal_tim.o(i.HAL_TIM_Encoder_Init)
    HAL_TIM_Encoder_MspInit                  0x08002721   Thumb Code   182  tim.o(i.HAL_TIM_Encoder_MspInit)
    HAL_TIM_Encoder_Start                    0x080027e9   Thumb Code   204  stm32f1xx_hal_tim.o(i.HAL_TIM_Encoder_Start)
    HAL_TIM_IC_CaptureCallback               0x080028b5   Thumb Code     2  stm32f1xx_hal_tim.o(i.HAL_TIM_IC_CaptureCallback)
    HAL_TIM_IRQHandler                       0x080028b7   Thumb Code   364  stm32f1xx_hal_tim.o(i.HAL_TIM_IRQHandler)
    HAL_TIM_MspPostInit                      0x08002a25   Thumb Code    76  tim.o(i.HAL_TIM_MspPostInit)
    HAL_TIM_OC_DelayElapsedCallback          0x08002a7d   Thumb Code     2  stm32f1xx_hal_tim.o(i.HAL_TIM_OC_DelayElapsedCallback)
    HAL_TIM_PWM_ConfigChannel                0x08002a7f   Thumb Code   260  stm32f1xx_hal_tim.o(i.HAL_TIM_PWM_ConfigChannel)
    HAL_TIM_PWM_Init                         0x08002b83   Thumb Code   102  stm32f1xx_hal_tim.o(i.HAL_TIM_PWM_Init)
    HAL_TIM_PWM_MspInit                      0x08002be9   Thumb Code    40  tim.o(i.HAL_TIM_PWM_MspInit)
    HAL_TIM_PWM_PulseFinishedCallback        0x08002c19   Thumb Code     2  stm32f1xx_hal_tim.o(i.HAL_TIM_PWM_PulseFinishedCallback)
    HAL_TIM_PWM_Start                        0x08002c1d   Thumb Code   198  stm32f1xx_hal_tim.o(i.HAL_TIM_PWM_Start)
    HAL_TIM_PeriodElapsedCallback            0x08002cf1   Thumb Code    24  main.o(i.HAL_TIM_PeriodElapsedCallback)
    HAL_TIM_TriggerCallback                  0x08002d11   Thumb Code     2  stm32f1xx_hal_tim.o(i.HAL_TIM_TriggerCallback)
    HAL_UARTEx_RxEventCallback               0x08002d13   Thumb Code     2  stm32f1xx_hal_uart.o(i.HAL_UARTEx_RxEventCallback)
    HAL_UART_ErrorCallback                   0x08002d15   Thumb Code     2  stm32f1xx_hal_uart.o(i.HAL_UART_ErrorCallback)
    HAL_UART_IRQHandler                      0x08002d19   Thumb Code   736  stm32f1xx_hal_uart.o(i.HAL_UART_IRQHandler)
    HAL_UART_Init                            0x08002ffd   Thumb Code   118  stm32f1xx_hal_uart.o(i.HAL_UART_Init)
    HAL_UART_MspInit                         0x08003075   Thumb Code   138  usart.o(i.HAL_UART_MspInit)
    HAL_UART_Receive_IT                      0x0800310d   Thumb Code    44  stm32f1xx_hal_uart.o(i.HAL_UART_Receive_IT)
    HAL_UART_RxCpltCallback                  0x08003139   Thumb Code   118  main.o(i.HAL_UART_RxCpltCallback)
    HAL_UART_TxCpltCallback                  0x080031cd   Thumb Code     2  stm32f1xx_hal_uart.o(i.HAL_UART_TxCpltCallback)
    HardFault_Handler                        0x080031cf   Thumb Code     4  stm32f1xx_it.o(i.HardFault_Handler)
    IIC_Init                                 0x08003575   Thumb Code    28  myi2c.o(i.IIC_Init)
    IIC_R_SDA                                0x08003591   Thumb Code    22  myi2c.o(i.IIC_R_SDA)
    IIC_ReceiveAck                           0x080035ad   Thumb Code    30  myi2c.o(i.IIC_ReceiveAck)
    IIC_ReceiveByte                          0x080035cb   Thumb Code    50  myi2c.o(i.IIC_ReceiveByte)
    IIC_SendAck                              0x080035fd   Thumb Code    24  myi2c.o(i.IIC_SendAck)
    IIC_SendByte                             0x08003615   Thumb Code    50  myi2c.o(i.IIC_SendByte)
    IIC_Start                                0x08003647   Thumb Code    28  myi2c.o(i.IIC_Start)
    IIC_Stop                                 0x08003663   Thumb Code    22  myi2c.o(i.IIC_Stop)
    IIC_W_SCL                                0x08003679   Thumb Code    16  myi2c.o(i.IIC_W_SCL)
    IIC_W_SDA                                0x0800368d   Thumb Code    16  myi2c.o(i.IIC_W_SDA)
    Kalman_Init                              0x080036a1   Thumb Code    36  mpu6050.o(i.Kalman_Init)
    Kalman_Predict                           0x080036d1   Thumb Code   136  mpu6050.o(i.Kalman_Predict)
    Kalman_Update                            0x08003759   Thumb Code   176  mpu6050.o(i.Kalman_Update)
    Load                                     0x08003809   Thumb Code   140  motor.o(i.Load)
    MPU6050_DMP_Init                         0x0800389d   Thumb Code    96  mpu6050.o(i.MPU6050_DMP_Init)
    MPU6050_GetPitch                         0x080038fd   Thumb Code     6  mpu6050.o(i.MPU6050_GetPitch)
    MPU6050_Init                             0x08003909   Thumb Code    62  mpu6050.o(i.MPU6050_Init)
    MPU6050_Mode_Update                      0x08003949   Thumb Code    40  mpu6050.o(i.MPU6050_Mode_Update)
    MPU6050_Proc_Complementary               0x08003975   Thumb Code   376  mpu6050.o(i.MPU6050_Proc_Complementary)
    MPU6050_Proc_Kalman                      0x08003b25   Thumb Code   380  mpu6050.o(i.MPU6050_Proc_Kalman)
    MPU6050_ReadRegs                         0x08003cf1   Thumb Code    94  mpu6050.o(i.MPU6050_ReadRegs)
    MPU6050_SetMode                          0x08003d51   Thumb Code    60  mpu6050.o(i.MPU6050_SetMode)
    MPU6050_UpDate                           0x08003d91   Thumb Code   214  mpu6050.o(i.MPU6050_UpDate)
    MPU6050_WriteReg                         0x08004035   Thumb Code    46  mpu6050.o(i.MPU6050_WriteReg)
    MX_GPIO_Init                             0x08004065   Thumb Code   302  gpio.o(i.MX_GPIO_Init)
    MX_I2C1_Init                             0x080041a9   Thumb Code    48  i2c.o(i.MX_I2C1_Init)
    MX_TIM1_Init                             0x080041e5   Thumb Code   182  tim.o(i.MX_TIM1_Init)
    MX_TIM2_Init                             0x080042a5   Thumb Code   116  tim.o(i.MX_TIM2_Init)
    MX_TIM3_Init                             0x0800431d   Thumb Code   102  tim.o(i.MX_TIM3_Init)
    MX_TIM4_Init                             0x0800438d   Thumb Code   114  tim.o(i.MX_TIM4_Init)
    MX_USART3_UART_Init                      0x08004409   Thumb Code    46  usart.o(i.MX_USART3_UART_Init)
    MemManage_Handler                        0x08004441   Thumb Code     4  stm32f1xx_it.o(i.MemManage_Handler)
    NMI_Handler                              0x08004445   Thumb Code     4  stm32f1xx_it.o(i.NMI_Handler)
    OLED_Clear                               0x08004449   Thumb Code    56  oled.o(i.OLED_Clear)
    OLED_Init                                0x08004481   Thumb Code    26  oled.o(i.OLED_Init)
    OLED_WR_CMD                              0x080044a1   Thumb Code    16  oled.o(i.OLED_WR_CMD)
    OLED_WR_DATA                             0x080044b1   Thumb Code    16  oled.o(i.OLED_WR_DATA)
    PID_Calculate                            0x080044c1   Thumb Code   166  pid.o(i.PID_Calculate)
    PID_Init                                 0x08004567   Thumb Code    14  pid.o(i.PID_Init)
    PendSV_Handler                           0x08004575   Thumb Code     2  stm32f1xx_it.o(i.PendSV_Handler)
    SVC_Handler                              0x080045a1   Thumb Code     2  stm32f1xx_it.o(i.SVC_Handler)
    Set_params                               0x080045a5   Thumb Code   356  main.o(i.Set_params)
    SysTick_Handler                          0x08004781   Thumb Code     8  stm32f1xx_it.o(i.SysTick_Handler)
    SystemClock_Config                       0x08004789   Thumb Code   102  main.o(i.SystemClock_Config)
    SystemInit                               0x080047ef   Thumb Code     2  system_stm32f1xx.o(i.SystemInit)
    TIM3_IRQHandler                          0x080047f1   Thumb Code    10  stm32f1xx_it.o(i.TIM3_IRQHandler)
    TIM_Base_SetConfig                       0x08004801   Thumb Code   120  stm32f1xx_hal_tim.o(i.TIM_Base_SetConfig)
    TIM_CCxChannelCmd                        0x08004885   Thumb Code    34  stm32f1xx_hal_tim.o(i.TIM_CCxChannelCmd)
    TIM_ETR_SetConfig                        0x080048a7   Thumb Code    22  stm32f1xx_hal_tim.o(i.TIM_ETR_SetConfig)
    TIM_OC2_SetConfig                        0x08004931   Thumb Code   100  stm32f1xx_hal_tim.o(i.TIM_OC2_SetConfig)
    UART_Start_Receive_IT                    0x08004d31   Thumb Code    64  stm32f1xx_hal_uart.o(i.UART_Start_Receive_IT)
    USART3_IRQHandler                        0x08004dd1   Thumb Code    10  stm32f1xx_it.o(i.USART3_IRQHandler)
    UsageFault_Handler                       0x08004de1   Thumb Code     4  stm32f1xx_it.o(i.UsageFault_Handler)
    __ARM_fpclassify                         0x08004de5   Thumb Code    40  fpclassify.o(i.__ARM_fpclassify)
    __ARM_fpclassifyf                        0x08004e0d   Thumb Code    38  fpclassifyf.o(i.__ARM_fpclassifyf)
    __aeabi_errno_addr                       0x08004e6d   Thumb Code     4  errno.o(i.__aeabi_errno_addr)
    __rt_errno_addr                          0x08004e6d   Thumb Code     0  errno.o(i.__aeabi_errno_addr)
    __kernel_poly                            0x08004e75   Thumb Code   170  poly.o(i.__kernel_poly)
    __mathlib_dbl_infnan                     0x08004f1f   Thumb Code     6  dunder.o(i.__mathlib_dbl_infnan)
    __mathlib_dbl_infnan2                    0x08004f25   Thumb Code     4  dunder.o(i.__mathlib_dbl_infnan2)
    __mathlib_dbl_underflow                  0x08004f29   Thumb Code    10  dunder.o(i.__mathlib_dbl_underflow)
    __mathlib_flt_infnan                     0x08004f39   Thumb Code     6  funder.o(i.__mathlib_flt_infnan)
    __mathlib_flt_infnan2                    0x08004f3f   Thumb Code     4  funder.o(i.__mathlib_flt_infnan2)
    __mathlib_flt_invalid                    0x08004f43   Thumb Code     8  funder.o(i.__mathlib_flt_invalid)
    __mathlib_flt_underflow                  0x08004f4b   Thumb Code    10  funder.o(i.__mathlib_flt_underflow)
    __read_errno                             0x08004f55   Thumb Code     6  errno.o(i.__read_errno)
    __scatterload_copy                       0x08004f61   Thumb Code    14  handlers.o(i.__scatterload_copy)
    __scatterload_null                       0x08004f6f   Thumb Code     2  handlers.o(i.__scatterload_null)
    __scatterload_zeroinit                   0x08004f71   Thumb Code    14  handlers.o(i.__scatterload_zeroinit)
    __set_errno                              0x08004f81   Thumb Code     6  errno.o(i.__set_errno)
    _is_digit                                0x08004f8d   Thumb Code    14  scanf_fp.o(i._is_digit)
    asinf                                    0x08004f9d   Thumb Code   254  asinf.o(i.asinf)
    atan                                     0x080050c1   Thumb Code   474  atan.o(i.atan)
    atan2                                    0x080052e1   Thumb Code   346  atan2.o(i.atan2)
    atan2f                                   0x08005461   Thumb Code   528  atan2f.o(i.atan2f)
    atof                                     0x080056bd   Thumb Code    42  atof.o(i.atof)
    dmp_enable_6x_lp_quat                    0x0800574d   Thumb Code    60  inv_mpu_dmp_motion_driver.o(i.dmp_enable_6x_lp_quat)
    dmp_enable_feature                       0x08005789   Thumb Code   530  inv_mpu_dmp_motion_driver.o(i.dmp_enable_feature)
    dmp_enable_gyro_cal                      0x080059a5   Thumb Code    62  inv_mpu_dmp_motion_driver.o(i.dmp_enable_gyro_cal)
    dmp_enable_lp_quat                       0x080059fd   Thumb Code    60  inv_mpu_dmp_motion_driver.o(i.dmp_enable_lp_quat)
    dmp_load_motion_driver_firmware          0x08005a39   Thumb Code    20  inv_mpu_dmp_motion_driver.o(i.dmp_load_motion_driver_firmware)
    dmp_read_fifo                            0x08005a51   Thumb Code   462  inv_mpu_dmp_motion_driver.o(i.dmp_read_fifo)
    dmp_set_fifo_rate                        0x08005c25   Thumb Code    96  inv_mpu_dmp_motion_driver.o(i.dmp_set_fifo_rate)
    dmp_set_orientation                      0x08005c95   Thumb Code   290  inv_mpu_dmp_motion_driver.o(i.dmp_set_orientation)
    dmp_set_shake_reject_thresh              0x08005dcd   Thumb Code    56  inv_mpu_dmp_motion_driver.o(i.dmp_set_shake_reject_thresh)
    dmp_set_shake_reject_time                0x08005e05   Thumb Code    38  inv_mpu_dmp_motion_driver.o(i.dmp_set_shake_reject_time)
    dmp_set_shake_reject_timeout             0x08005e2b   Thumb Code    38  inv_mpu_dmp_motion_driver.o(i.dmp_set_shake_reject_timeout)
    dmp_set_tap_axes                         0x08005e51   Thumb Code    70  inv_mpu_dmp_motion_driver.o(i.dmp_set_tap_axes)
    dmp_set_tap_count                        0x08005e97   Thumb Code    38  inv_mpu_dmp_motion_driver.o(i.dmp_set_tap_count)
    dmp_set_tap_thresh                       0x08005ebd   Thumb Code   396  inv_mpu_dmp_motion_driver.o(i.dmp_set_tap_thresh)
    dmp_set_tap_time                         0x0800605d   Thumb Code    38  inv_mpu_dmp_motion_driver.o(i.dmp_set_tap_time)
    dmp_set_tap_time_multi                   0x08006083   Thumb Code    38  inv_mpu_dmp_motion_driver.o(i.dmp_set_tap_time_multi)
    i2c_write_byte                           0x08006189   Thumb Code    36  i2c_bus.o(i.i2c_write_byte)
    main                                     0x080061b1   Thumb Code   160  main.o(i.main)
    mpu_configure_fifo                       0x08006275   Thumb Code   106  inv_mpu.o(i.mpu_configure_fifo)
    mpu_get_accel_fsr                        0x080062e5   Thumb Code    72  inv_mpu.o(i.mpu_get_accel_fsr)
    mpu_init                                 0x08006331   Thumb Code   248  inv_mpu.o(i.mpu_init)
    mpu_load_firmware                        0x0800642d   Thumb Code   180  inv_mpu.o(i.mpu_load_firmware)
    mpu_lp_accel_mode                        0x080064e5   Thumb Code   218  inv_mpu.o(i.mpu_lp_accel_mode)
    mpu_read_fifo_stream                     0x080065c5   Thumb Code   186  inv_mpu.o(i.mpu_read_fifo_stream)
    mpu_read_mem                             0x08006685   Thumb Code   122  inv_mpu.o(i.mpu_read_mem)
    mpu_reset_fifo                           0x08006705   Thumb Code   450  inv_mpu.o(i.mpu_reset_fifo)
    mpu_set_accel_fsr                        0x080068cd   Thumb Code   126  inv_mpu.o(i.mpu_set_accel_fsr)
    mpu_set_bypass                           0x08006951   Thumb Code   328  inv_mpu.o(i.mpu_set_bypass)
    mpu_set_dmp_state                        0x08006a9d   Thumb Code   138  inv_mpu.o(i.mpu_set_dmp_state)
    mpu_set_gyro_fsr                         0x08006b2d   Thumb Code   132  inv_mpu.o(i.mpu_set_gyro_fsr)
    mpu_set_int_latched                      0x08006bb5   Thumb Code   102  inv_mpu.o(i.mpu_set_int_latched)
    mpu_set_lpf                              0x08006c21   Thumb Code   126  inv_mpu.o(i.mpu_set_lpf)
    mpu_set_sample_rate                      0x08006ca5   Thumb Code   152  inv_mpu.o(i.mpu_set_sample_rate)
    mpu_set_sensors                          0x08006d41   Thumb Code   202  inv_mpu.o(i.mpu_set_sensors)
    mpu_write_mem                            0x08006e11   Thumb Code   122  inv_mpu.o(i.mpu_write_mem)
    sqrtf                                    0x08006f21   Thumb Code    44  sqrtf.o(i.sqrtf)
    reg                                      0x08006f4c   Data          30  inv_mpu.o(.constdata)
    hw                                       0x08006f6a   Data          12  inv_mpu.o(.constdata)
    test                                     0x08006f78   Data          40  inv_mpu.o(.constdata)
    AHBPrescTable                            0x08007ba8   Data          16  system_stm32f1xx.o(.constdata)
    APBPrescTable                            0x08007bb8   Data           8  system_stm32f1xx.o(.constdata)
    __mathlib_zero                           0x08007c58   Data           8  qnan.o(.constdata)
    __ctype_table                            0x08007c60   Data         129  ctype_o.o(.constdata)
    Region$$Table$$Base                      0x08007ce8   Number         0  anon$$obj.o(Region$$Table)
    Region$$Table$$Limit                     0x08007d08   Number         0  anon$$obj.o(Region$$Table)
    CMD_Data                                 0x20000000   Data          23  oled.o(.data)
    a                                        0x20000040   Data           4  mpu6050.o(.data)
    count                                    0x20000058   Data           2  sr04.o(.data)
    distance                                 0x2000005c   Data           4  sr04.o(.data)
    ID                                       0x200000b4   Data           1  main.o(.data)
    AX                                       0x200000b6   Data           2  main.o(.data)
    AY                                       0x200000b8   Data           2  main.o(.data)
    AZ                                       0x200000ba   Data           2  main.o(.data)
    GX                                       0x200000bc   Data           2  main.o(.data)
    GY                                       0x200000be   Data           2  main.o(.data)
    GZ                                       0x200000c0   Data           2  main.o(.data)
    Tem                                      0x200000c2   Data           2  main.o(.data)
    AngleAcc                                 0x200000c4   Data           4  main.o(.data)
    AngleGyro                                0x200000c8   Data           4  main.o(.data)
    Angle                                    0x200000cc   Data           4  main.o(.data)
    sys_ticks                                0x200000d0   Data           4  main.o(.data)
    Encoder_Left                             0x200000d4   Data           4  main.o(.data)
    Encoder_Right                            0x200000d8   Data           4  main.o(.data)
    Rx_Flag                                  0x200000dc   Data           1  main.o(.data)
    LeftPWM                                  0x200000de   Data           2  main.o(.data)
    RightPWM                                 0x200000e0   Data           2  main.o(.data)
    Ave_PWM                                  0x200000e2   Data           2  main.o(.data)
    Dif_PWM                                  0x200000e4   Data           2  main.o(.data)
    LeftSpeed                                0x200000e8   Data           4  main.o(.data)
    RightSpeed                               0x200000ec   Data           4  main.o(.data)
    AveSpeed                                 0x200000f0   Data           4  main.o(.data)
    DifSpeed                                 0x200000f4   Data           4  main.o(.data)
    Run_Flag                                 0x200000f8   Data           1  main.o(.data)
    control_flag                             0x200000f9   Data           1  main.o(.data)
    angle_pid                                0x200000fc   Data          48  main.o(.data)
    speed_pid                                0x2000012c   Data          48  main.o(.data)
    rx_buf                                   0x20000162   Data           2  stm32f1xx_it.o(.data)
    uwTick                                   0x20000164   Data           4  stm32f1xx_hal.o(.data)
    uwTickPrio                               0x20000168   Data           4  stm32f1xx_hal.o(.data)
    uwTickFreq                               0x2000016c   Data           1  stm32f1xx_hal.o(.data)
    SystemCoreClock                          0x20000170   Data           4  system_stm32f1xx.o(.data)
    kf_pitch                                 0x2000017c   Data          36  mpu6050.o(.bss)
    kf_roll                                  0x200001a0   Data          36  mpu6050.o(.bss)
    display_buf                              0x200001d4   Data          20  main.o(.bss)
    uart_buf                                 0x200001e8   Data         128  main.o(.bss)
    RxPacket                                 0x20000268   Data         100  main.o(.bss)
    hi2c1                                    0x200002cc   Data          84  i2c.o(.bss)
    htim1                                    0x20000320   Data          72  tim.o(.bss)
    htim2                                    0x20000368   Data          72  tim.o(.bss)
    htim3                                    0x200003b0   Data          72  tim.o(.bss)
    htim4                                    0x200003f8   Data          72  tim.o(.bss)
    huart3                                   0x20000440   Data          72  usart.o(.bss)
    __initial_sp                             0x20000888   Data           0  startup_stm32f103xb.o(STACK)



==============================================================================

Memory Map of the image

  Image Entry point : 0x080000ed

  Load Region LR_IROM1 (Base: 0x08000000, Size: 0x00007e84, Max: 0x00010000, ABSOLUTE, COMPRESSED[0x00007d4c])

    Execution Region ER_IROM1 (Exec base: 0x08000000, Load base: 0x08000000, Size: 0x00007d08, Max: 0x00010000, ABSOLUTE)

    Exec Addr    Load Addr    Size         Type   Attr      Idx    E Section Name        Object

    0x08000000   0x08000000   0x000000ec   Data   RO            3    RESET               startup_stm32f103xb.o
    0x080000ec   0x080000ec   0x00000000   Code   RO         4557  * .ARM.Collect$$$$00000000  mc_w.l(entry.o)
    0x080000ec   0x080000ec   0x00000004   Code   RO         4922    .ARM.Collect$$$$00000001  mc_w.l(entry2.o)
    0x080000f0   0x080000f0   0x00000004   Code   RO         4925    .ARM.Collect$$$$00000004  mc_w.l(entry5.o)
    0x080000f4   0x080000f4   0x00000000   Code   RO         4927    .ARM.Collect$$$$00000008  mc_w.l(entry7b.o)
    0x080000f4   0x080000f4   0x00000000   Code   RO         4929    .ARM.Collect$$$$0000000A  mc_w.l(entry8b.o)
    0x080000f4   0x080000f4   0x00000008   Code   RO         4930    .ARM.Collect$$$$0000000B  mc_w.l(entry9a.o)
    0x080000fc   0x080000fc   0x00000000   Code   RO         4932    .ARM.Collect$$$$0000000D  mc_w.l(entry10a.o)
    0x080000fc   0x080000fc   0x00000000   Code   RO         4934    .ARM.Collect$$$$0000000F  mc_w.l(entry11a.o)
    0x080000fc   0x080000fc   0x00000004   Code   RO         4923    .ARM.Collect$$$$00002712  mc_w.l(entry2.o)
    0x08000100   0x08000100   0x00000024   Code   RO            4    .text               startup_stm32f103xb.o
    0x08000124   0x08000124   0x00000020   Code   RO         4562    .text               mc_w.l(llushr.o)
    0x08000144   0x08000144   0x00000024   Code   RO         4564    .text               mc_w.l(memseta.o)
    0x08000168   0x08000168   0x0000001c   Code   RO         4566    .text               mc_w.l(strcmp.o)
    0x08000184   0x08000184   0x0000001a   Code   RO         4568    .text               mc_w.l(memcmp.o)
    0x0800019e   0x0800019e   0x00000002   PAD
    0x080001a0   0x080001a0   0x00000044   Code   RO         4570    .text               mc_w.l(strtok.o)
    0x080001e4   0x080001e4   0x0000001a   Code   RO         4837    .text               mc_w.l(atoi.o)
    0x080001fe   0x080001fe   0x000000b0   Code   RO         4839    .text               mf_w.l(fadd.o)
    0x080002ae   0x080002ae   0x00000064   Code   RO         4841    .text               mf_w.l(fmul.o)
    0x08000312   0x08000312   0x0000007c   Code   RO         4843    .text               mf_w.l(fdiv.o)
    0x0800038e   0x0800038e   0x0000014e   Code   RO         4845    .text               mf_w.l(dadd.o)
    0x080004dc   0x080004dc   0x000000e4   Code   RO         4847    .text               mf_w.l(dmul.o)
    0x080005c0   0x080005c0   0x000000de   Code   RO         4849    .text               mf_w.l(ddiv.o)
    0x0800069e   0x0800069e   0x00000012   Code   RO         4851    .text               mf_w.l(fflti.o)
    0x080006b0   0x080006b0   0x0000000a   Code   RO         4853    .text               mf_w.l(ffltui.o)
    0x080006ba   0x080006ba   0x00000022   Code   RO         4855    .text               mf_w.l(dflti.o)
    0x080006dc   0x080006dc   0x0000001a   Code   RO         4857    .text               mf_w.l(dfltui.o)
    0x080006f6   0x080006f6   0x00000032   Code   RO         4859    .text               mf_w.l(ffixi.o)
    0x08000728   0x08000728   0x00000028   Code   RO         4861    .text               mf_w.l(ffixui.o)
    0x08000750   0x08000750   0x00000026   Code   RO         4863    .text               mf_w.l(f2d.o)
    0x08000776   0x08000776   0x00000038   Code   RO         4867    .text               mf_w.l(d2f.o)
    0x080007ae   0x080007ae   0x00000002   PAD
    0x080007b0   0x080007b0   0x00000014   Code   RO         4869    .text               mf_w.l(cfcmple.o)
    0x080007c4   0x080007c4   0x00000014   Code   RO         4871    .text               mf_w.l(cfrcmple.o)
    0x080007d8   0x080007d8   0x0000001e   Code   RO         4941    .text               mc_w.l(llshl.o)
    0x080007f6   0x080007f6   0x00000024   Code   RO         4943    .text               mc_w.l(llsshr.o)
    0x0800081a   0x0800081a   0x00000002   PAD
    0x0800081c   0x0800081c   0x0000009c   Code   RO         4952    .text               mc_w.l(strtod.o)
    0x080008b8   0x080008b8   0x00000070   Code   RO         4954    .text               mc_w.l(strtol.o)
    0x08000928   0x08000928   0x00000000   Code   RO         4956    .text               mc_w.l(iusefp.o)
    0x08000928   0x08000928   0x0000006e   Code   RO         4957    .text               mf_w.l(fepilogue.o)
    0x08000996   0x08000996   0x00000018   Code   RO         4959    .text               mf_w.l(fscalb.o)
    0x080009ae   0x080009ae   0x000000ba   Code   RO         4961    .text               mf_w.l(depilogue.o)
    0x08000a68   0x08000a68   0x00000024   Code   RO         4969    .text               mc_w.l(init.o)
    0x08000a8c   0x08000a8c   0x00000008   Code   RO         4973    .text               mc_w.l(ctype_o.o)
    0x08000a94   0x08000a94   0x00000012   Code   RO         4995    .text               mc_w.l(isspace_o.o)
    0x08000aa6   0x08000aa6   0x00000002   PAD
    0x08000aa8   0x08000aa8   0x00000360   Code   RO         5001    .text               mc_w.l(scanf_fp.o)
    0x08000e08   0x08000e08   0x00000040   Code   RO         5005    .text               mc_w.l(_sgetc.o)
    0x08000e48   0x08000e48   0x0000009e   Code   RO         5007    .text               mc_w.l(_strtoul.o)
    0x08000ee6   0x08000ee6   0x0000005e   Code   RO         5009    .text               mf_w.l(fsqrt.o)
    0x08000f44   0x08000f44   0x0000002e   Code   RO         5011    .text               mf_w.l(dscalb.o)
    0x08000f72   0x08000f72   0x0000001c   Code   RO         5016    .text               mc_w.l(_chval.o)
    0x08000f8e   0x08000f8e   0x00000018   Code   RO         5018    .text               mf_w.l(dfltul.o)
    0x08000fa6   0x08000fa6   0x0000003a   Code   RO         5028    .text               mc_w.l(__dczerorl.o)
    0x08000fe0   0x08000fe0   0x00000004   Code   RO         1496    i.BusFault_Handler  stm32f1xx_it.o
    0x08000fe4   0x08000fe4   0x000000f8   Code   RO         1175    i.Control           main.o
    0x080010dc   0x080010dc   0x00000028   Code   RO         1178    i.DWT_Init          main.o
    0x08001104   0x08001104   0x00000002   Code   RO         1497    i.DebugMon_Handler  stm32f1xx_it.o
    0x08001106   0x08001106   0x0000000a   Code   RO         1498    i.EXTI2_IRQHandler  stm32f1xx_it.o
    0x08001110   0x08001110   0x00000006   Code   RO         1179    i.Error_Handler     main.o
    0x08001116   0x08001116   0x00000056   Code   RO         2516    i.HAL_DMA_Abort     stm32f1xx_hal_dma.o
    0x0800116c   0x0800116c   0x000000b0   Code   RO         2517    i.HAL_DMA_Abort_IT  stm32f1xx_hal_dma.o
    0x0800121c   0x0800121c   0x00000028   Code   RO         2137    i.HAL_Delay         stm32f1xx_hal.o
    0x08001244   0x08001244   0x0000002c   Code   RO          464    i.HAL_Delay_us      sr04.o
    0x08001270   0x08001270   0x00000078   Code   RO          465    i.HAL_GPIO_EXTI_Callback  sr04.o
    0x080012e8   0x080012e8   0x0000001c   Code   RO         2451    i.HAL_GPIO_EXTI_IRQHandler  stm32f1xx_hal_gpio.o
    0x08001304   0x08001304   0x00000320   Code   RO         2452    i.HAL_GPIO_Init     stm32f1xx_hal_gpio.o
    0x08001624   0x08001624   0x00000010   Code   RO         2454    i.HAL_GPIO_ReadPin  stm32f1xx_hal_gpio.o
    0x08001634   0x08001634   0x0000000c   Code   RO         2456    i.HAL_GPIO_WritePin  stm32f1xx_hal_gpio.o
    0x08001640   0x08001640   0x0000000c   Code   RO         2141    i.HAL_GetTick       stm32f1xx_hal.o
    0x0800164c   0x0800164c   0x000001d0   Code   RO         1664    i.HAL_I2C_Init      stm32f1xx_hal_i2c.o
    0x0800181c   0x0800181c   0x00000164   Code   RO         1685    i.HAL_I2C_Mem_Write  stm32f1xx_hal_i2c.o
    0x08001980   0x08001980   0x0000008c   Code   RO         1323    i.HAL_I2C_MspInit   i2c.o
    0x08001a0c   0x08001a0c   0x00000018   Code   RO         2147    i.HAL_IncTick       stm32f1xx_hal.o
    0x08001a24   0x08001a24   0x00000028   Code   RO         2148    i.HAL_Init          stm32f1xx_hal.o
    0x08001a4c   0x08001a4c   0x0000004c   Code   RO         2149    i.HAL_InitTick      stm32f1xx_hal.o
    0x08001a98   0x08001a98   0x00000054   Code   RO         1593    i.HAL_MspInit       stm32f1xx_hal_msp.o
    0x08001aec   0x08001aec   0x00000020   Code   RO         2612    i.HAL_NVIC_EnableIRQ  stm32f1xx_hal_cortex.o
    0x08001b0c   0x08001b0c   0x0000007c   Code   RO         2618    i.HAL_NVIC_SetPriority  stm32f1xx_hal_cortex.o
    0x08001b88   0x08001b88   0x00000028   Code   RO         2619    i.HAL_NVIC_SetPriorityGrouping  stm32f1xx_hal_cortex.o
    0x08001bb0   0x08001bb0   0x0000018c   Code   RO         2305    i.HAL_RCC_ClockConfig  stm32f1xx_hal_rcc.o
    0x08001d3c   0x08001d3c   0x0000000c   Code   RO         2310    i.HAL_RCC_GetHCLKFreq  stm32f1xx_hal_rcc.o
    0x08001d48   0x08001d48   0x00000020   Code   RO         2312    i.HAL_RCC_GetPCLK1Freq  stm32f1xx_hal_rcc.o
    0x08001d68   0x08001d68   0x00000020   Code   RO         2313    i.HAL_RCC_GetPCLK2Freq  stm32f1xx_hal_rcc.o
    0x08001d88   0x08001d88   0x00000070   Code   RO         2314    i.HAL_RCC_GetSysClockFreq  stm32f1xx_hal_rcc.o
    0x08001df8   0x08001df8   0x00000464   Code   RO         2317    i.HAL_RCC_OscConfig  stm32f1xx_hal_rcc.o
    0x0800225c   0x0800225c   0x00000034   Code   RO         2623    i.HAL_SYSTICK_Config  stm32f1xx_hal_cortex.o
    0x08002290   0x08002290   0x00000002   Code   RO         3855    i.HAL_TIMEx_BreakCallback  stm32f1xx_hal_tim_ex.o
    0x08002292   0x08002292   0x00000002   Code   RO         3856    i.HAL_TIMEx_CommutCallback  stm32f1xx_hal_tim_ex.o
    0x08002294   0x08002294   0x00000074   Code   RO         3858    i.HAL_TIMEx_ConfigBreakDeadTime  stm32f1xx_hal_tim_ex.o
    0x08002308   0x08002308   0x00000084   Code   RO         3874    i.HAL_TIMEx_MasterConfigSynchronization  stm32f1xx_hal_tim_ex.o
    0x0800238c   0x0800238c   0x00000066   Code   RO         3140    i.HAL_TIM_Base_Init  stm32f1xx_hal_tim.o
    0x080023f2   0x080023f2   0x00000002   PAD
    0x080023f4   0x080023f4   0x00000044   Code   RO         1365    i.HAL_TIM_Base_MspInit  tim.o
    0x08002438   0x08002438   0x0000006c   Code   RO         3143    i.HAL_TIM_Base_Start  stm32f1xx_hal_tim.o
    0x080024a4   0x080024a4   0x00000078   Code   RO         3145    i.HAL_TIM_Base_Start_IT  stm32f1xx_hal_tim.o
    0x0800251c   0x0800251c   0x00000032   Code   RO         3146    i.HAL_TIM_Base_Stop  stm32f1xx_hal_tim.o
    0x0800254e   0x0800254e   0x0000010c   Code   RO         3149    i.HAL_TIM_ConfigClockSource  stm32f1xx_hal_tim.o
    0x0800265a   0x0800265a   0x000000c4   Code   RO         3161    i.HAL_TIM_Encoder_Init  stm32f1xx_hal_tim.o
    0x0800271e   0x0800271e   0x00000002   PAD
    0x08002720   0x08002720   0x000000c8   Code   RO         1367    i.HAL_TIM_Encoder_MspInit  tim.o
    0x080027e8   0x080027e8   0x000000cc   Code   RO         3164    i.HAL_TIM_Encoder_Start  stm32f1xx_hal_tim.o
    0x080028b4   0x080028b4   0x00000002   Code   RO         3174    i.HAL_TIM_IC_CaptureCallback  stm32f1xx_hal_tim.o
    0x080028b6   0x080028b6   0x0000016c   Code   RO         3188    i.HAL_TIM_IRQHandler  stm32f1xx_hal_tim.o
    0x08002a22   0x08002a22   0x00000002   PAD
    0x08002a24   0x08002a24   0x00000058   Code   RO         1368    i.HAL_TIM_MspPostInit  tim.o
    0x08002a7c   0x08002a7c   0x00000002   Code   RO         3191    i.HAL_TIM_OC_DelayElapsedCallback  stm32f1xx_hal_tim.o
    0x08002a7e   0x08002a7e   0x00000104   Code   RO         3212    i.HAL_TIM_PWM_ConfigChannel  stm32f1xx_hal_tim.o
    0x08002b82   0x08002b82   0x00000066   Code   RO         3215    i.HAL_TIM_PWM_Init  stm32f1xx_hal_tim.o
    0x08002be8   0x08002be8   0x00000030   Code   RO         1370    i.HAL_TIM_PWM_MspInit  tim.o
    0x08002c18   0x08002c18   0x00000002   Code   RO         3218    i.HAL_TIM_PWM_PulseFinishedCallback  stm32f1xx_hal_tim.o
    0x08002c1a   0x08002c1a   0x00000002   PAD
    0x08002c1c   0x08002c1c   0x000000d4   Code   RO         3220    i.HAL_TIM_PWM_Start  stm32f1xx_hal_tim.o
    0x08002cf0   0x08002cf0   0x00000020   Code   RO         1180    i.HAL_TIM_PeriodElapsedCallback  main.o
    0x08002d10   0x08002d10   0x00000002   Code   RO         3231    i.HAL_TIM_TriggerCallback  stm32f1xx_hal_tim.o
    0x08002d12   0x08002d12   0x00000002   Code   RO         4134    i.HAL_UARTEx_RxEventCallback  stm32f1xx_hal_uart.o
    0x08002d14   0x08002d14   0x00000002   Code   RO         4148    i.HAL_UART_ErrorCallback  stm32f1xx_hal_uart.o
    0x08002d16   0x08002d16   0x00000002   PAD
    0x08002d18   0x08002d18   0x000002e4   Code   RO         4151    i.HAL_UART_IRQHandler  stm32f1xx_hal_uart.o
    0x08002ffc   0x08002ffc   0x00000076   Code   RO         4152    i.HAL_UART_Init     stm32f1xx_hal_uart.o
    0x08003072   0x08003072   0x00000002   PAD
    0x08003074   0x08003074   0x00000098   Code   RO         1455    i.HAL_UART_MspInit  usart.o
    0x0800310c   0x0800310c   0x0000002c   Code   RO         4157    i.HAL_UART_Receive_IT  stm32f1xx_hal_uart.o
    0x08003138   0x08003138   0x00000094   Code   RO         1181    i.HAL_UART_RxCpltCallback  main.o
    0x080031cc   0x080031cc   0x00000002   Code   RO         4163    i.HAL_UART_TxCpltCallback  stm32f1xx_hal_uart.o
    0x080031ce   0x080031ce   0x00000004   Code   RO         1499    i.HardFault_Handler  stm32f1xx_it.o
    0x080031d2   0x080031d2   0x0000003e   Code   RO         1708    i.I2C_IsAcknowledgeFailed  stm32f1xx_hal_i2c.o
    0x08003210   0x08003210   0x000000e0   Code   RO         1720    i.I2C_RequestMemoryWrite  stm32f1xx_hal_i2c.o
    0x080032f0   0x080032f0   0x00000066   Code   RO         1728    i.I2C_WaitOnBTFFlagUntilTimeout  stm32f1xx_hal_i2c.o
    0x08003356   0x08003356   0x000000be   Code   RO         1729    i.I2C_WaitOnFlagUntilTimeout  stm32f1xx_hal_i2c.o
    0x08003414   0x08003414   0x000000fa   Code   RO         1730    i.I2C_WaitOnMasterAddressFlagUntilTimeout  stm32f1xx_hal_i2c.o
    0x0800350e   0x0800350e   0x00000066   Code   RO         1734    i.I2C_WaitOnTXEFlagUntilTimeout  stm32f1xx_hal_i2c.o
    0x08003574   0x08003574   0x0000001c   Code   RO          386    i.IIC_Init          myi2c.o
    0x08003590   0x08003590   0x0000001c   Code   RO          387    i.IIC_R_SDA         myi2c.o
    0x080035ac   0x080035ac   0x0000001e   Code   RO          388    i.IIC_ReceiveAck    myi2c.o
    0x080035ca   0x080035ca   0x00000032   Code   RO          389    i.IIC_ReceiveByte   myi2c.o
    0x080035fc   0x080035fc   0x00000018   Code   RO          390    i.IIC_SendAck       myi2c.o
    0x08003614   0x08003614   0x00000032   Code   RO          391    i.IIC_SendByte      myi2c.o
    0x08003646   0x08003646   0x0000001c   Code   RO          392    i.IIC_Start         myi2c.o
    0x08003662   0x08003662   0x00000016   Code   RO          393    i.IIC_Stop          myi2c.o
    0x08003678   0x08003678   0x00000014   Code   RO          394    i.IIC_W_SCL         myi2c.o
    0x0800368c   0x0800368c   0x00000014   Code   RO          395    i.IIC_W_SDA         myi2c.o
    0x080036a0   0x080036a0   0x00000030   Code   RO          189    i.Kalman_Init       mpu6050.o
    0x080036d0   0x080036d0   0x00000088   Code   RO          190    i.Kalman_Predict    mpu6050.o
    0x08003758   0x08003758   0x000000b0   Code   RO          191    i.Kalman_Update     mpu6050.o
    0x08003808   0x08003808   0x00000094   Code   RO          504    i.Load              motor.o
    0x0800389c   0x0800389c   0x00000060   Code   RO          192    i.MPU6050_DMP_Init  mpu6050.o
    0x080038fc   0x080038fc   0x0000000c   Code   RO          201    i.MPU6050_GetPitch  mpu6050.o
    0x08003908   0x08003908   0x0000003e   Code   RO          204    i.MPU6050_Init      mpu6050.o
    0x08003946   0x08003946   0x00000002   PAD
    0x08003948   0x08003948   0x0000002c   Code   RO          205    i.MPU6050_Mode_Update  mpu6050.o
    0x08003974   0x08003974   0x000001b0   Code   RO          206    i.MPU6050_Proc_Complementary  mpu6050.o
    0x08003b24   0x08003b24   0x000001cc   Code   RO          207    i.MPU6050_Proc_Kalman  mpu6050.o
    0x08003cf0   0x08003cf0   0x0000005e   Code   RO          209    i.MPU6050_ReadRegs  mpu6050.o
    0x08003d4e   0x08003d4e   0x00000002   PAD
    0x08003d50   0x08003d50   0x00000040   Code   RO          210    i.MPU6050_SetMode   mpu6050.o
    0x08003d90   0x08003d90   0x000000f8   Code   RO          211    i.MPU6050_UpDate    mpu6050.o
    0x08003e88   0x08003e88   0x000001ac   Code   RO          212    i.MPU6050_Update_DMP  mpu6050.o
    0x08004034   0x08004034   0x0000002e   Code   RO          213    i.MPU6050_WriteReg  mpu6050.o
    0x08004062   0x08004062   0x00000002   PAD
    0x08004064   0x08004064   0x00000144   Code   RO         1298    i.MX_GPIO_Init      gpio.o
    0x080041a8   0x080041a8   0x0000003c   Code   RO         1324    i.MX_I2C1_Init      i2c.o
    0x080041e4   0x080041e4   0x000000c0   Code   RO         1371    i.MX_TIM1_Init      tim.o
    0x080042a4   0x080042a4   0x00000078   Code   RO         1372    i.MX_TIM2_Init      tim.o
    0x0800431c   0x0800431c   0x00000070   Code   RO         1373    i.MX_TIM3_Init      tim.o
    0x0800438c   0x0800438c   0x0000007c   Code   RO         1374    i.MX_TIM4_Init      tim.o
    0x08004408   0x08004408   0x00000038   Code   RO         1456    i.MX_USART3_UART_Init  usart.o
    0x08004440   0x08004440   0x00000004   Code   RO         1500    i.MemManage_Handler  stm32f1xx_it.o
    0x08004444   0x08004444   0x00000004   Code   RO         1501    i.NMI_Handler       stm32f1xx_it.o
    0x08004448   0x08004448   0x00000038   Code   RO           13    i.OLED_Clear        oled.o
    0x08004480   0x08004480   0x00000020   Code   RO           14    i.OLED_Init         oled.o
    0x080044a0   0x080044a0   0x00000010   Code   RO           18    i.OLED_WR_CMD       oled.o
    0x080044b0   0x080044b0   0x00000010   Code   RO           19    i.OLED_WR_DATA      oled.o
    0x080044c0   0x080044c0   0x000000a6   Code   RO         1103    i.PID_Calculate     pid.o
    0x08004566   0x08004566   0x0000000e   Code   RO         1104    i.PID_Init          pid.o
    0x08004574   0x08004574   0x00000002   Code   RO         1502    i.PendSV_Handler    stm32f1xx_it.o
    0x08004576   0x08004576   0x00000002   PAD
    0x08004578   0x08004578   0x00000028   Code   RO         2318    i.RCC_Delay         stm32f1xx_hal_rcc.o
    0x080045a0   0x080045a0   0x00000002   Code   RO         1503    i.SVC_Handler       stm32f1xx_it.o
    0x080045a2   0x080045a2   0x00000002   PAD
    0x080045a4   0x080045a4   0x000001dc   Code   RO         1183    i.Set_params        main.o
    0x08004780   0x08004780   0x00000008   Code   RO         1504    i.SysTick_Handler   stm32f1xx_it.o
    0x08004788   0x08004788   0x00000066   Code   RO         1184    i.SystemClock_Config  main.o
    0x080047ee   0x080047ee   0x00000002   Code   RO         4496    i.SystemInit        system_stm32f1xx.o
    0x080047f0   0x080047f0   0x00000010   Code   RO         1505    i.TIM3_IRQHandler   stm32f1xx_it.o
    0x08004800   0x08004800   0x00000084   Code   RO         3233    i.TIM_Base_SetConfig  stm32f1xx_hal_tim.o
    0x08004884   0x08004884   0x00000022   Code   RO         3234    i.TIM_CCxChannelCmd  stm32f1xx_hal_tim.o
    0x080048a6   0x080048a6   0x00000016   Code   RO         3244    i.TIM_ETR_SetConfig  stm32f1xx_hal_tim.o
    0x080048bc   0x080048bc   0x00000012   Code   RO         3245    i.TIM_ITRx_SetConfig  stm32f1xx_hal_tim.o
    0x080048ce   0x080048ce   0x00000002   PAD
    0x080048d0   0x080048d0   0x00000060   Code   RO         3246    i.TIM_OC1_SetConfig  stm32f1xx_hal_tim.o
    0x08004930   0x08004930   0x00000068   Code   RO         3247    i.TIM_OC2_SetConfig  stm32f1xx_hal_tim.o
    0x08004998   0x08004998   0x00000068   Code   RO         3248    i.TIM_OC3_SetConfig  stm32f1xx_hal_tim.o
    0x08004a00   0x08004a00   0x00000048   Code   RO         3249    i.TIM_OC4_SetConfig  stm32f1xx_hal_tim.o
    0x08004a48   0x08004a48   0x00000026   Code   RO         3251    i.TIM_TI1_ConfigInputStage  stm32f1xx_hal_tim.o
    0x08004a6e   0x08004a6e   0x00000028   Code   RO         3253    i.TIM_TI2_ConfigInputStage  stm32f1xx_hal_tim.o
    0x08004a96   0x08004a96   0x00000014   Code   RO         4165    i.UART_DMAAbortOnError  stm32f1xx_hal_uart.o
    0x08004aaa   0x08004aaa   0x0000006c   Code   RO         4175    i.UART_EndRxTransfer  stm32f1xx_hal_uart.o
    0x08004b16   0x08004b16   0x00000020   Code   RO         4176    i.UART_EndTransmit_IT  stm32f1xx_hal_uart.o
    0x08004b36   0x08004b36   0x000000fc   Code   RO         4178    i.UART_Receive_IT   stm32f1xx_hal_uart.o
    0x08004c32   0x08004c32   0x00000002   PAD
    0x08004c34   0x08004c34   0x000000fc   Code   RO         4179    i.UART_SetConfig    stm32f1xx_hal_uart.o
    0x08004d30   0x08004d30   0x00000040   Code   RO         4181    i.UART_Start_Receive_IT  stm32f1xx_hal_uart.o
    0x08004d70   0x08004d70   0x00000060   Code   RO         4182    i.UART_Transmit_IT  stm32f1xx_hal_uart.o
    0x08004dd0   0x08004dd0   0x00000010   Code   RO         1506    i.USART3_IRQHandler  stm32f1xx_it.o
    0x08004de0   0x08004de0   0x00000004   Code   RO         1507    i.UsageFault_Handler  stm32f1xx_it.o
    0x08004de4   0x08004de4   0x00000028   Code   RO         4965    i.__ARM_fpclassify  m_ws.l(fpclassify.o)
    0x08004e0c   0x08004e0c   0x00000026   Code   RO         4897    i.__ARM_fpclassifyf  m_ws.l(fpclassifyf.o)
    0x08004e32   0x08004e32   0x00000002   PAD
    0x08004e34   0x08004e34   0x00000010   Code   RO         2625    i.__NVIC_GetPriorityGrouping  stm32f1xx_hal_cortex.o
    0x08004e44   0x08004e44   0x00000028   Code   RO         2626    i.__NVIC_SetPriority  stm32f1xx_hal_cortex.o
    0x08004e6c   0x08004e6c   0x00000008   Code   RO         4945    i.__aeabi_errno_addr  mc_w.l(errno.o)
    0x08004e74   0x08004e74   0x000000aa   Code   RO         4967    i.__kernel_poly     m_ws.l(poly.o)
    0x08004f1e   0x08004f1e   0x00000006   Code   RO         4884    i.__mathlib_dbl_infnan  m_ws.l(dunder.o)
    0x08004f24   0x08004f24   0x00000004   Code   RO         4885    i.__mathlib_dbl_infnan2  m_ws.l(dunder.o)
    0x08004f28   0x08004f28   0x00000010   Code   RO         4889    i.__mathlib_dbl_underflow  m_ws.l(dunder.o)
    0x08004f38   0x08004f38   0x00000006   Code   RO         4900    i.__mathlib_flt_infnan  m_ws.l(funder.o)
    0x08004f3e   0x08004f3e   0x00000004   Code   RO         4901    i.__mathlib_flt_infnan2  m_ws.l(funder.o)
    0x08004f42   0x08004f42   0x00000008   Code   RO         4902    i.__mathlib_flt_invalid  m_ws.l(funder.o)
    0x08004f4a   0x08004f4a   0x0000000a   Code   RO         4905    i.__mathlib_flt_underflow  m_ws.l(funder.o)
    0x08004f54   0x08004f54   0x0000000c   Code   RO         4946    i.__read_errno      mc_w.l(errno.o)
    0x08004f60   0x08004f60   0x0000000e   Code   RO         5022    i.__scatterload_copy  mc_w.l(handlers.o)
    0x08004f6e   0x08004f6e   0x00000002   Code   RO         5023    i.__scatterload_null  mc_w.l(handlers.o)
    0x08004f70   0x08004f70   0x0000000e   Code   RO         5024    i.__scatterload_zeroinit  mc_w.l(handlers.o)
    0x08004f7e   0x08004f7e   0x00000002   PAD
    0x08004f80   0x08004f80   0x0000000c   Code   RO         4947    i.__set_errno       mc_w.l(errno.o)
    0x08004f8c   0x08004f8c   0x0000000e   Code   RO         5003    i._is_digit         mc_w.l(scanf_fp.o)
    0x08004f9a   0x08004f9a   0x00000002   PAD
    0x08004f9c   0x08004f9c   0x00000124   Code   RO         4530    i.asinf             m_ws.l(asinf.o)
    0x080050c0   0x080050c0   0x00000220   Code   RO         4874    i.atan              m_ws.l(atan.o)
    0x080052e0   0x080052e0   0x00000180   Code   RO         4538    i.atan2             m_ws.l(atan2.o)
    0x08005460   0x08005460   0x0000025c   Code   RO         4546    i.atan2f            m_ws.l(atan2f.o)
    0x080056bc   0x080056bc   0x0000002a   Code   RO         4554    i.atof              m_ws.l(atof.o)
    0x080056e6   0x080056e6   0x00000002   PAD
    0x080056e8   0x080056e8   0x00000064   Code   RO          909    i.decode_gesture    inv_mpu_dmp_motion_driver.o
    0x0800574c   0x0800574c   0x0000003c   Code   RO          910    i.dmp_enable_6x_lp_quat  inv_mpu_dmp_motion_driver.o
    0x08005788   0x08005788   0x0000021c   Code   RO          911    i.dmp_enable_feature  inv_mpu_dmp_motion_driver.o
    0x080059a4   0x080059a4   0x00000058   Code   RO          912    i.dmp_enable_gyro_cal  inv_mpu_dmp_motion_driver.o
    0x080059fc   0x080059fc   0x0000003c   Code   RO          913    i.dmp_enable_lp_quat  inv_mpu_dmp_motion_driver.o
    0x08005a38   0x08005a38   0x00000018   Code   RO          918    i.dmp_load_motion_driver_firmware  inv_mpu_dmp_motion_driver.o
    0x08005a50   0x08005a50   0x000001d4   Code   RO          919    i.dmp_read_fifo     inv_mpu_dmp_motion_driver.o
    0x08005c24   0x08005c24   0x00000070   Code   RO          923    i.dmp_set_fifo_rate  inv_mpu_dmp_motion_driver.o
    0x08005c94   0x08005c94   0x00000138   Code   RO          926    i.dmp_set_orientation  inv_mpu_dmp_motion_driver.o
    0x08005dcc   0x08005dcc   0x00000038   Code   RO          929    i.dmp_set_shake_reject_thresh  inv_mpu_dmp_motion_driver.o
    0x08005e04   0x08005e04   0x00000026   Code   RO          930    i.dmp_set_shake_reject_time  inv_mpu_dmp_motion_driver.o
    0x08005e2a   0x08005e2a   0x00000026   Code   RO          931    i.dmp_set_shake_reject_timeout  inv_mpu_dmp_motion_driver.o
    0x08005e50   0x08005e50   0x00000046   Code   RO          932    i.dmp_set_tap_axes  inv_mpu_dmp_motion_driver.o
    0x08005e96   0x08005e96   0x00000026   Code   RO          933    i.dmp_set_tap_count  inv_mpu_dmp_motion_driver.o
    0x08005ebc   0x08005ebc   0x000001a0   Code   RO          934    i.dmp_set_tap_thresh  inv_mpu_dmp_motion_driver.o
    0x0800605c   0x0800605c   0x00000026   Code   RO          935    i.dmp_set_tap_time  inv_mpu_dmp_motion_driver.o
    0x08006082   0x08006082   0x00000026   Code   RO          936    i.dmp_set_tap_time_multi  inv_mpu_dmp_motion_driver.o
    0x080060a8   0x080060a8   0x00000078   Code   RO          573    i.i2c_read          inv_mpu.o
    0x08006120   0x08006120   0x00000066   Code   RO          574    i.i2c_write         inv_mpu.o
    0x08006186   0x08006186   0x00000002   PAD
    0x08006188   0x08006188   0x00000028   Code   RO         1142    i.i2c_write_byte    i2c_bus.o
    0x080061b0   0x080061b0   0x000000c4   Code   RO         1187    i.main              main.o
    0x08006274   0x08006274   0x00000070   Code   RO          575    i.mpu_configure_fifo  inv_mpu.o
    0x080062e4   0x080062e4   0x0000004c   Code   RO          576    i.mpu_get_accel_fsr  inv_mpu.o
    0x08006330   0x08006330   0x000000fc   Code   RO          592    i.mpu_init          inv_mpu.o
    0x0800642c   0x0800642c   0x000000b8   Code   RO          593    i.mpu_load_firmware  inv_mpu.o
    0x080064e4   0x080064e4   0x000000e0   Code   RO          594    i.mpu_lp_accel_mode  inv_mpu.o
    0x080065c4   0x080065c4   0x000000c0   Code   RO          600    i.mpu_read_fifo_stream  inv_mpu.o
    0x08006684   0x08006684   0x00000080   Code   RO          601    i.mpu_read_mem      inv_mpu.o
    0x08006704   0x08006704   0x000001c8   Code   RO          604    i.mpu_reset_fifo    inv_mpu.o
    0x080068cc   0x080068cc   0x00000084   Code   RO          608    i.mpu_set_accel_fsr  inv_mpu.o
    0x08006950   0x08006950   0x0000014c   Code   RO          609    i.mpu_set_bypass    inv_mpu.o
    0x08006a9c   0x08006a9c   0x00000090   Code   RO          611    i.mpu_set_dmp_state  inv_mpu.o
    0x08006b2c   0x08006b2c   0x00000088   Code   RO          613    i.mpu_set_gyro_fsr  inv_mpu.o
    0x08006bb4   0x08006bb4   0x0000006c   Code   RO          614    i.mpu_set_int_latched  inv_mpu.o
    0x08006c20   0x08006c20   0x00000084   Code   RO          616    i.mpu_set_lpf       inv_mpu.o
    0x08006ca4   0x08006ca4   0x0000009c   Code   RO          617    i.mpu_set_sample_rate  inv_mpu.o
    0x08006d40   0x08006d40   0x000000d0   Code   RO          618    i.mpu_set_sensors   inv_mpu.o
    0x08006e10   0x08006e10   0x00000080   Code   RO          619    i.mpu_write_mem     inv_mpu.o
    0x08006e90   0x08006e90   0x00000090   Code   RO          620    i.set_int_enable    inv_mpu.o
    0x08006f20   0x08006f20   0x0000002c   Code   RO         4915    i.sqrtf             m_ws.l(sqrtf.o)
    0x08006f4c   0x08006f4c   0x00000054   Data   RO          621    .constdata          inv_mpu.o
    0x08006fa0   0x08006fa0   0x00000bf6   Data   RO          938    .constdata          inv_mpu_dmp_motion_driver.o
    0x08007b96   0x08007b96   0x00000012   Data   RO         2319    .constdata          stm32f1xx_hal_rcc.o
    0x08007ba8   0x08007ba8   0x00000018   Data   RO         4497    .constdata          system_stm32f1xx.o
    0x08007bc0   0x08007bc0   0x00000098   Data   RO         4875    .constdata          m_ws.l(atan.o)
    0x08007c58   0x08007c58   0x00000008   Data   RO         4913    .constdata          m_ws.l(qnan.o)
    0x08007c60   0x08007c60   0x00000081   Data   RO         4974    .constdata          mc_w.l(ctype_o.o)
    0x08007ce1   0x08007ce1   0x00000003   PAD
    0x08007ce4   0x08007ce4   0x00000004   Data   RO         4975    .constdata          mc_w.l(ctype_o.o)
    0x08007ce8   0x08007ce8   0x00000020   Data   RO         5020    Region$$Table       anon$$obj.o


    Execution Region RW_IRAM1 (Exec base: 0x20000000, Load base: 0x08007d08, Size: 0x00000888, Max: 0x00005000, ABSOLUTE, COMPRESSED[0x00000044])

    Exec Addr    Load Addr    Size         Type   Attr      Idx    E Section Name        Object

    0x20000000   COMPRESSED   0x00000017   Data   RW           20    .data               oled.o
    0x20000017   COMPRESSED   0x00000001   PAD
    0x20000018   COMPRESSED   0x0000003d   Data   RW          215    .data               mpu6050.o
    0x20000055   COMPRESSED   0x00000003   PAD
    0x20000058   COMPRESSED   0x00000008   Data   RW          467    .data               sr04.o
    0x20000060   COMPRESSED   0x0000002c   Data   RW          622    .data               inv_mpu.o
    0x2000008c   COMPRESSED   0x000000d6   Data   RW         1189    .data               main.o
    0x20000162   COMPRESSED   0x00000002   Data   RW         1508    .data               stm32f1xx_it.o
    0x20000164   COMPRESSED   0x00000009   Data   RW         2155    .data               stm32f1xx_hal.o
    0x2000016d   COMPRESSED   0x00000003   PAD
    0x20000170   COMPRESSED   0x00000004   Data   RW         4498    .data               system_stm32f1xx.o
    0x20000174   COMPRESSED   0x00000004   Data   RW         4571    .data               mc_w.l(strtok.o)
    0x20000178   COMPRESSED   0x00000004   Data   RW         4948    .data               mc_w.l(errno.o)
    0x2000017c        -       0x00000048   Zero   RW          214    .bss                mpu6050.o
    0x200001c4        -       0x00000010   Zero   RW          937    .bss                inv_mpu_dmp_motion_driver.o
    0x200001d4        -       0x000000f8   Zero   RW         1188    .bss                main.o
    0x200002cc        -       0x00000054   Zero   RW         1325    .bss                i2c.o
    0x20000320        -       0x00000120   Zero   RW         1375    .bss                tim.o
    0x20000440        -       0x00000048   Zero   RW         1457    .bss                usart.o
    0x20000488        -       0x00000400   Zero   RW            1    STACK               startup_stm32f103xb.o


==============================================================================

Image component sizes


      Code (inc. data)   RO Data    RW Data    ZI Data      Debug   Object Name

       324         22          0          0          0       1043   gpio.o
       200         28          0          0         84       1697   i2c.o
        40          4          0          0          0        589   i2c_bus.o
      3466         96         84         44          0      19017   inv_mpu.o
      2496        110       3062          0         16      18441   inv_mpu_dmp_motion_driver.o
      1248        238          0        214        248       7147   main.o
       148          8          0          0          0        583   motor.o
      2346        222          0         61         72      11623   mpu6050.o
       300         14          0          0          0       4906   myi2c.o
       120          6          0         23          0     436221   oled.o
       180          0          0          0          0       1987   pid.o
       164         32          0          8          0       1353   sr04.o
        36          8        236          0       1024        804   startup_stm32f103xb.o
       192         36          0          9          0       5937   stm32f1xx_hal.o
       304         22          0          0          0      29459   stm32f1xx_hal_cortex.o
       262          4          0          0          0       1771   stm32f1xx_hal_dma.o
       856         38          0          0          0       3946   stm32f1xx_hal_gpio.o
      1750         30          0          0          0       8239   stm32f1xx_hal_i2c.o
        84          8          0          0          0        906   stm32f1xx_hal_msp.o
      1748         98         18          0          0       6016   stm32f1xx_hal_rcc.o
      2654         74          0          0          0      18634   stm32f1xx_hal_tim.o
       252         14          0          0          0       3253   stm32f1xx_hal_tim_ex.o
      1732          8          0          0          0      10128   stm32f1xx_hal_uart.o
        76         12          0          2          0       6011   stm32f1xx_it.o
         2          0         24          4          0       1139   system_stm32f1xx.o
       952         82          0          0        288       5599   tim.o
       208         24          0          0         72       1690   usart.o

    ----------------------------------------------------------------------
     22168       1238       3456        372       1804     608139   Object Totals
         0          0         32          0          0          0   (incl. Generated)
        28          0          0          7          0          0   (incl. Padding)

    ----------------------------------------------------------------------

      Code (inc. data)   RO Data    RW Data    ZI Data      Debug   Library Member Name

       292         38          0          0          0        120   asinf.o
       544         70        152          0          0        124   atan.o
       384         38          0          0          0        144   atan2.o
       604         76          0          0          0        116   atan2f.o
        42          0          0          0          0         84   atof.o
        26          6          0          0          0        204   dunder.o
        40          0          0          0          0         68   fpclassify.o
        38          0          0          0          0         68   fpclassifyf.o
        28          0          0          0          0        272   funder.o
       170          0          0          0          0         96   poly.o
         0          0          8          0          0          0   qnan.o
        44          0          0          0          0         80   sqrtf.o
        58          0          0          0          0          0   __dczerorl.o
        28          0          0          0          0         68   _chval.o
        64          0          0          0          0         84   _sgetc.o
       158          0          0          0          0         92   _strtoul.o
        26          0          0          0          0         80   atoi.o
         8          4        133          0          0         68   ctype_o.o
         0          0          0          0          0          0   entry.o
         0          0          0          0          0          0   entry10a.o
         0          0          0          0          0          0   entry11a.o
         8          4          0          0          0          0   entry2.o
         4          0          0          0          0          0   entry5.o
         0          0          0          0          0          0   entry7b.o
         0          0          0          0          0          0   entry8b.o
         8          4          0          0          0          0   entry9a.o
        32         16          0          4          0        204   errno.o
        30          0          0          0          0          0   handlers.o
        36          8          0          0          0         68   init.o
        18          0          0          0          0         76   isspace_o.o
         0          0          0          0          0          0   iusefp.o
        30          0          0          0          0         68   llshl.o
        36          0          0          0          0         68   llsshr.o
        32          0          0          0          0         68   llushr.o
        26          0          0          0          0         80   memcmp.o
        36          0          0          0          0        108   memseta.o
       878         12          0          0          0        216   scanf_fp.o
        28          0          0          0          0         76   strcmp.o
       156         12          0          0          0        120   strtod.o
        68          6          0          4          0         80   strtok.o
       112          0          0          0          0         88   strtol.o
        20          0          0          0          0         68   cfcmple.o
        20          0          0          0          0         68   cfrcmple.o
        56          0          0          0          0         88   d2f.o
       334          0          0          0          0        148   dadd.o
       222          0          0          0          0        100   ddiv.o
       186          0          0          0          0        176   depilogue.o
        34          0          0          0          0         76   dflti.o
        26          0          0          0          0         76   dfltui.o
        24          0          0          0          0         76   dfltul.o
       228          0          0          0          0         96   dmul.o
        46          0          0          0          0         80   dscalb.o
        38          0          0          0          0         68   f2d.o
       176          0          0          0          0        140   fadd.o
       124          0          0          0          0         88   fdiv.o
       110          0          0          0          0        168   fepilogue.o
        50          0          0          0          0         68   ffixi.o
        40          0          0          0          0         68   ffixui.o
        18          0          0          0          0         68   fflti.o
        10          0          0          0          0         68   ffltui.o
       100          0          0          0          0         76   fmul.o
        24          0          0          0          0         68   fscalb.o
        94          0          0          0          0         96   fsqrt.o

    ----------------------------------------------------------------------
      6088        294        296          8          0       5116   Library Totals
        16          0          3          0          0          0   (incl. Padding)

    ----------------------------------------------------------------------

      Code (inc. data)   RO Data    RW Data    ZI Data      Debug   Library Name

      2212        228        160          0          0       1376   m_ws.l
      1880         66        133          8          0       1712   mc_w.l
      1980          0          0          0          0       2028   mf_w.l

    ----------------------------------------------------------------------
      6088        294        296          8          0       5116   Library Totals

    ----------------------------------------------------------------------

==============================================================================


      Code (inc. data)   RO Data    RW Data    ZI Data      Debug   

     28256       1532       3752        380       1804     601527   Grand Totals
     28256       1532       3752         68       1804     601527   ELF Image Totals (compressed)
     28256       1532       3752         68          0          0   ROM Totals

==============================================================================

    Total RO  Size (Code + RO Data)                32008 (  31.26kB)
    Total RW  Size (RW Data + ZI Data)              2184 (   2.13kB)
    Total ROM Size (Code + RO Data + RW Data)      32076 (  31.32kB)

==============================================================================

