Component: ARM Compiler 5.06 update 5 (build 528) Tool: armlink [4d35e2]

==============================================================================

Section Cross References

    startup_stm32f103xb.o(RESET) refers to startup_stm32f103xb.o(STACK) for __initial_sp
    startup_stm32f103xb.o(RESET) refers to startup_stm32f103xb.o(.text) for Reset_Handler
    startup_stm32f103xb.o(RESET) refers to stm32f1xx_it.o(i.NMI_Handler) for NMI_Handler
    startup_stm32f103xb.o(RESET) refers to stm32f1xx_it.o(i.HardFault_Handler) for HardFault_Handler
    startup_stm32f103xb.o(RESET) refers to stm32f1xx_it.o(i.MemManage_Handler) for MemManage_Handler
    startup_stm32f103xb.o(RESET) refers to stm32f1xx_it.o(i.BusFault_Handler) for BusFault_Handler
    startup_stm32f103xb.o(RESET) refers to stm32f1xx_it.o(i.UsageFault_Handler) for UsageFault_Handler
    startup_stm32f103xb.o(RESET) refers to stm32f1xx_it.o(i.SVC_Handler) for SVC_Handler
    startup_stm32f103xb.o(RESET) refers to stm32f1xx_it.o(i.DebugMon_Handler) for DebugMon_Handler
    startup_stm32f103xb.o(RESET) refers to stm32f1xx_it.o(i.PendSV_Handler) for PendSV_Handler
    startup_stm32f103xb.o(RESET) refers to stm32f1xx_it.o(i.SysTick_Handler) for SysTick_Handler
    startup_stm32f103xb.o(RESET) refers to stm32f1xx_it.o(i.EXTI2_IRQHandler) for EXTI2_IRQHandler
    startup_stm32f103xb.o(RESET) refers to stm32f1xx_it.o(i.USART3_IRQHandler) for USART3_IRQHandler
    startup_stm32f103xb.o(.text) refers to system_stm32f1xx.o(i.SystemInit) for SystemInit
    startup_stm32f103xb.o(.text) refers to entry.o(.ARM.Collect$$$$00000000) for __main
    oled.o(i.OLED_Clear) refers to oled.o(i.OLED_WR_CMD) for OLED_WR_CMD
    oled.o(i.OLED_Clear) refers to oled.o(i.OLED_WR_DATA) for OLED_WR_DATA
    oled.o(i.OLED_DisplayMode) refers to oled.o(i.OLED_WR_CMD) for OLED_WR_CMD
    oled.o(i.OLED_Display_Off) refers to oled.o(i.OLED_WR_CMD) for OLED_WR_CMD
    oled.o(i.OLED_Display_On) refers to oled.o(i.OLED_WR_CMD) for OLED_WR_CMD
    oled.o(i.OLED_DrawBMP) refers to oled.o(i.OLED_Set_Pos) for OLED_Set_Pos
    oled.o(i.OLED_DrawBMP) refers to oled.o(i.OLED_WR_DATA) for OLED_WR_DATA
    oled.o(i.OLED_HorizontalShift) refers to oled.o(i.OLED_WR_CMD) for OLED_WR_CMD
    oled.o(i.OLED_Init) refers to stm32f1xx_hal.o(i.HAL_Delay) for HAL_Delay
    oled.o(i.OLED_Init) refers to oled.o(i.OLED_WR_CMD) for OLED_WR_CMD
    oled.o(i.OLED_Init) refers to oled.o(.data) for CMD_Data
    oled.o(i.OLED_On) refers to oled.o(i.OLED_WR_CMD) for OLED_WR_CMD
    oled.o(i.OLED_On) refers to oled.o(i.OLED_WR_DATA) for OLED_WR_DATA
    oled.o(i.OLED_Set_Pos) refers to oled.o(i.OLED_WR_CMD) for OLED_WR_CMD
    oled.o(i.OLED_ShowCHinese) refers to oled.o(i.OLED_Set_Pos) for OLED_Set_Pos
    oled.o(i.OLED_ShowCHinese) refers to oled.o(i.OLED_WR_DATA) for OLED_WR_DATA
    oled.o(i.OLED_ShowCHinese) refers to oled_font.o(.constdata) for Hzk
    oled.o(i.OLED_ShowChar) refers to oled.o(i.OLED_Set_Pos) for OLED_Set_Pos
    oled.o(i.OLED_ShowChar) refers to oled.o(i.OLED_WR_DATA) for OLED_WR_DATA
    oled.o(i.OLED_ShowChar) refers to oled_font.o(.constdata) for F8X16
    oled.o(i.OLED_ShowNum) refers to oled.o(i.oled_pow) for oled_pow
    oled.o(i.OLED_ShowNum) refers to oled.o(i.OLED_ShowChar) for OLED_ShowChar
    oled.o(i.OLED_ShowString) refers to oled.o(i.OLED_ShowChar) for OLED_ShowChar
    oled.o(i.OLED_Showdecimal) refers to cfcmple.o(.text) for __aeabi_cfcmple
    oled.o(i.OLED_Showdecimal) refers to ffixi.o(.text) for __aeabi_f2iz
    oled.o(i.OLED_Showdecimal) refers to oled.o(i.oled_pow) for oled_pow
    oled.o(i.OLED_Showdecimal) refers to oled.o(i.OLED_ShowChar) for OLED_ShowChar
    oled.o(i.OLED_Showdecimal) refers to ffltui.o(.text) for __aeabi_ui2f
    oled.o(i.OLED_Showdecimal) refers to fflti.o(.text) for __aeabi_i2f
    oled.o(i.OLED_Showdecimal) refers to fadd.o(.text) for __aeabi_frsub
    oled.o(i.OLED_Showdecimal) refers to fmul.o(.text) for __aeabi_fmul
    oled.o(i.OLED_Some_HorizontalShift) refers to oled.o(i.OLED_WR_CMD) for OLED_WR_CMD
    oled.o(i.OLED_VerticalAndHorizontalShift) refers to oled.o(i.OLED_WR_CMD) for OLED_WR_CMD
    oled.o(i.OLED_WR_CMD) refers to stm32f1xx_hal_i2c.o(i.HAL_I2C_Mem_Write) for HAL_I2C_Mem_Write
    oled.o(i.OLED_WR_CMD) refers to i2c.o(.bss) for hi2c1
    oled.o(i.OLED_WR_DATA) refers to stm32f1xx_hal_i2c.o(i.HAL_I2C_Mem_Write) for HAL_I2C_Mem_Write
    oled.o(i.OLED_WR_DATA) refers to i2c.o(.bss) for hi2c1
    mpu6050.o(i.Kalman_Predict) refers to fadd.o(.text) for __aeabi_fsub
    mpu6050.o(i.Kalman_Predict) refers to fmul.o(.text) for __aeabi_fmul
    mpu6050.o(i.Kalman_Update) refers to fadd.o(.text) for __aeabi_fadd
    mpu6050.o(i.Kalman_Update) refers to fdiv.o(.text) for __aeabi_fdiv
    mpu6050.o(i.Kalman_Update) refers to fmul.o(.text) for __aeabi_fmul
    mpu6050.o(i.MPU6050_DMP_Init) refers to inv_mpu.o(i.mpu_init) for mpu_init
[...]
    i.MemManage_Handler                      0x08003ca8   Section        0  stm32f1xx_it.o(i.MemManage_Handler)
    i.NMI_Handler                            0x08003cac   Section        0  stm32f1xx_it.o(i.NMI_Handler)
    i.OLED_Clear                             0x08003cb0   Section        0  oled.o(i.OLED_Clear)
    i.OLED_Init                              0x08003ce8   Section        0  oled.o(i.OLED_Init)
    i.OLED_WR_CMD                            0x08003d0c   Section        0  oled.o(i.OLED_WR_CMD)
    i.OLED_WR_DATA                           0x08003d34   Section        0  oled.o(i.OLED_WR_DATA)
    i.PendSV_Handler                         0x08003d5c   Section        0  stm32f1xx_it.o(i.PendSV_Handler)
    i.RCC_Delay                              0x08003d60   Section        0  stm32f1xx_hal_rcc.o(i.RCC_Delay)
    RCC_Delay                                0x08003d61   Thumb Code    36  stm32f1xx_hal_rcc.o(i.RCC_Delay)
    i.SVC_Handler                            0x08003d88   Section        0  stm32f1xx_it.o(i.SVC_Handler)
    i.SysTick_Handler                        0x08003d8a   Section        0  stm32f1xx_it.o(i.SysTick_Handler)
    i.SystemClock_Config                     0x08003d92   Section        0  main.o(i.SystemClock_Config)
    i.SystemInit                             0x08003df8   Section        0  system_stm32f1xx.o(i.SystemInit)
    i.TIM_Base_SetConfig                     0x08003dfc   Section        0  stm32f1xx_hal_tim.o(i.TIM_Base_SetConfig)
    i.TIM_CCxChannelCmd                      0x08003e80   Section        0  stm32f1xx_hal_tim.o(i.TIM_CCxChannelCmd)
    i.TIM_ETR_SetConfig                      0x08003ea2   Section        0  stm32f1xx_hal_tim.o(i.TIM_ETR_SetConfig)
    i.TIM_ITRx_SetConfig                     0x08003eb8   Section        0  stm32f1xx_hal_tim.o(i.TIM_ITRx_SetConfig)
    TIM_ITRx_SetConfig                       0x08003eb9   Thumb Code    18  stm32f1xx_hal_tim.o(i.TIM_ITRx_SetConfig)
    i.TIM_OC1_SetConfig                      0x08003ecc   Section        0  stm32f1xx_hal_tim.o(i.TIM_OC1_SetConfig)
    TIM_OC1_SetConfig                        0x08003ecd   Thumb Code    90  stm32f1xx_hal_tim.o(i.TIM_OC1_SetConfig)
    i.TIM_OC2_SetConfig                      0x08003f2c   Section        0  stm32f1xx_hal_tim.o(i.TIM_OC2_SetConfig)
    i.TIM_OC3_SetConfig                      0x08003f94   Section        0  stm32f1xx_hal_tim.o(i.TIM_OC3_SetConfig)
    TIM_OC3_SetConfig                        0x08003f95   Thumb Code    98  stm32f1xx_hal_tim.o(i.TIM_OC3_SetConfig)
    i.TIM_OC4_SetConfig                      0x08003ffc   Section        0  stm32f1xx_hal_tim.o(i.TIM_OC4_SetConfig)
    TIM_OC4_SetConfig                        0x08003ffd   Thumb Code    68  stm32f1xx_hal_tim.o(i.TIM_OC4_SetConfig)
    i.TIM_TI1_ConfigInputStage               0x08004044   Section        0  stm32f1xx_hal_tim.o(i.TIM_TI1_ConfigInputStage)
    TIM_TI1_ConfigInputStage                 0x08004045   Thumb Code    38  stm32f1xx_hal_tim.o(i.TIM_TI1_ConfigInputStage)
    i.TIM_TI2_ConfigInputStage               0x0800406a   Section        0  stm32f1xx_hal_tim.o(i.TIM_TI2_ConfigInputStage)
    TIM_TI2_ConfigInputStage                 0x0800406b   Thumb Code    40  stm32f1xx_hal_tim.o(i.TIM_TI2_ConfigInputStage)
    i.UART_DMAAbortOnError                   0x08004092   Section        0  stm32f1xx_hal_uart.o(i.UART_DMAAbortOnError)
    UART_DMAAbortOnError                     0x08004093   Thumb Code    20  stm32f1xx_hal_uart.o(i.UART_DMAAbortOnError)
    i.UART_EndRxTransfer                     0x080040a6   Section        0  stm32f1xx_hal_uart.o(i.UART_EndRxTransfer)
    UART_EndRxTransfer                       0x080040a7   Thumb Code   108  stm32f1xx_hal_uart.o(i.UART_EndRxTransfer)
    i.UART_EndTransmit_IT                    0x08004112   Section        0  stm32f1xx_hal_uart.o(i.UART_EndTransmit_IT)
    UART_EndTransmit_IT                      0x08004113   Thumb Code    32  stm32f1xx_hal_uart.o(i.UART_EndTransmit_IT)
    i.UART_Receive_IT                        0x08004132   Section        0  stm32f1xx_hal_uart.o(i.UART_Receive_IT)
    UART_Receive_IT                          0x08004133   Thumb Code   252  stm32f1xx_hal_uart.o(i.UART_Receive_IT)
    i.UART_SetConfig                         0x08004230   Section        0  stm32f1xx_hal_uart.o(i.UART_SetConfig)
    UART_SetConfig                           0x08004231   Thumb Code   248  stm32f1xx_hal_uart.o(i.UART_SetConfig)
    i.UART_Start_Receive_IT                  0x0800432c   Section        0  stm32f1xx_hal_uart.o(i.UART_Start_Receive_IT)
    i.UART_Transmit_IT                       0x0800436c   Section        0  stm32f1xx_hal_uart.o(i.UART_Transmit_IT)
    UART_Transmit_IT                         0x0800436d   Thumb Code    96  stm32f1xx_hal_uart.o(i.UART_Transmit_IT)
    i.UART_WaitOnFlagUntilTimeout            0x080043cc   Section        0  stm32f1xx_hal_uart.o(i.UART_WaitOnFlagUntilTimeout)
    UART_WaitOnFlagUntilTimeout              0x080043cd   Thumb Code   140  stm32f1xx_hal_uart.o(i.UART_WaitOnFlagUntilTimeout)
    i.USART3_IRQHandler                      0x08004458   Section        0  stm32f1xx_it.o(i.USART3_IRQHandler)
    i.USART3_Proc                            0x08004468   Section        0  main.o(i.USART3_Proc)
    USART3_Proc                              0x08004469   Thumb Code   144  main.o(i.USART3_Proc)
    i.UsageFault_Handler                     0x0800451c   Section        0  stm32f1xx_it.o(i.UsageFault_Handler)
    i.__0printf                              0x08004520   Section        0  printfa.o(i.__0printf)
    i.__ARM_fpclassify                       0x08004540   Section        0  fpclassify.o(i.__ARM_fpclassify)
    i.__ARM_fpclassifyf                      0x08004568   Section        0  fpclassifyf.o(i.__ARM_fpclassifyf)
    i.__NVIC_GetPriorityGrouping             0x08004590   Section        0  stm32f1xx_hal_cortex.o(i.__NVIC_GetPriorityGrouping)
    __NVIC_GetPriorityGrouping               0x08004591   Thumb Code    10  stm32f1xx_hal_cortex.o(i.__NVIC_GetPriorityGrouping)
    i.__NVIC_SetPriority                     0x080045a0   Section        0  stm32f1xx_hal_cortex.o(i.__NVIC_SetPriority)
    __NVIC_SetPriority                       0x080045a1   Thumb Code    32  stm32f1xx_hal_cortex.o(i.__NVIC_SetPriority)
    i.__kernel_poly                          0x080045c8   Section        0  poly.o(i.__kernel_poly)
    i.__mathlib_dbl_infnan                   0x08004672   Section        0  dunder.o(i.__mathlib_dbl_infnan)
    i.__mathlib_dbl_infnan2                  0x08004678   Section        0  dunder.o(i.__mathlib_dbl_infnan2)
    i.__mathlib_dbl_underflow                0x0800467c   Section        0  dunder.o(i.__mathlib_dbl_underflow)
    i.__mathlib_flt_infnan                   0x0800468c   Section        0  funder.o(i.__mathlib_flt_infnan)
    i.__mathlib_flt_infnan2                  0x08004692   Section        0  funder.o(i.__mathlib_flt_infnan2)
    i.__mathlib_flt_invalid                  0x08004696   Section        0  funder.o(i.__mathlib_flt_invalid)
    i.__mathlib_flt_underflow                0x0800469e   Section        0  funder.o(i.__mathlib_flt_underflow)
    i.__scatterload_copy                     0x080046a8   Section       14  handlers.o(i.__scatterload_copy)
    i.__scatterload_null                     0x080046b6   Section        2  handlers.o(i.__scatterload_null)
    i.__scatterload_zeroinit                 0x080046b8   Section       14  handlers.o(i.__scatterload_zeroinit)
    i.__set_errno                            0x080046c8   Section        0  errno.o(i.__set_errno)
    i._fp_digits                             0x080046d4   Section        0  printfa.o(i._fp_digits)
    _fp_digits                               0x080046d5   Thumb Code   366  printfa.o(i._fp_digits)
    i._printf_core                           0x08004858   Section        0  printfa.o(i._printf_core)
    _printf_core                             0x08004859   Thumb Code  1744  printfa.o(i._printf_core)
    i._printf_post_padding                   0x08004f34   Section        0  printfa.o(i._printf_post_padding)
    _printf_post_padding                     0x08004f35   Thumb Code    36  printfa.o(i._printf_post_padding)
    i._printf_pre_padding                    0x08004f58   Section        0  printfa.o(i._printf_pre_padding)
    _printf_pre_padding                      0x08004f59   Thumb Code    46  printfa.o(i._printf_pre_padding)
    i.asinf                                  0x08004f88   Section        0  asinf.o(i.asinf)
    i.atan                                   0x080050ac   Section        0  atan.o(i.atan)
    i.atan2                                  0x080052cc   Section        0  atan2.o(i.atan2)
    i.atan2f                                 0x0800544c   Section        0  atan2f.o(i.atan2f)
    i.decode_gesture                         0x080056a8   Section        0  inv_mpu_dmp_motion_driver.o(i.decode_gesture)
    decode_gesture                           0x080056a9   Thumb Code    94  inv_mpu_dmp_motion_driver.o(i.decode_gesture)
    i.dmp_enable_6x_lp_quat                  0x0800570c   Section        0  inv_mpu_dmp_motion_driver.o(i.dmp_enable_6x_lp_quat)
    i.dmp_enable_feature                     0x08005748   Section        0  inv_mpu_dmp_motion_driver.o(i.dmp_enable_feature)
    i.dmp_enable_gyro_cal                    0x08005964   Section        0  inv_mpu_dmp_motion_driver.o(i.dmp_enable_gyro_cal)
    i.dmp_enable_lp_quat                     0x080059bc   Section        0  inv_mpu_dmp_motion_driver.o(i.dmp_enable_lp_quat)
    i.dmp_load_motion_driver_firmware        0x080059f8   Section        0  inv_mpu_dmp_motion_driver.o(i.dmp_load_motion_driver_firmware)
    i.dmp_read_fifo                          0x08005a10   Section        0  inv_mpu_dmp_motion_driver.o(i.dmp_read_fifo)
    i.dmp_set_fifo_rate                      0x08005be4   Section        0  inv_mpu_dmp_motion_driver.o(i.dmp_set_fifo_rate)
    i.dmp_set_orientation                    0x08005c54   Section        0  inv_mpu_dmp_motion_driver.o(i.dmp_set_orientation)
    i.dmp_set_shake_reject_thresh            0x08005d8c   Section        0  inv_mpu_dmp_motion_driver.o(i.dmp_set_shake_reject_thresh)
    i.dmp_set_shake_reject_time              0x08005dc4   Section        0  inv_mpu_dmp_motion_driver.o(i.dmp_set_shake_reject_time)
    i.dmp_set_shake_reject_timeout           0x08005dea   Section        0  inv_mpu_dmp_motion_driver.o(i.dmp_set_shake_reject_timeout)
    i.dmp_set_tap_axes                       0x08005e10   Section        0  inv_mpu_dmp_motion_driver.o(i.dmp_set_tap_axes)
    i.dmp_set_tap_count                      0x08005e56   Section        0  inv_mpu_dmp_motion_driver.o(i.dmp_set_tap_count)
    i.dmp_set_tap_thresh                     0x08005e7c   Section        0  inv_mpu_dmp_motion_driver.o(i.dmp_set_tap_thresh)
    i.dmp_set_tap_time                       0x0800601c   Section        0  inv_mpu_dmp_motion_driver.o(i.dmp_set_tap_time)
    i.dmp_set_tap_time_multi                 0x08006042   Section        0  inv_mpu_dmp_motion_driver.o(i.dmp_set_tap_time_multi)
    i.fputc                                  0x08006068   Section        0  main.o(i.fputc)
    i.i2c_read                               0x08006088   Section        0  inv_mpu.o(i.i2c_read)
    i2c_read                                 0x08006089   Thumb Code   120  inv_mpu.o(i.i2c_read)
    i.i2c_write                              0x08006100   Section        0  inv_mpu.o(i.i2c_write)
    i2c_write                                0x08006101   Thumb Code   102  inv_mpu.o(i.i2c_write)
    i.main                                   0x08006168   Section        0  main.o(i.main)
    i.mpu_configure_fifo                     0x080061f0   Section        0  inv_mpu.o(i.mpu_configure_fifo)
    i.mpu_get_accel_fsr                      0x08006260   Section        0  inv_mpu.o(i.mpu_get_accel_fsr)
    i.mpu_init                               0x080062ac   Section        0  inv_mpu.o(i.mpu_init)
    i.mpu_load_firmware                      0x080063a8   Section        0  inv_mpu.o(i.mpu_load_firmware)
    i.mpu_lp_accel_mode                      0x08006460   Section        0  inv_mpu.o(i.mpu_lp_accel_mode)
    i.mpu_read_fifo_stream                   0x08006540   Section        0  inv_mpu.o(i.mpu_read_fifo_stream)
    i.mpu_read_mem                           0x08006600   Section        0  inv_mpu.o(i.mpu_read_mem)
    i.mpu_reset_fifo                         0x08006680   Section        0  inv_mpu.o(i.mpu_reset_fifo)
    i.mpu_set_accel_fsr                      0x08006848   Section        0  inv_mpu.o(i.mpu_set_accel_fsr)
    i.mpu_set_bypass                         0x080068cc   Section        0  inv_mpu.o(i.mpu_set_bypass)
    i.mpu_set_dmp_state                      0x08006a18   Section        0  inv_mpu.o(i.mpu_set_dmp_state)
    i.mpu_set_gyro_fsr                       0x08006aa8   Section        0  inv_mpu.o(i.mpu_set_gyro_fsr)
    i.mpu_set_int_latched                    0x08006b30   Section        0  inv_mpu.o(i.mpu_set_int_latched)
    i.mpu_set_lpf                            0x08006b9c   Section        0  inv_mpu.o(i.mpu_set_lpf)
    i.mpu_set_sample_rate                    0x08006c20   Section        0  inv_mpu.o(i.mpu_set_sample_rate)
    i.mpu_set_sensors                        0x08006cbc   Section        0  inv_mpu.o(i.mpu_set_sensors)
    i.mpu_write_mem                          0x08006d8c   Section        0  inv_mpu.o(i.mpu_write_mem)
    i.set_int_enable                         0x08006e0c   Section        0  inv_mpu.o(i.set_int_enable)
    set_int_enable                           0x08006e0d   Thumb Code   138  inv_mpu.o(i.set_int_enable)
    i.sqrtf                                  0x08006e9c   Section        0  sqrtf.o(i.sqrtf)
    .constdata                               0x08006ec8   Section       84  inv_mpu.o(.constdata)
    .constdata                               0x08006f1c   Section     3062  inv_mpu_dmp_motion_driver.o(.constdata)
    dmp_memory                               0x08006f1c   Data        3062  inv_mpu_dmp_motion_driver.o(.constdata)
    .constdata                               0x08007b12   Section       18  stm32f1xx_hal_rcc.o(.constdata)
    aPLLMULFactorTable                       0x08007b12   Data          16  stm32f1xx_hal_rcc.o(.constdata)
    aPredivFactorTable                       0x08007b22   Data           2  stm32f1xx_hal_rcc.o(.constdata)
    .constdata                               0x08007b24   Section       24  system_stm32f1xx.o(.constdata)
    .constdata                               0x08007b40   Section      152  atan.o(.constdata)
    atanhi                                   0x08007b40   Data          32  atan.o(.constdata)
    atanlo                                   0x08007b60   Data          32  atan.o(.constdata)
    aTodd                                    0x08007b80   Data          40  atan.o(.constdata)
    aTeven                                   0x08007ba8   Data          48  atan.o(.constdata)
    .constdata                               0x08007bd8   Section        8  qnan.o(.constdata)
    .data                                    0x20000000   Section       23  oled.o(.data)
    .data                                    0x20000018   Section       69  mpu6050.o(.data)
    ax                                       0x20000018   Data           4  mpu6050.o(.data)
    ay                                       0x2000001c   Data           4  mpu6050.o(.data)
    az                                       0x20000020   Data           4  mpu6050.o(.data)
    temperature                              0x20000024   Data           4  mpu6050.o(.data)
    gx                                       0x20000028   Data           4  mpu6050.o(.data)
    gy                                       0x2000002c   Data           4  mpu6050.o(.data)
    gz                                       0x20000030   Data           4  mpu6050.o(.data)
    yaw                                      0x20000034   Data           4  mpu6050.o(.data)
    pitch                                    0x20000038   Data           4  mpu6050.o(.data)
    roll                                     0x2000003c   Data           4  mpu6050.o(.data)
    currentMode                              0x20000044   Data           1  mpu6050.o(.data)
    nxt                                      0x20000048   Data           4  mpu6050.o(.data)
    nxt                                      0x2000004c   Data           4  mpu6050.o(.data)
    yaw_g                                    0x20000050   Data           4  mpu6050.o(.data)
    pitch_g                                  0x20000054   Data           4  mpu6050.o(.data)
    roll_g                                   0x20000058   Data           4  mpu6050.o(.data)
    kalman_init                              0x2000005c   Data           1  mpu6050.o(.data)
    .data                                    0x20000060   Section        8  sr04.o(.data)
    .data                                    0x20000068   Section      150  main.o(.data)
    ax                                       0x20000068   Data           4  main.o(.data)
    ay                                       0x2000006c   Data           4  main.o(.data)
    az                                       0x20000070   Data           4  main.o(.data)
    temperature                              0x20000074   Data           4  main.o(.data)
    gx                                       0x20000078   Data           4  main.o(.data)
    gy                                       0x2000007c   Data           4  main.o(.data)
    gz                                       0x20000080   Data           4  main.o(.data)
    yaw                                      0x20000084   Data           4  main.o(.data)
    pitch                                    0x20000088   Data           4  main.o(.data)
    roll                                     0x2000008c   Data           4  main.o(.data)
    nxt                                      0x200000f4   Data           4  main.o(.data)
    nxt                                      0x200000f8   Data           4  main.o(.data)
    RxState                                  0x200000fc   Data           1  main.o(.data)
    pRxPacket                                0x200000fd   Data           1  main.o(.data)
    .data                                    0x200000fe   Section        2  stm32f1xx_it.o(.data)
    .data                                    0x20000100   Section       44  inv_mpu.o(.data)
    st                                       0x20000100   Data          44  inv_mpu.o(.data)
    .data                                    0x2000012c   Section        9  stm32f1xx_hal.o(.data)
    .data                                    0x20000138   Section        4  system_stm32f1xx.o(.data)
    .data                                    0x2000013c   Section        4  stdout.o(.data)
    .data                                    0x20000140   Section        4  errno.o(.data)
    _errno                                   0x20000140   Data           4  errno.o(.data)
    .bss                                     0x20000144   Section       72  mpu6050.o(.bss)
    .bss                                     0x2000018c   Section      248  main.o(.bss)
    .bss                                     0x20000284   Section       84  i2c.o(.bss)
    .bss                                     0x200002d8   Section      288  tim.o(.bss)
    .bss                                     0x200003f8   Section       72  usart.o(.bss)
    .bss                                     0x20000440   Section       16  inv_mpu_dmp_motion_driver.o(.bss)
    dmp                                      0x20000440   Data          16  inv_mpu_dmp_motion_driver.o(.bss)
    STACK                                    0x20000450   Section     1024  startup_stm32f103xb.o(STACK)

    Global Symbols

    Symbol Name                              Value     Ov Type        Size  Object(Section)

    BuildAttributes$$THM_ISAv4$P$D$K$B$S$PE$A:L22UL41UL21$X:L11$S22US41US21$IEEE1$IW$USESV6$~STKCKD$USESV7$~SHL$OTIME$ROPI$IEEEX$EBA8$MICROLIB$REQ8$PRES8$EABIv2 0x00000000   Number         0  anon$$obj.o ABSOLUTE
    __ARM_use_no_argv                        0x00000000   Number         0  main.o ABSOLUTE
    _printf_a                                0x00000000   Number         0  stubs.o ABSOLUTE
    _printf_c                                0x00000000   Number         0  stubs.o ABSOLUTE
    _printf_charcount                        0x00000000   Number         0  stubs.o ABSOLUTE
    _printf_d                                0x00000000   Number         0  stubs.o ABSOLUTE
    _printf_e                                0x00000000   Number         0  stubs.o ABSOLUTE
    _printf_f                                0x00000000   Number         0  stubs.o ABSOLUTE
    _printf_flags                            0x00000000   Number         0  stubs.o ABSOLUTE
    _printf_fp_dec                           0x00000000   Number         0  stubs.o ABSOLUTE
    _printf_fp_hex                           0x00000000   Number         0  stubs.o ABSOLUTE
    _printf_g                                0x00000000   Number         0  stubs.o ABSOLUTE
    _printf_i                                0x00000000   Number         0  stubs.o ABSOLUTE
    _printf_int_dec                          0x00000000   Number         0  stubs.o ABSOLUTE
    _printf_l                                0x00000000   Number         0  stubs.o ABSOLUTE
    _printf_lc                               0x00000000   Number         0  stubs.o ABSOLUTE
    _printf_ll                               0x00000000   Number         0  stubs.o ABSOLUTE
    _printf_lld                              0x00000000   Number         0  stubs.o ABSOLUTE
    _printf_lli                              0x00000000   Number         0  stubs.o ABSOLUTE
    _printf_llo                              0x00000000   Number         0  stubs.o ABSOLUTE
    _printf_llu                              0x00000000   Number         0  stubs.o ABSOLUTE
    _printf_llx                              0x00000000   Number         0  stubs.o ABSOLUTE
    _printf_longlong_dec                     0x00000000   Number         0  stubs.o ABSOLUTE
    _printf_longlong_hex                     0x00000000   Number         0  stubs.o ABSOLUTE
    _printf_longlong_oct                     0x00000000   Number         0  stubs.o ABSOLUTE
    _printf_ls                               0x00000000   Number         0  stubs.o ABSOLUTE
    _printf_mbtowc                           0x00000000   Number         0  stubs.o ABSOLUTE
    _printf_n                                0x00000000   Number         0  stubs.o ABSOLUTE
    _printf_o                                0x00000000   Number         0  stubs.o ABSOLUTE
    _printf_p                                0x00000000   Number         0  stubs.o ABSOLUTE
    _printf_percent                          0x00000000   Number         0  stubs.o ABSOLUTE
    _printf_pre_padding                      0x00000000   Number         0  stubs.o ABSOLUTE
    _printf_return_value                     0x00000000   Number         0  stubs.o ABSOLUTE
    _printf_s                                0x00000000   Number         0  stubs.o ABSOLUTE
    _printf_sizespec                         0x00000000   Number         0  stubs.o ABSOLUTE
    _printf_str                              0x00000000   Number         0  stubs.o ABSOLUTE
    _printf_truncate_signed                  0x00000000   Number         0  stubs.o ABSOLUTE
    _printf_truncate_unsigned                0x00000000   Number         0  stubs.o ABSOLUTE
    _printf_u                                0x00000000   Number         0  stubs.o ABSOLUTE
    _printf_wc                               0x00000000   Number         0  stubs.o ABSOLUTE
    _printf_wctomb                           0x00000000   Number         0  stubs.o ABSOLUTE
    _printf_widthprec                        0x00000000   Number         0  stubs.o ABSOLUTE
    _printf_x                                0x00000000   Number         0  stubs.o ABSOLUTE
    __cpp_initialize__aeabi_                  - Undefined Weak Reference
    __cxa_finalize                            - Undefined Weak Reference
    _clock_init                               - Undefined Weak Reference
    _microlib_exit                            - Undefined Weak Reference
    __Vectors_Size                           0x000000ec   Number         0  startup_stm32f103xb.o ABSOLUTE
    __Vectors                                0x08000000   Data           4  startup_stm32f103xb.o(RESET)
    __Vectors_End                            0x080000ec   Data           0  startup_stm32f103xb.o(RESET)
    __main                                   0x080000ed   Thumb Code     0  entry.o(.ARM.Collect$$$$00000000)
    _main_stk                                0x080000ed   Thumb Code     0  entry2.o(.ARM.Collect$$$$00000001)
    _main_scatterload                        0x080000f1   Thumb Code     0  entry5.o(.ARM.Collect$$$$00000004)
    __main_after_scatterload                 0x080000f5   Thumb Code     0  entry5.o(.ARM.Collect$$$$00000004)
    _main_clock                              0x080000f5   Thumb Code     0  entry7b.o(.ARM.Collect$$$$00000008)
    _main_cpp_init                           0x080000f5   Thumb Code     0  entry8b.o(.ARM.Collect$$$$0000000A)
    _main_init                               0x080000f5   Thumb Code     0  entry9a.o(.ARM.Collect$$$$0000000B)
    __rt_final_cpp                           0x080000fd   Thumb Code     0  entry10a.o(.ARM.Collect$$$$0000000D)
    __rt_final_exit                          0x080000fd   Thumb Code     0  entry11a.o(.ARM.Collect$$$$0000000F)
    Reset_Handler                            0x08000101   Thumb Code     8  startup_stm32f103xb.o(.text)
    ADC1_2_IRQHandler                        0x0800011b   Thumb Code     0  startup_stm32f103xb.o(.text)
    CAN1_RX1_IRQHandler                      0x0800011b   Thumb Code     0  startup_stm32f103xb.o(.text)
    CAN1_SCE_IRQHandler                      0x0800011b   Thumb Code     0  startup_stm32f103xb.o(.text)
    DMA1_Channel1_IRQHandler                 0x0800011b   Thumb Code     0  startup_stm32f103xb.o(.text)
    DMA1_Channel2_IRQHandler                 0x0800011b   Thumb Code     0  startup_stm32f103xb.o(.text)
    DMA1_Channel3_IRQHandler                 0x0800011b   Thumb Code     0  startup_stm32f103xb.o(.text)
    DMA1_Channel4_IRQHandler                 0x0800011b   Thumb Code     0  startup_stm32f103xb.o(.text)
    DMA1_Channel5_IRQHandler                 0x0800011b   Thumb Code     0  startup_stm32f103xb.o(.text)
    DMA1_Channel6_IRQHandler                 0x0800011b   Thumb Code     0  startup_stm32f103xb.o(.text)
    DMA1_Channel7_IRQHandler                 0x0800011b   Thumb Code     0  startup_stm32f103xb.o(.text)
    EXTI0_IRQHandler                         0x0800011b   Thumb Code     0  startup_stm32f103xb.o(.text)
    EXTI15_10_IRQHandler                     0x0800011b   Thumb Code     0  startup_stm32f103xb.o(.text)
    EXTI1_IRQHandler                         0x0800011b   Thumb Code     0  startup_stm32f103xb.o(.text)
    EXTI3_IRQHandler                         0x0800011b   Thumb Code     0  startup_stm32f103xb.o(.text)
    EXTI4_IRQHandler                         0x0800011b   Thumb Code     0  startup_stm32f103xb.o(.text)
    EXTI9_5_IRQHandler                       0x0800011b   Thumb Code     0  startup_stm32f103xb.o(.text)
    FLASH_IRQHandler                         0x0800011b   Thumb Code     0  startup_stm32f103xb.o(.text)
    I2C1_ER_IRQHandler                       0x0800011b   Thumb Code     0  startup_stm32f103xb.o(.text)
    I2C1_EV_IRQHandler                       0x0800011b   Thumb Code     0  startup_stm32f103xb.o(.text)
    I2C2_ER_IRQHandler                       0x0800011b   Thumb Code     0  startup_stm32f103xb.o(.text)
    I2C2_EV_IRQHandler                       0x0800011b   Thumb Code     0  startup_stm32f103xb.o(.text)
    PVD_IRQHandler                           0x0800011b   Thumb Code     0  startup_stm32f103xb.o(.text)
    RCC_IRQHandler                           0x0800011b   Thumb Code     0  startup_stm32f103xb.o(.text)
    RTC_Alarm_IRQHandler                     0x0800011b   Thumb Code     0  startup_stm32f103xb.o(.text)
    RTC_IRQHandler                           0x0800011b   Thumb Code     0  startup_stm32f103xb.o(.text)
    SPI1_IRQHandler                          0x0800011b   Thumb Code     0  startup_stm32f103xb.o(.text)
    SPI2_IRQHandler                          0x0800011b   Thumb Code     0  startup_stm32f103xb.o(.text)
    TAMPER_IRQHandler                        0x0800011b   Thumb Code     0  startup_stm32f103xb.o(.text)
    TIM1_BRK_IRQHandler                      0x0800011b   Thumb Code     0  startup_stm32f103xb.o(.text)
    TIM1_CC_IRQHandler                       0x0800011b   Thumb Code     0  startup_stm32f103xb.o(.text)
    TIM1_TRG_COM_IRQHandler                  0x0800011b   Thumb Code     0  startup_stm32f103xb.o(.text)
    TIM1_UP_IRQHandler                       0x0800011b   Thumb Code     0  startup_stm32f103xb.o(.text)
    TIM2_IRQHandler                          0x0800011b   Thumb Code     0  startup_stm32f103xb.o(.text)
    TIM3_IRQHandler                          0x0800011b   Thumb Code     0  startup_stm32f103xb.o(.text)
    TIM4_IRQHandler                          0x0800011b   Thumb Code     0  startup_stm32f103xb.o(.text)
    USART1_IRQHandler                        0x0800011b   Thumb Code     0  startup_stm32f103xb.o(.text)
    USART2_IRQHandler                        0x0800011b   Thumb Code     0  startup_stm32f103xb.o(.text)
    USBWakeUp_IRQHandler                     0x0800011b   Thumb Code     0  startup_stm32f103xb.o(.text)
    USB_HP_CAN1_TX_IRQHandler                0x0800011b   Thumb Code     0  startup_stm32f103xb.o(.text)
    USB_LP_CAN1_RX0_IRQHandler               0x0800011b   Thumb Code     0  startup_stm32f103xb.o(.text)
    WWDG_IRQHandler                          0x0800011b   Thumb Code     0  startup_stm32f103xb.o(.text)
    __aeabi_llsr                             0x08000125   Thumb Code    32  llushr.o(.text)
    _ll_ushift_r                             0x08000125   Thumb Code     0  llushr.o(.text)
    __aeabi_memset                           0x08000145   Thumb Code    14  memseta.o(.text)
    __aeabi_memset4                          0x08000145   Thumb Code     0  memseta.o(.text)
    __aeabi_memset8                          0x08000145   Thumb Code     0  memseta.o(.text)
    __aeabi_memclr                           0x08000153   Thumb Code     4  memseta.o(.text)
    __aeabi_memclr4                          0x08000153   Thumb Code     0  memseta.o(.text)
    __aeabi_memclr8                          0x08000153   Thumb Code     0  memseta.o(.text)
    _memset$wrapper                          0x08000157   Thumb Code    18  memseta.o(.text)
    memcmp                                   0x08000169   Thumb Code    26  memcmp.o(.text)
    __aeabi_fadd                             0x08000183   Thumb Code   164  fadd.o(.text)
    __aeabi_fsub                             0x08000227   Thumb Code     6  fadd.o(.text)
    __aeabi_frsub                            0x0800022d   Thumb Code     6  fadd.o(.text)
    __aeabi_fmul                             0x08000233   Thumb Code   100  fmul.o(.text)
    __aeabi_fdiv                             0x08000297   Thumb Code   124  fdiv.o(.text)
    __aeabi_dadd                             0x08000313   Thumb Code   322  dadd.o(.text)
    __aeabi_dsub                             0x08000455   Thumb Code     6  dadd.o(.text)
    __aeabi_drsub                            0x0800045b   Thumb Code     6  dadd.o(.text)
    __aeabi_dmul                             0x08000461   Thumb Code   228  dmul.o(.text)
    __aeabi_ddiv                             0x08000545   Thumb Code   222  ddiv.o(.text)
    __aeabi_i2f                              0x08000623   Thumb Code    18  fflti.o(.text)
    __aeabi_ui2f                             0x08000635   Thumb Code    10  ffltui.o(.text)
    __aeabi_ui2d                             0x0800063f   Thumb Code    26  dfltui.o(.text)
    __aeabi_f2uiz                            0x08000659   Thumb Code    40  ffixui.o(.text)
    __aeabi_f2d                              0x08000681   Thumb Code    38  f2d.o(.text)
    __aeabi_cdrcmple                         0x080006a9   Thumb Code    48  cdrcmple.o(.text)
    __aeabi_d2f                              0x080006d9   Thumb Code    56  d2f.o(.text)
    __aeabi_uidiv                            0x08000711   Thumb Code     0  uidiv.o(.text)
    __aeabi_uidivmod                         0x08000711   Thumb Code    44  uidiv.o(.text)
    __aeabi_uldivmod                         0x0800073d   Thumb Code    98  uldiv.o(.text)
    __aeabi_llsl                             0x0800079f   Thumb Code    30  llshl.o(.text)
    _ll_shift_l                              0x0800079f   Thumb Code     0  llshl.o(.text)
    __aeabi_lasr                             0x080007bd   Thumb Code    36  llsshr.o(.text)
    _ll_sshift_r                             0x080007bd   Thumb Code     0  llsshr.o(.text)
    __I$use$fp                               0x080007e1   Thumb Code     0  iusefp.o(.text)
    _float_round                             0x080007e1   Thumb Code    18  fepilogue.o(.text)
    _float_epilogue                          0x080007f3   Thumb Code    92  fepilogue.o(.text)
    __ARM_scalbnf                            0x0800084f   Thumb Code    24  fscalb.o(.text)
    scalbnf                                  0x0800084f   Thumb Code     0  fscalb.o(.text)
    _double_round                            0x08000867   Thumb Code    30  depilogue.o(.text)
    _double_epilogue                         0x08000885   Thumb Code   156  depilogue.o(.text)
    __aeabi_d2ulz                            0x08000921   Thumb Code    48  dfixul.o(.text)
    __scatterload                            0x08000951   Thumb Code    28  init.o(.text)
    __scatterload_rt2                        0x08000951   Thumb Code     0  init.o(.text)
    _fsqrt                                   0x08000975   Thumb Code    94  fsqrt.o(.text)
    __ARM_scalbn                             0x080009d3   Thumb Code    46  dscalb.o(.text)
    scalbn                                   0x080009d3   Thumb Code     0  dscalb.o(.text)
    __decompress                             0x08000a01   Thumb Code     0  __dczerorl2.o(.text)
    __decompress1                            0x08000a01   Thumb Code    86  __dczerorl2.o(.text)
    BusFault_Handler                         0x08000a57   Thumb Code     4  stm32f1xx_it.o(i.BusFault_Handler)
    DWT_Init                                 0x08000a5d   Thumb Code    30  main.o(i.DWT_Init)
    DebugMon_Handler                         0x08000a85   Thumb Code     2  stm32f1xx_it.o(i.DebugMon_Handler)
    EXTI2_IRQHandler                         0x08000a87   Thumb Code    10  stm32f1xx_it.o(i.EXTI2_IRQHandler)
    Error_Handler                            0x08000a91   Thumb Code     6  main.o(i.Error_Handler)
    HAL_DMA_Abort                            0x08000a97   Thumb Code    86  stm32f1xx_hal_dma.o(i.HAL_DMA_Abort)
    HAL_DMA_Abort_IT                         0x08000aed   Thumb Code   172  stm32f1xx_hal_dma.o(i.HAL_DMA_Abort_IT)
    HAL_Delay                                0x08000b9d   Thumb Code    36  stm32f1xx_hal.o(i.HAL_Delay)
    HAL_Delay_us                             0x08000bc5   Thumb Code    40  sr04.o(i.HAL_Delay_us)
    HAL_GPIO_EXTI_Callback                   0x08000bf1   Thumb Code    92  sr04.o(i.HAL_GPIO_EXTI_Callback)
    HAL_GPIO_EXTI_IRQHandler                 0x08000c69   Thumb Code    24  stm32f1xx_hal_gpio.o(i.HAL_GPIO_EXTI_IRQHandler)
    HAL_GPIO_Init                            0x08000c85   Thumb Code   766  stm32f1xx_hal_gpio.o(i.HAL_GPIO_Init)
    HAL_GPIO_ReadPin                         0x08000fa5   Thumb Code    16  stm32f1xx_hal_gpio.o(i.HAL_GPIO_ReadPin)
    HAL_GPIO_WritePin                        0x08000fb5   Thumb Code    12  stm32f1xx_hal_gpio.o(i.HAL_GPIO_WritePin)
    HAL_GetTick                              0x08000fc1   Thumb Code     6  stm32f1xx_hal.o(i.HAL_GetTick)
    HAL_I2C_Init                             0x08000fcd   Thumb Code   446  stm32f1xx_hal_i2c.o(i.HAL_I2C_Init)
    HAL_I2C_Mem_Write                        0x0800119d   Thumb Code   348  stm32f1xx_hal_i2c.o(i.HAL_I2C_Mem_Write)
    HAL_I2C_MspInit                          0x08001301   Thumb Code   124  i2c.o(i.HAL_I2C_MspInit)
    HAL_IncTick                              0x0800138d   Thumb Code    16  stm32f1xx_hal.o(i.HAL_IncTick)
    HAL_Init                                 0x080013a5   Thumb Code    34  stm32f1xx_hal.o(i.HAL_Init)
    HAL_InitTick                             0x080013cd   Thumb Code    64  stm32f1xx_hal.o(i.HAL_InitTick)
    HAL_MspInit                              0x08001419   Thumb Code    76  stm32f1xx_hal_msp.o(i.HAL_MspInit)
    HAL_NVIC_EnableIRQ                       0x0800146d   Thumb Code    32  stm32f1xx_hal_cortex.o(i.HAL_NVIC_EnableIRQ)
    HAL_NVIC_SetPriority                     0x0800148d   Thumb Code   124  stm32f1xx_hal_cortex.o(i.HAL_NVIC_SetPriority)
    HAL_NVIC_SetPriorityGrouping             0x08001509   Thumb Code    32  stm32f1xx_hal_cortex.o(i.HAL_NVIC_SetPriorityGrouping)
    HAL_RCC_ClockConfig                      0x08001531   Thumb Code   376  stm32f1xx_hal_rcc.o(i.HAL_RCC_ClockConfig)
    HAL_RCC_GetHCLKFreq                      0x080016bd   Thumb Code     6  stm32f1xx_hal_rcc.o(i.HAL_RCC_GetHCLKFreq)
    HAL_RCC_GetPCLK1Freq                     0x080016c9   Thumb Code    22  stm32f1xx_hal_rcc.o(i.HAL_RCC_GetPCLK1Freq)
    HAL_RCC_GetPCLK2Freq                     0x080016e9   Thumb Code    22  stm32f1xx_hal_rcc.o(i.HAL_RCC_GetPCLK2Freq)
    HAL_RCC_GetSysClockFreq                  0x08001709   Thumb Code    92  stm32f1xx_hal_rcc.o(i.HAL_RCC_GetSysClockFreq)
    HAL_RCC_OscConfig                        0x08001779   Thumb Code  1114  stm32f1xx_hal_rcc.o(i.HAL_RCC_OscConfig)
    HAL_SYSTICK_Config                       0x08001bdd   Thumb Code    52  stm32f1xx_hal_cortex.o(i.HAL_SYSTICK_Config)
    HAL_TIMEx_ConfigBreakDeadTime            0x08001c11   Thumb Code   116  stm32f1xx_hal_tim_ex.o(i.HAL_TIMEx_ConfigBreakDeadTime)
    HAL_TIMEx_MasterConfigSynchronization    0x08001c85   Thumb Code   118  stm32f1xx_hal_tim_ex.o(i.HAL_TIMEx_MasterConfigSynchronization)
    HAL_TIM_Base_Init                        0x08001d09   Thumb Code   102  stm32f1xx_hal_tim.o(i.HAL_TIM_Base_Init)
    HAL_TIM_Base_MspInit                     0x08001d71   Thumb Code    40  tim.o(i.HAL_TIM_Base_MspInit)
    HAL_TIM_Base_Start                       0x08001da1   Thumb Code    94  stm32f1xx_hal_tim.o(i.HAL_TIM_Base_Start)
    HAL_TIM_Base_Stop                        0x08001e0d   Thumb Code    50  stm32f1xx_hal_tim.o(i.HAL_TIM_Base_Stop)
    HAL_TIM_ConfigClockSource                0x08001e3f   Thumb Code   268  stm32f1xx_hal_tim.o(i.HAL_TIM_ConfigClockSource)
    HAL_TIM_Encoder_Init                     0x08001f4b   Thumb Code   196  stm32f1xx_hal_tim.o(i.HAL_TIM_Encoder_Init)
    HAL_TIM_Encoder_MspInit                  0x08002011   Thumb Code   182  tim.o(i.HAL_TIM_Encoder_MspInit)
    HAL_TIM_Encoder_Start                    0x080020d9   Thumb Code   204  stm32f1xx_hal_tim.o(i.HAL_TIM_Encoder_Start)
    HAL_TIM_MspPostInit                      0x080021a5   Thumb Code    76  tim.o(i.HAL_TIM_MspPostInit)
    HAL_TIM_PWM_ConfigChannel                0x080021fd   Thumb Code   260  stm32f1xx_hal_tim.o(i.HAL_TIM_PWM_ConfigChannel)
    HAL_TIM_PWM_Init                         0x08002301   Thumb Code   102  stm32f1xx_hal_tim.o(i.HAL_TIM_PWM_Init)
    HAL_TIM_PWM_MspInit                      0x08002369   Thumb Code    40  tim.o(i.HAL_TIM_PWM_MspInit)
    HAL_TIM_PWM_Start                        0x08002399   Thumb Code   198  stm32f1xx_hal_tim.o(i.HAL_TIM_PWM_Start)
    HAL_UARTEx_RxEventCallback               0x0800246d   Thumb Code     2  stm32f1xx_hal_uart.o(i.HAL_UARTEx_RxEventCallback)
    HAL_UART_ErrorCallback                   0x0800246f   Thumb Code     2  stm32f1xx_hal_uart.o(i.HAL_UART_ErrorCallback)
    HAL_UART_IRQHandler                      0x08002471   Thumb Code   736  stm32f1xx_hal_uart.o(i.HAL_UART_IRQHandler)
    HAL_UART_Init                            0x08002755   Thumb Code   118  stm32f1xx_hal_uart.o(i.HAL_UART_Init)
    HAL_UART_MspInit                         0x080027cd   Thumb Code   138  usart.o(i.HAL_UART_MspInit)
    HAL_UART_Receive_IT                      0x08002865   Thumb Code    44  stm32f1xx_hal_uart.o(i.HAL_UART_Receive_IT)
    HAL_UART_RxCpltCallback                  0x08002891   Thumb Code   118  main.o(i.HAL_UART_RxCpltCallback)
    HAL_UART_Transmit                        0x08002925   Thumb Code   190  stm32f1xx_hal_uart.o(i.HAL_UART_Transmit)
    HAL_UART_TxCpltCallback                  0x080029e3   Thumb Code     2  stm32f1xx_hal_uart.o(i.HAL_UART_TxCpltCallback)
    HardFault_Handler                        0x080029e5   Thumb Code     4  stm32f1xx_it.o(i.HardFault_Handler)
    IIC_Init                                 0x08002d8d   Thumb Code    28  myi2c.o(i.IIC_Init)
    IIC_R_SDA                                0x08002da9   Thumb Code    22  myi2c.o(i.IIC_R_SDA)
    IIC_ReceiveAck                           0x08002dc5   Thumb Code    30  myi2c.o(i.IIC_ReceiveAck)
    IIC_ReceiveByte                          0x08002de3   Thumb Code    50  myi2c.o(i.IIC_ReceiveByte)
    IIC_SendAck                              0x08002e15   Thumb Code    24  myi2c.o(i.IIC_SendAck)
    IIC_SendByte                             0x08002e2d   Thumb Code    50  myi2c.o(i.IIC_SendByte)
    IIC_Start                                0x08002e5f   Thumb Code    28  myi2c.o(i.IIC_Start)
    IIC_Stop                                 0x08002e7b   Thumb Code    22  myi2c.o(i.IIC_Stop)
    IIC_W_SCL                                0x08002e91   Thumb Code    16  myi2c.o(i.IIC_W_SCL)
    IIC_W_SDA                                0x08002ea5   Thumb Code    16  myi2c.o(i.IIC_W_SDA)
    Kalman_Init                              0x08002eb9   Thumb Code    30  mpu6050.o(i.Kalman_Init)
    Kalman_Predict                           0x08002ee5   Thumb Code   144  mpu6050.o(i.Kalman_Predict)
    Kalman_Update                            0x08002f75   Thumb Code   176  mpu6050.o(i.Kalman_Update)
    Load                                     0x08003025   Thumb Code   140  motor.o(i.Load)
    MPU6050_DMP_Init                         0x080030b9   Thumb Code    96  mpu6050.o(i.MPU6050_DMP_Init)
    MPU6050_GetPitch                         0x08003119   Thumb Code     6  mpu6050.o(i.MPU6050_GetPitch)
    MPU6050_GetRoll                          0x08003125   Thumb Code     6  mpu6050.o(i.MPU6050_GetRoll)
    MPU6050_GetYaw                           0x08003131   Thumb Code     6  mpu6050.o(i.MPU6050_GetYaw)
    MPU6050_Init                             0x0800313d   Thumb Code    62  mpu6050.o(i.MPU6050_Init)
    MPU6050_Mode_Update                      0x0800317d   Thumb Code    40  mpu6050.o(i.MPU6050_Mode_Update)
    MPU6050_Proc_Complementary               0x080031a9   Thumb Code   426  mpu6050.o(i.MPU6050_Proc_Complementary)
    MPU6050_Proc_Kalman                      0x08003391   Thumb Code   414  mpu6050.o(i.MPU6050_Proc_Kalman)
    MPU6050_ReadRegs                         0x08003585   Thumb Code    94  mpu6050.o(i.MPU6050_ReadRegs)
    MPU6050_SetMode                          0x080035e5   Thumb Code    60  mpu6050.o(i.MPU6050_SetMode)
    MPU6050_UpDate                           0x08003625   Thumb Code   214  mpu6050.o(i.MPU6050_UpDate)
    MPU6050_WriteReg                         0x080038c9   Thumb Code    46  mpu6050.o(i.MPU6050_WriteReg)
    MX_GPIO_Init                             0x080038f9   Thumb Code   264  gpio.o(i.MX_GPIO_Init)
    MX_I2C1_Init                             0x08003a11   Thumb Code    48  i2c.o(i.MX_I2C1_Init)
    MX_TIM1_Init                             0x08003a4d   Thumb Code   186  tim.o(i.MX_TIM1_Init)
    MX_TIM2_Init                             0x08003b11   Thumb Code   116  tim.o(i.MX_TIM2_Init)
    MX_TIM3_Init                             0x08003b89   Thumb Code   100  tim.o(i.MX_TIM3_Init)
    MX_TIM4_Init                             0x08003bf5   Thumb Code   114  tim.o(i.MX_TIM4_Init)
    MX_USART3_UART_Init                      0x08003c71   Thumb Code    46  usart.o(i.MX_USART3_UART_Init)
    MemManage_Handler                        0x08003ca9   Thumb Code     4  stm32f1xx_it.o(i.MemManage_Handler)
    NMI_Handler                              0x08003cad   Thumb Code     4  stm32f1xx_it.o(i.NMI_Handler)
    OLED_Clear                               0x08003cb1   Thumb Code    56  oled.o(i.OLED_Clear)
    OLED_Init                                0x08003ce9   Thumb Code    32  oled.o(i.OLED_Init)
    OLED_WR_CMD                              0x08003d0d   Thumb Code    34  oled.o(i.OLED_WR_CMD)
    OLED_WR_DATA                             0x08003d35   Thumb Code    34  oled.o(i.OLED_WR_DATA)
    PendSV_Handler                           0x08003d5d   Thumb Code     2  stm32f1xx_it.o(i.PendSV_Handler)
    SVC_Handler                              0x08003d89   Thumb Code     2  stm32f1xx_it.o(i.SVC_Handler)
    SysTick_Handler                          0x08003d8b   Thumb Code     8  stm32f1xx_it.o(i.SysTick_Handler)
    SystemClock_Config                       0x08003d93   Thumb Code   102  main.o(i.SystemClock_Config)
    SystemInit                               0x08003df9   Thumb Code     2  system_stm32f1xx.o(i.SystemInit)
    TIM_Base_SetConfig                       0x08003dfd   Thumb Code   120  stm32f1xx_hal_tim.o(i.TIM_Base_SetConfig)
    TIM_CCxChannelCmd                        0x08003e81   Thumb Code    34  stm32f1xx_hal_tim.o(i.TIM_CCxChannelCmd)
    TIM_ETR_SetConfig                        0x08003ea3   Thumb Code    22  stm32f1xx_hal_tim.o(i.TIM_ETR_SetConfig)
    TIM_OC2_SetConfig                        0x08003f2d   Thumb Code   100  stm32f1xx_hal_tim.o(i.TIM_OC2_SetConfig)
    UART_Start_Receive_IT                    0x0800432d   Thumb Code    64  stm32f1xx_hal_uart.o(i.UART_Start_Receive_IT)
    USART3_IRQHandler                        0x08004459   Thumb Code    10  stm32f1xx_it.o(i.USART3_IRQHandler)
    UsageFault_Handler                       0x0800451d   Thumb Code     4  stm32f1xx_it.o(i.UsageFault_Handler)
    __0printf                                0x08004521   Thumb Code    22  printfa.o(i.__0printf)
    __1printf                                0x08004521   Thumb Code     0  printfa.o(i.__0printf)
    __2printf                                0x08004521   Thumb Code     0  printfa.o(i.__0printf)
    __c89printf                              0x08004521   Thumb Code     0  printfa.o(i.__0printf)
    printf                                   0x08004521   Thumb Code     0  printfa.o(i.__0printf)
    __ARM_fpclassify                         0x08004541   Thumb Code    40  fpclassify.o(i.__ARM_fpclassify)
    __ARM_fpclassifyf                        0x08004569   Thumb Code    38  fpclassifyf.o(i.__ARM_fpclassifyf)
    __kernel_poly                            0x080045c9   Thumb Code   170  poly.o(i.__kernel_poly)
    __mathlib_dbl_infnan                     0x08004673   Thumb Code     6  dunder.o(i.__mathlib_dbl_infnan)
    __mathlib_dbl_infnan2                    0x08004679   Thumb Code     4  dunder.o(i.__mathlib_dbl_infnan2)
    __mathlib_dbl_underflow                  0x0800467d   Thumb Code    10  dunder.o(i.__mathlib_dbl_underflow)
    __mathlib_flt_infnan                     0x0800468d   Thumb Code     6  funder.o(i.__mathlib_flt_infnan)
    __mathlib_flt_infnan2                    0x08004693   Thumb Code     4  funder.o(i.__mathlib_flt_infnan2)
    __mathlib_flt_invalid                    0x08004697   Thumb Code     8  funder.o(i.__mathlib_flt_invalid)
    __mathlib_flt_underflow                  0x0800469f   Thumb Code    10  funder.o(i.__mathlib_flt_underflow)
    __scatterload_copy                       0x080046a9   Thumb Code    14  handlers.o(i.__scatterload_copy)
    __scatterload_null                       0x080046b7   Thumb Code     2  handlers.o(i.__scatterload_null)
    __scatterload_zeroinit                   0x080046b9   Thumb Code    14  handlers.o(i.__scatterload_zeroinit)
    __set_errno                              0x080046c9   Thumb Code     6  errno.o(i.__set_errno)
    asinf                                    0x08004f89   Thumb Code   254  asinf.o(i.asinf)
    atan                                     0x080050ad   Thumb Code   474  atan.o(i.atan)
    atan2                                    0x080052cd   Thumb Code   346  atan2.o(i.atan2)
    atan2f                                   0x0800544d   Thumb Code   528  atan2f.o(i.atan2f)
    dmp_enable_6x_lp_quat                    0x0800570d   Thumb Code    60  inv_mpu_dmp_motion_driver.o(i.dmp_enable_6x_lp_quat)
    dmp_enable_feature                       0x08005749   Thumb Code   530  inv_mpu_dmp_motion_driver.o(i.dmp_enable_feature)
    dmp_enable_gyro_cal                      0x08005965   Thumb Code    62  inv_mpu_dmp_motion_driver.o(i.dmp_enable_gyro_cal)
    dmp_enable_lp_quat                       0x080059bd   Thumb Code    60  inv_mpu_dmp_motion_driver.o(i.dmp_enable_lp_quat)
    dmp_load_motion_driver_firmware          0x080059f9   Thumb Code    20  inv_mpu_dmp_motion_driver.o(i.dmp_load_motion_driver_firmware)
    dmp_read_fifo                            0x08005a11   Thumb Code   462  inv_mpu_dmp_motion_driver.o(i.dmp_read_fifo)
    dmp_set_fifo_rate                        0x08005be5   Thumb Code    96  inv_mpu_dmp_motion_driver.o(i.dmp_set_fifo_rate)
    dmp_set_orientation                      0x08005c55   Thumb Code   290  inv_mpu_dmp_motion_driver.o(i.dmp_set_orientation)
    dmp_set_shake_reject_thresh              0x08005d8d   Thumb Code    56  inv_mpu_dmp_motion_driver.o(i.dmp_set_shake_reject_thresh)
    dmp_set_shake_reject_time                0x08005dc5   Thumb Code    38  inv_mpu_dmp_motion_driver.o(i.dmp_set_shake_reject_time)
    dmp_set_shake_reject_timeout             0x08005deb   Thumb Code    38  inv_mpu_dmp_motion_driver.o(i.dmp_set_shake_reject_timeout)
    dmp_set_tap_axes                         0x08005e11   Thumb Code    70  inv_mpu_dmp_motion_driver.o(i.dmp_set_tap_axes)
    dmp_set_tap_count                        0x08005e57   Thumb Code    38  inv_mpu_dmp_motion_driver.o(i.dmp_set_tap_count)
    dmp_set_tap_thresh                       0x08005e7d   Thumb Code   396  inv_mpu_dmp_motion_driver.o(i.dmp_set_tap_thresh)
    dmp_set_tap_time                         0x0800601d   Thumb Code    38  inv_mpu_dmp_motion_driver.o(i.dmp_set_tap_time)
    dmp_set_tap_time_multi                   0x08006043   Thumb Code    38  inv_mpu_dmp_motion_driver.o(i.dmp_set_tap_time_multi)
    fputc                                    0x08006069   Thumb Code    28  main.o(i.fputc)
    main                                     0x08006169   Thumb Code   114  main.o(i.main)
    mpu_configure_fifo                       0x080061f1   Thumb Code   106  inv_mpu.o(i.mpu_configure_fifo)
    mpu_get_accel_fsr                        0x08006261   Thumb Code    72  inv_mpu.o(i.mpu_get_accel_fsr)
    mpu_init                                 0x080062ad   Thumb Code   248  inv_mpu.o(i.mpu_init)
    mpu_load_firmware                        0x080063a9   Thumb Code   180  inv_mpu.o(i.mpu_load_firmware)
    mpu_lp_accel_mode                        0x08006461   Thumb Code   218  inv_mpu.o(i.mpu_lp_accel_mode)
    mpu_read_fifo_stream                     0x08006541   Thumb Code   186  inv_mpu.o(i.mpu_read_fifo_stream)
    mpu_read_mem                             0x08006601   Thumb Code   122  inv_mpu.o(i.mpu_read_mem)
    mpu_reset_fifo                           0x08006681   Thumb Code   450  inv_mpu.o(i.mpu_reset_fifo)
    mpu_set_accel_fsr                        0x08006849   Thumb Code   126  inv_mpu.o(i.mpu_set_accel_fsr)
    mpu_set_bypass                           0x080068cd   Thumb Code   328  inv_mpu.o(i.mpu_set_bypass)
    mpu_set_dmp_state                        0x08006a19   Thumb Code   138  inv_mpu.o(i.mpu_set_dmp_state)
    mpu_set_gyro_fsr                         0x08006aa9   Thumb Code   132  inv_mpu.o(i.mpu_set_gyro_fsr)
    mpu_set_int_latched                      0x08006b31   Thumb Code   102  inv_mpu.o(i.mpu_set_int_latched)
    mpu_set_lpf                              0x08006b9d   Thumb Code   126  inv_mpu.o(i.mpu_set_lpf)
    mpu_set_sample_rate                      0x08006c21   Thumb Code   152  inv_mpu.o(i.mpu_set_sample_rate)
    mpu_set_sensors                          0x08006cbd   Thumb Code   202  inv_mpu.o(i.mpu_set_sensors)
    mpu_write_mem                            0x08006d8d   Thumb Code   122  inv_mpu.o(i.mpu_write_mem)
    sqrtf                                    0x08006e9d   Thumb Code    44  sqrtf.o(i.sqrtf)
    reg                                      0x08006ec8   Data          30  inv_mpu.o(.constdata)
    hw                                       0x08006ee6   Data          12  inv_mpu.o(.constdata)
    test                                     0x08006ef4   Data          40  inv_mpu.o(.constdata)
    AHBPrescTable                            0x08007b24   Data          16  system_stm32f1xx.o(.constdata)
    APBPrescTable                            0x08007b34   Data           8  system_stm32f1xx.o(.constdata)
    __mathlib_zero                           0x08007bd8   Data           8  qnan.o(.constdata)
    Region$$Table$$Base                      0x08007be0   Number         0  anon$$obj.o(Region$$Table)
    Region$$Table$$Limit                     0x08007c00   Number         0  anon$$obj.o(Region$$Table)
    CMD_Data                                 0x20000000   Data          23  oled.o(.data)
    a                                        0x20000040   Data           4  mpu6050.o(.data)
    count                                    0x20000060   Data           2  sr04.o(.data)
    distance                                 0x20000064   Data           4  sr04.o(.data)
    ID                                       0x20000090   Data           1  main.o(.data)
    AX                                       0x20000094   Data           4  main.o(.data)
    AY                                       0x20000098   Data           4  main.o(.data)
    AZ                                       0x2000009c   Data           4  main.o(.data)
    GX                                       0x200000a0   Data           4  main.o(.data)
    GY                                       0x200000a4   Data           4  main.o(.data)
    GZ                                       0x200000a8   Data           4  main.o(.data)
    Tem                                      0x200000ac   Data           4  main.o(.data)
    sys_ticks                                0x200000b0   Data           4  main.o(.data)
    Encoder_Left                             0x200000b4   Data           4  main.o(.data)
    Encoder_Right                            0x200000b8   Data           4  main.o(.data)
    Rx_Flag                                  0x200000bc   Data           1  main.o(.data)
    Ave_PWM                                  0x200000c0   Data           4  main.o(.data)
    angle_pid                                0x200000c4   Data          48  main.o(.data)
    rx_buf                                   0x200000fe   Data           2  stm32f1xx_it.o(.data)
    uwTick                                   0x2000012c   Data           4  stm32f1xx_hal.o(.data)
    uwTickPrio                               0x20000130   Data           4  stm32f1xx_hal.o(.data)
    uwTickFreq                               0x20000134   Data           1  stm32f1xx_hal.o(.data)
    SystemCoreClock                          0x20000138   Data           4  system_stm32f1xx.o(.data)
    __stdout                                 0x2000013c   Data           4  stdout.o(.data)
    kf_pitch                                 0x20000144   Data          36  mpu6050.o(.bss)
    kf_roll                                  0x20000168   Data          36  mpu6050.o(.bss)
    display_buf                              0x2000018c   Data          20  main.o(.bss)
    uart_buf                                 0x200001a0   Data         128  main.o(.bss)
    RxPacket                                 0x20000220   Data         100  main.o(.bss)
    hi2c1                                    0x20000284   Data          84  i2c.o(.bss)
    htim1                                    0x200002d8   Data          72  tim.o(.bss)
    htim2                                    0x20000320   Data          72  tim.o(.bss)
    htim3                                    0x20000368   Data          72  tim.o(.bss)
    htim4                                    0x200003b0   Data          72  tim.o(.bss)
    huart3                                   0x200003f8   Data          72  usart.o(.bss)
    __initial_sp                             0x20000850   Data           0  startup_stm32f103xb.o(STACK)



==============================================================================

Memory Map of the image

  Image Entry point : 0x080000ed

  Load Region LR_IROM1 (Base: 0x08000000, Size: 0x00007d44, Max: 0x00010000, ABSOLUTE, COMPRESSED[0x00007c40])

    Execution Region ER_IROM1 (Exec base: 0x08000000, Load base: 0x08000000, Size: 0x00007c00, Max: 0x00010000, ABSOLUTE)

    Exec Addr    Load Addr    Size         Type   Attr      Idx    E Section Name        Object

    0x08000000   0x08000000   0x000000ec   Data   RO            3    RESET               startup_stm32f103xb.o
    0x080000ec   0x080000ec   0x00000000   Code   RO         4590  * .ARM.Collect$$$$00000000  mc_w.l(entry.o)
    0x080000ec   0x080000ec   0x00000004   Code   RO         4951    .ARM.Collect$$$$00000001  mc_w.l(entry2.o)
    0x080000f0   0x080000f0   0x00000004   Code   RO         4954    .ARM.Collect$$$$00000004  mc_w.l(entry5.o)
    0x080000f4   0x080000f4   0x00000000   Code   RO         4956    .ARM.Collect$$$$00000008  mc_w.l(entry7b.o)
    0x080000f4   0x080000f4   0x00000000   Code   RO         4958    .ARM.Collect$$$$0000000A  mc_w.l(entry8b.o)
    0x080000f4   0x080000f4   0x00000008   Code   RO         4959    .ARM.Collect$$$$0000000B  mc_w.l(entry9a.o)
    0x080000fc   0x080000fc   0x00000000   Code   RO         4961    .ARM.Collect$$$$0000000D  mc_w.l(entry10a.o)
    0x080000fc   0x080000fc   0x00000000   Code   RO         4963    .ARM.Collect$$$$0000000F  mc_w.l(entry11a.o)
    0x080000fc   0x080000fc   0x00000004   Code   RO         4952    .ARM.Collect$$$$00002712  mc_w.l(entry2.o)
    0x08000100   0x08000100   0x00000024   Code   RO            4    .text               startup_stm32f103xb.o
    0x08000124   0x08000124   0x00000020   Code   RO         4595    .text               mc_w.l(llushr.o)
    0x08000144   0x08000144   0x00000024   Code   RO         4597    .text               mc_w.l(memseta.o)
    0x08000168   0x08000168   0x0000001a   Code   RO         4601    .text               mc_w.l(memcmp.o)
    0x08000182   0x08000182   0x000000b0   Code   RO         4870    .text               mf_w.l(fadd.o)
    0x08000232   0x08000232   0x00000064   Code   RO         4872    .text               mf_w.l(fmul.o)
    0x08000296   0x08000296   0x0000007c   Code   RO         4874    .text               mf_w.l(fdiv.o)
    0x08000312   0x08000312   0x0000014e   Code   RO         4876    .text               mf_w.l(dadd.o)
    0x08000460   0x08000460   0x000000e4   Code   RO         4878    .text               mf_w.l(dmul.o)
    0x08000544   0x08000544   0x000000de   Code   RO         4880    .text               mf_w.l(ddiv.o)
    0x08000622   0x08000622   0x00000012   Code   RO         4882    .text               mf_w.l(fflti.o)
    0x08000634   0x08000634   0x0000000a   Code   RO         4884    .text               mf_w.l(ffltui.o)
    0x0800063e   0x0800063e   0x0000001a   Code   RO         4886    .text               mf_w.l(dfltui.o)
    0x08000658   0x08000658   0x00000028   Code   RO         4890    .text               mf_w.l(ffixui.o)
    0x08000680   0x08000680   0x00000026   Code   RO         4892    .text               mf_w.l(f2d.o)
    0x080006a6   0x080006a6   0x00000002   PAD
    0x080006a8   0x080006a8   0x00000030   Code   RO         4894    .text               mf_w.l(cdrcmple.o)
    0x080006d8   0x080006d8   0x00000038   Code   RO         4896    .text               mf_w.l(d2f.o)
    0x08000710   0x08000710   0x0000002c   Code   RO         4966    .text               mc_w.l(uidiv.o)
    0x0800073c   0x0800073c   0x00000062   Code   RO         4968    .text               mc_w.l(uldiv.o)
    0x0800079e   0x0800079e   0x0000001e   Code   RO         4970    .text               mc_w.l(llshl.o)
    0x080007bc   0x080007bc   0x00000024   Code   RO         4972    .text               mc_w.l(llsshr.o)
    0x080007e0   0x080007e0   0x00000000   Code   RO         4983    .text               mc_w.l(iusefp.o)
    0x080007e0   0x080007e0   0x0000006e   Code   RO         4984    .text               mf_w.l(fepilogue.o)
    0x0800084e   0x0800084e   0x00000018   Code   RO         4986    .text               mf_w.l(fscalb.o)
    0x08000866   0x08000866   0x000000ba   Code   RO         4988    .text               mf_w.l(depilogue.o)
    0x08000920   0x08000920   0x00000030   Code   RO         4990    .text               mf_w.l(dfixul.o)
    0x08000950   0x08000950   0x00000024   Code   RO         4996    .text               mc_w.l(init.o)
    0x08000974   0x08000974   0x0000005e   Code   RO         5006    .text               mf_w.l(fsqrt.o)
    0x080009d2   0x080009d2   0x0000002e   Code   RO         5008    .text               mf_w.l(dscalb.o)
    0x08000a00   0x08000a00   0x00000056   Code   RO         5023    .text               mc_w.l(__dczerorl2.o)
    0x08000a56   0x08000a56   0x00000004   Code   RO          962    i.BusFault_Handler  stm32f1xx_it.o
    0x08000a5a   0x08000a5a   0x00000002   PAD
    0x08000a5c   0x08000a5c   0x00000028   Code   RO          643    i.DWT_Init          main.o
    0x08000a84   0x08000a84   0x00000002   Code   RO          963    i.DebugMon_Handler  stm32f1xx_it.o
    0x08000a86   0x08000a86   0x0000000a   Code   RO          964    i.EXTI2_IRQHandler  stm32f1xx_it.o
    0x08000a90   0x08000a90   0x00000006   Code   RO          644    i.Error_Handler     main.o
    0x08000a96   0x08000a96   0x00000056   Code   RO         2549    i.HAL_DMA_Abort     stm32f1xx_hal_dma.o
    0x08000aec   0x08000aec   0x000000b0   Code   RO         2550    i.HAL_DMA_Abort_IT  stm32f1xx_hal_dma.o
    0x08000b9c   0x08000b9c   0x00000028   Code   RO         2170    i.HAL_Delay         stm32f1xx_hal.o
    0x08000bc4   0x08000bc4   0x0000002c   Code   RO          535    i.HAL_Delay_us      sr04.o
    0x08000bf0   0x08000bf0   0x00000078   Code   RO          536    i.HAL_GPIO_EXTI_Callback  sr04.o
    0x08000c68   0x08000c68   0x0000001c   Code   RO         2484    i.HAL_GPIO_EXTI_IRQHandler  stm32f1xx_hal_gpio.o
    0x08000c84   0x08000c84   0x00000320   Code   RO         2485    i.HAL_GPIO_Init     stm32f1xx_hal_gpio.o
    0x08000fa4   0x08000fa4   0x00000010   Code   RO         2487    i.HAL_GPIO_ReadPin  stm32f1xx_hal_gpio.o
    0x08000fb4   0x08000fb4   0x0000000c   Code   RO         2489    i.HAL_GPIO_WritePin  stm32f1xx_hal_gpio.o
    0x08000fc0   0x08000fc0   0x0000000c   Code   RO         2174    i.HAL_GetTick       stm32f1xx_hal.o
    0x08000fcc   0x08000fcc   0x000001d0   Code   RO         1697    i.HAL_I2C_Init      stm32f1xx_hal_i2c.o
    0x0800119c   0x0800119c   0x00000164   Code   RO         1718    i.HAL_I2C_Mem_Write  stm32f1xx_hal_i2c.o
    0x08001300   0x08001300   0x0000008c   Code   RO          789    i.HAL_I2C_MspInit   i2c.o
    0x0800138c   0x0800138c   0x00000018   Code   RO         2180    i.HAL_IncTick       stm32f1xx_hal.o
    0x080013a4   0x080013a4   0x00000028   Code   RO         2181    i.HAL_Init          stm32f1xx_hal.o
    0x080013cc   0x080013cc   0x0000004c   Code   RO         2182    i.HAL_InitTick      stm32f1xx_hal.o
    0x08001418   0x08001418   0x00000054   Code   RO         1053    i.HAL_MspInit       stm32f1xx_hal_msp.o
    0x0800146c   0x0800146c   0x00000020   Code   RO         2645    i.HAL_NVIC_EnableIRQ  stm32f1xx_hal_cortex.o
    0x0800148c   0x0800148c   0x0000007c   Code   RO         2651    i.HAL_NVIC_SetPriority  stm32f1xx_hal_cortex.o
    0x08001508   0x08001508   0x00000028   Code   RO         2652    i.HAL_NVIC_SetPriorityGrouping  stm32f1xx_hal_cortex.o
    0x08001530   0x08001530   0x0000018c   Code   RO         2338    i.HAL_RCC_ClockConfig  stm32f1xx_hal_rcc.o
    0x080016bc   0x080016bc   0x0000000c   Code   RO         2343    i.HAL_RCC_GetHCLKFreq  stm32f1xx_hal_rcc.o
    0x080016c8   0x080016c8   0x00000020   Code   RO         2345    i.HAL_RCC_GetPCLK1Freq  stm32f1xx_hal_rcc.o
    0x080016e8   0x080016e8   0x00000020   Code   RO         2346    i.HAL_RCC_GetPCLK2Freq  stm32f1xx_hal_rcc.o
    0x08001708   0x08001708   0x00000070   Code   RO         2347    i.HAL_RCC_GetSysClockFreq  stm32f1xx_hal_rcc.o
    0x08001778   0x08001778   0x00000464   Code   RO         2350    i.HAL_RCC_OscConfig  stm32f1xx_hal_rcc.o
    0x08001bdc   0x08001bdc   0x00000034   Code   RO         2656    i.HAL_SYSTICK_Config  stm32f1xx_hal_cortex.o
    0x08001c10   0x08001c10   0x00000074   Code   RO         3891    i.HAL_TIMEx_ConfigBreakDeadTime  stm32f1xx_hal_tim_ex.o
    0x08001c84   0x08001c84   0x00000084   Code   RO         3907    i.HAL_TIMEx_MasterConfigSynchronization  stm32f1xx_hal_tim_ex.o
    0x08001d08   0x08001d08   0x00000066   Code   RO         3173    i.HAL_TIM_Base_Init  stm32f1xx_hal_tim.o
    0x08001d6e   0x08001d6e   0x00000002   PAD
    0x08001d70   0x08001d70   0x00000030   Code   RO          831    i.HAL_TIM_Base_MspInit  tim.o
    0x08001da0   0x08001da0   0x0000006c   Code   RO         3176    i.HAL_TIM_Base_Start  stm32f1xx_hal_tim.o
    0x08001e0c   0x08001e0c   0x00000032   Code   RO         3179    i.HAL_TIM_Base_Stop  stm32f1xx_hal_tim.o
    0x08001e3e   0x08001e3e   0x0000010c   Code   RO         3182    i.HAL_TIM_ConfigClockSource  stm32f1xx_hal_tim.o
    0x08001f4a   0x08001f4a   0x000000c4   Code   RO         3194    i.HAL_TIM_Encoder_Init  stm32f1xx_hal_tim.o
    0x0800200e   0x0800200e   0x00000002   PAD
    0x08002010   0x08002010   0x000000c8   Code   RO          833    i.HAL_TIM_Encoder_MspInit  tim.o
    0x080020d8   0x080020d8   0x000000cc   Code   RO         3197    i.HAL_TIM_Encoder_Start  stm32f1xx_hal_tim.o
    0x080021a4   0x080021a4   0x00000058   Code   RO          834    i.HAL_TIM_MspPostInit  tim.o
    0x080021fc   0x080021fc   0x00000104   Code   RO         3245    i.HAL_TIM_PWM_ConfigChannel  stm32f1xx_hal_tim.o
    0x08002300   0x08002300   0x00000066   Code   RO         3248    i.HAL_TIM_PWM_Init  stm32f1xx_hal_tim.o
    0x08002366   0x08002366   0x00000002   PAD
    0x08002368   0x08002368   0x00000030   Code   RO          836    i.HAL_TIM_PWM_MspInit  tim.o
    0x08002398   0x08002398   0x000000d4   Code   RO         3253    i.HAL_TIM_PWM_Start  stm32f1xx_hal_tim.o
    0x0800246c   0x0800246c   0x00000002   Code   RO         4167    i.HAL_UARTEx_RxEventCallback  stm32f1xx_hal_uart.o
    0x0800246e   0x0800246e   0x00000002   Code   RO         4181    i.HAL_UART_ErrorCallback  stm32f1xx_hal_uart.o
    0x08002470   0x08002470   0x000002e4   Code   RO         4184    i.HAL_UART_IRQHandler  stm32f1xx_hal_uart.o
    0x08002754   0x08002754   0x00000076   Code   RO         4185    i.HAL_UART_Init     stm32f1xx_hal_uart.o
    0x080027ca   0x080027ca   0x00000002   PAD
    0x080027cc   0x080027cc   0x00000098   Code   RO          921    i.HAL_UART_MspInit  usart.o
    0x08002864   0x08002864   0x0000002c   Code   RO         4190    i.HAL_UART_Receive_IT  stm32f1xx_hal_uart.o
    0x08002890   0x08002890   0x00000094   Code   RO          645    i.HAL_UART_RxCpltCallback  main.o
    0x08002924   0x08002924   0x000000be   Code   RO         4193    i.HAL_UART_Transmit  stm32f1xx_hal_uart.o
    0x080029e2   0x080029e2   0x00000002   Code   RO         4196    i.HAL_UART_TxCpltCallback  stm32f1xx_hal_uart.o
    0x080029e4   0x080029e4   0x00000004   Code   RO          965    i.HardFault_Handler  stm32f1xx_it.o
    0x080029e8   0x080029e8   0x0000003e   Code   RO         1741    i.I2C_IsAcknowledgeFailed  stm32f1xx_hal_i2c.o
    0x08002a26   0x08002a26   0x00000002   PAD
    0x08002a28   0x08002a28   0x000000e0   Code   RO         1753    i.I2C_RequestMemoryWrite  stm32f1xx_hal_i2c.o
    0x08002b08   0x08002b08   0x00000066   Code   RO         1761    i.I2C_WaitOnBTFFlagUntilTimeout  stm32f1xx_hal_i2c.o
    0x08002b6e   0x08002b6e   0x000000be   Code   RO         1762    i.I2C_WaitOnFlagUntilTimeout  stm32f1xx_hal_i2c.o
    0x08002c2c   0x08002c2c   0x000000fa   Code   RO         1763    i.I2C_WaitOnMasterAddressFlagUntilTimeout  stm32f1xx_hal_i2c.o
    0x08002d26   0x08002d26   0x00000066   Code   RO         1767    i.I2C_WaitOnTXEFlagUntilTimeout  stm32f1xx_hal_i2c.o
    0x08002d8c   0x08002d8c   0x0000001c   Code   RO          457    i.IIC_Init          myi2c.o
    0x08002da8   0x08002da8   0x0000001c   Code   RO          458    i.IIC_R_SDA         myi2c.o
    0x08002dc4   0x08002dc4   0x0000001e   Code   RO          459    i.IIC_ReceiveAck    myi2c.o
    0x08002de2   0x08002de2   0x00000032   Code   RO          460    i.IIC_ReceiveByte   myi2c.o
    0x08002e14   0x08002e14   0x00000018   Code   RO          461    i.IIC_SendAck       myi2c.o
    0x08002e2c   0x08002e2c   0x00000032   Code   RO          462    i.IIC_SendByte      myi2c.o
    0x08002e5e   0x08002e5e   0x0000001c   Code   RO          463    i.IIC_Start         myi2c.o
    0x08002e7a   0x08002e7a   0x00000016   Code   RO          464    i.IIC_Stop          myi2c.o
    0x08002e90   0x08002e90   0x00000014   Code   RO          465    i.IIC_W_SCL         myi2c.o
    0x08002ea4   0x08002ea4   0x00000014   Code   RO          466    i.IIC_W_SDA         myi2c.o
    0x08002eb8   0x08002eb8   0x0000002c   Code   RO          257    i.Kalman_Init       mpu6050.o
    0x08002ee4   0x08002ee4   0x00000090   Code   RO          258    i.Kalman_Predict    mpu6050.o
    0x08002f74   0x08002f74   0x000000b0   Code   RO          259    i.Kalman_Update     mpu6050.o
    0x08003024   0x08003024   0x00000094   Code   RO          575    i.Load              motor.o
    0x080030b8   0x080030b8   0x00000060   Code   RO          260    i.MPU6050_DMP_Init  mpu6050.o
    0x08003118   0x08003118   0x0000000c   Code   RO          269    i.MPU6050_GetPitch  mpu6050.o
    0x08003124   0x08003124   0x0000000c   Code   RO          270    i.MPU6050_GetRoll   mpu6050.o
    0x08003130   0x08003130   0x0000000c   Code   RO          271    i.MPU6050_GetYaw    mpu6050.o
    0x0800313c   0x0800313c   0x0000003e   Code   RO          272    i.MPU6050_Init      mpu6050.o
    0x0800317a   0x0800317a   0x00000002   PAD
    0x0800317c   0x0800317c   0x0000002c   Code   RO          273    i.MPU6050_Mode_Update  mpu6050.o
    0x080031a8   0x080031a8   0x000001e8   Code   RO          274    i.MPU6050_Proc_Complementary  mpu6050.o
    0x08003390   0x08003390   0x000001f4   Code   RO          275    i.MPU6050_Proc_Kalman  mpu6050.o
    0x08003584   0x08003584   0x0000005e   Code   RO          277    i.MPU6050_ReadRegs  mpu6050.o
    0x080035e2   0x080035e2   0x00000002   PAD
    0x080035e4   0x080035e4   0x00000040   Code   RO          278    i.MPU6050_SetMode   mpu6050.o
    0x08003624   0x08003624   0x000000f8   Code   RO          279    i.MPU6050_UpDate    mpu6050.o
    0x0800371c   0x0800371c   0x000001ac   Code   RO          280    i.MPU6050_Update_DMP  mpu6050.o
    0x080038c8   0x080038c8   0x0000002e   Code   RO          281    i.MPU6050_WriteReg  mpu6050.o
    0x080038f6   0x080038f6   0x00000002   PAD
    0x080038f8   0x080038f8   0x00000118   Code   RO          764    i.MX_GPIO_Init      gpio.o
    0x08003a10   0x08003a10   0x0000003c   Code   RO          790    i.MX_I2C1_Init      i2c.o
    0x08003a4c   0x08003a4c   0x000000c4   Code   RO          837    i.MX_TIM1_Init      tim.o
    0x08003b10   0x08003b10   0x00000078   Code   RO          838    i.MX_TIM2_Init      tim.o
    0x08003b88   0x08003b88   0x0000006c   Code   RO          839    i.MX_TIM3_Init      tim.o
    0x08003bf4   0x08003bf4   0x0000007c   Code   RO          840    i.MX_TIM4_Init      tim.o
    0x08003c70   0x08003c70   0x00000038   Code   RO          922    i.MX_USART3_UART_Init  usart.o
    0x08003ca8   0x08003ca8   0x00000004   Code   RO          966    i.MemManage_Handler  stm32f1xx_it.o
    0x08003cac   0x08003cac   0x00000004   Code   RO          967    i.NMI_Handler       stm32f1xx_it.o
    0x08003cb0   0x08003cb0   0x00000038   Code   RO           13    i.OLED_Clear        oled.o
    0x08003ce8   0x08003ce8   0x00000024   Code   RO           19    i.OLED_Init         oled.o
    0x08003d0c   0x08003d0c   0x00000028   Code   RO           29    i.OLED_WR_CMD       oled.o
    0x08003d34   0x08003d34   0x00000028   Code   RO           30    i.OLED_WR_DATA      oled.o
    0x08003d5c   0x08003d5c   0x00000002   Code   RO          968    i.PendSV_Handler    stm32f1xx_it.o
    0x08003d5e   0x08003d5e   0x00000002   PAD
    0x08003d60   0x08003d60   0x00000028   Code   RO         2351    i.RCC_Delay         stm32f1xx_hal_rcc.o
    0x08003d88   0x08003d88   0x00000002   Code   RO          969    i.SVC_Handler       stm32f1xx_it.o
    0x08003d8a   0x08003d8a   0x00000008   Code   RO          970    i.SysTick_Handler   stm32f1xx_it.o
    0x08003d92   0x08003d92   0x00000066   Code   RO          648    i.SystemClock_Config  main.o
    0x08003df8   0x08003df8   0x00000002   Code   RO         4529    i.SystemInit        system_stm32f1xx.o
    0x08003dfa   0x08003dfa   0x00000002   PAD
    0x08003dfc   0x08003dfc   0x00000084   Code   RO         3266    i.TIM_Base_SetConfig  stm32f1xx_hal_tim.o
    0x08003e80   0x08003e80   0x00000022   Code   RO         3267    i.TIM_CCxChannelCmd  stm32f1xx_hal_tim.o
    0x08003ea2   0x08003ea2   0x00000016   Code   RO         3277    i.TIM_ETR_SetConfig  stm32f1xx_hal_tim.o
    0x08003eb8   0x08003eb8   0x00000012   Code   RO         3278    i.TIM_ITRx_SetConfig  stm32f1xx_hal_tim.o
    0x08003eca   0x08003eca   0x00000002   PAD
    0x08003ecc   0x08003ecc   0x00000060   Code   RO         3279    i.TIM_OC1_SetConfig  stm32f1xx_hal_tim.o
    0x08003f2c   0x08003f2c   0x00000068   Code   RO         3280    i.TIM_OC2_SetConfig  stm32f1xx_hal_tim.o
    0x08003f94   0x08003f94   0x00000068   Code   RO         3281    i.TIM_OC3_SetConfig  stm32f1xx_hal_tim.o
    0x08003ffc   0x08003ffc   0x00000048   Code   RO         3282    i.TIM_OC4_SetConfig  stm32f1xx_hal_tim.o
    0x08004044   0x08004044   0x00000026   Code   RO         3284    i.TIM_TI1_ConfigInputStage  stm32f1xx_hal_tim.o
    0x0800406a   0x0800406a   0x00000028   Code   RO         3286    i.TIM_TI2_ConfigInputStage  stm32f1xx_hal_tim.o
    0x08004092   0x08004092   0x00000014   Code   RO         4198    i.UART_DMAAbortOnError  stm32f1xx_hal_uart.o
    0x080040a6   0x080040a6   0x0000006c   Code   RO         4208    i.UART_EndRxTransfer  stm32f1xx_hal_uart.o
    0x08004112   0x08004112   0x00000020   Code   RO         4209    i.UART_EndTransmit_IT  stm32f1xx_hal_uart.o
    0x08004132   0x08004132   0x000000fc   Code   RO         4211    i.UART_Receive_IT   stm32f1xx_hal_uart.o
    0x0800422e   0x0800422e   0x00000002   PAD
    0x08004230   0x08004230   0x000000fc   Code   RO         4212    i.UART_SetConfig    stm32f1xx_hal_uart.o
    0x0800432c   0x0800432c   0x00000040   Code   RO         4214    i.UART_Start_Receive_IT  stm32f1xx_hal_uart.o
    0x0800436c   0x0800436c   0x00000060   Code   RO         4215    i.UART_Transmit_IT  stm32f1xx_hal_uart.o
    0x080043cc   0x080043cc   0x0000008c   Code   RO         4216    i.UART_WaitOnFlagUntilTimeout  stm32f1xx_hal_uart.o
    0x08004458   0x08004458   0x00000010   Code   RO          971    i.USART3_IRQHandler  stm32f1xx_it.o
    0x08004468   0x08004468   0x000000b4   Code   RO          649    i.USART3_Proc       main.o
    0x0800451c   0x0800451c   0x00000004   Code   RO          972    i.UsageFault_Handler  stm32f1xx_it.o
    0x08004520   0x08004520   0x00000020   Code   RO         4842    i.__0printf         mc_w.l(printfa.o)
    0x08004540   0x08004540   0x00000028   Code   RO         4992    i.__ARM_fpclassify  m_ws.l(fpclassify.o)
    0x08004568   0x08004568   0x00000026   Code   RO         4926    i.__ARM_fpclassifyf  m_ws.l(fpclassifyf.o)
    0x0800458e   0x0800458e   0x00000002   PAD
    0x08004590   0x08004590   0x00000010   Code   RO         2658    i.__NVIC_GetPriorityGrouping  stm32f1xx_hal_cortex.o
    0x080045a0   0x080045a0   0x00000028   Code   RO         2659    i.__NVIC_SetPriority  stm32f1xx_hal_cortex.o
    0x080045c8   0x080045c8   0x000000aa   Code   RO         4994    i.__kernel_poly     m_ws.l(poly.o)
    0x08004672   0x08004672   0x00000006   Code   RO         4913    i.__mathlib_dbl_infnan  m_ws.l(dunder.o)
    0x08004678   0x08004678   0x00000004   Code   RO         4914    i.__mathlib_dbl_infnan2  m_ws.l(dunder.o)
    0x0800467c   0x0800467c   0x00000010   Code   RO         4918    i.__mathlib_dbl_underflow  m_ws.l(dunder.o)
    0x0800468c   0x0800468c   0x00000006   Code   RO         4929    i.__mathlib_flt_infnan  m_ws.l(funder.o)
    0x08004692   0x08004692   0x00000004   Code   RO         4930    i.__mathlib_flt_infnan2  m_ws.l(funder.o)
    0x08004696   0x08004696   0x00000008   Code   RO         4931    i.__mathlib_flt_invalid  m_ws.l(funder.o)
    0x0800469e   0x0800469e   0x0000000a   Code   RO         4934    i.__mathlib_flt_underflow  m_ws.l(funder.o)
    0x080046a8   0x080046a8   0x0000000e   Code   RO         5017    i.__scatterload_copy  mc_w.l(handlers.o)
    0x080046b6   0x080046b6   0x00000002   Code   RO         5018    i.__scatterload_null  mc_w.l(handlers.o)
    0x080046b8   0x080046b8   0x0000000e   Code   RO         5019    i.__scatterload_zeroinit  mc_w.l(handlers.o)
    0x080046c6   0x080046c6   0x00000002   PAD
    0x080046c8   0x080046c8   0x0000000c   Code   RO         4976    i.__set_errno       mc_w.l(errno.o)
    0x080046d4   0x080046d4   0x00000184   Code   RO         4849    i._fp_digits        mc_w.l(printfa.o)
    0x08004858   0x08004858   0x000006dc   Code   RO         4850    i._printf_core      mc_w.l(printfa.o)
    0x08004f34   0x08004f34   0x00000024   Code   RO         4851    i._printf_post_padding  mc_w.l(printfa.o)
    0x08004f58   0x08004f58   0x0000002e   Code   RO         4852    i._printf_pre_padding  mc_w.l(printfa.o)
    0x08004f86   0x08004f86   0x00000002   PAD
    0x08004f88   0x08004f88   0x00000124   Code   RO         4563    i.asinf             m_ws.l(asinf.o)
    0x080050ac   0x080050ac   0x00000220   Code   RO         4903    i.atan              m_ws.l(atan.o)
    0x080052cc   0x080052cc   0x00000180   Code   RO         4571    i.atan2             m_ws.l(atan2.o)
    0x0800544c   0x0800544c   0x0000025c   Code   RO         4579    i.atan2f            m_ws.l(atan2f.o)
    0x080056a8   0x080056a8   0x00000064   Code   RO         1417    i.decode_gesture    inv_mpu_dmp_motion_driver.o
    0x0800570c   0x0800570c   0x0000003c   Code   RO         1418    i.dmp_enable_6x_lp_quat  inv_mpu_dmp_motion_driver.o
    0x08005748   0x08005748   0x0000021c   Code   RO         1419    i.dmp_enable_feature  inv_mpu_dmp_motion_driver.o
    0x08005964   0x08005964   0x00000058   Code   RO         1420    i.dmp_enable_gyro_cal  inv_mpu_dmp_motion_driver.o
    0x080059bc   0x080059bc   0x0000003c   Code   RO         1421    i.dmp_enable_lp_quat  inv_mpu_dmp_motion_driver.o
    0x080059f8   0x080059f8   0x00000018   Code   RO         1426    i.dmp_load_motion_driver_firmware  inv_mpu_dmp_motion_driver.o
    0x08005a10   0x08005a10   0x000001d4   Code   RO         1427    i.dmp_read_fifo     inv_mpu_dmp_motion_driver.o
    0x08005be4   0x08005be4   0x00000070   Code   RO         1431    i.dmp_set_fifo_rate  inv_mpu_dmp_motion_driver.o
    0x08005c54   0x08005c54   0x00000138   Code   RO         1434    i.dmp_set_orientation  inv_mpu_dmp_motion_driver.o
    0x08005d8c   0x08005d8c   0x00000038   Code   RO         1437    i.dmp_set_shake_reject_thresh  inv_mpu_dmp_motion_driver.o
    0x08005dc4   0x08005dc4   0x00000026   Code   RO         1438    i.dmp_set_shake_reject_time  inv_mpu_dmp_motion_driver.o
    0x08005dea   0x08005dea   0x00000026   Code   RO         1439    i.dmp_set_shake_reject_timeout  inv_mpu_dmp_motion_driver.o
    0x08005e10   0x08005e10   0x00000046   Code   RO         1440    i.dmp_set_tap_axes  inv_mpu_dmp_motion_driver.o
    0x08005e56   0x08005e56   0x00000026   Code   RO         1441    i.dmp_set_tap_count  inv_mpu_dmp_motion_driver.o
    0x08005e7c   0x08005e7c   0x000001a0   Code   RO         1442    i.dmp_set_tap_thresh  inv_mpu_dmp_motion_driver.o
    0x0800601c   0x0800601c   0x00000026   Code   RO         1443    i.dmp_set_tap_time  inv_mpu_dmp_motion_driver.o
    0x08006042   0x08006042   0x00000026   Code   RO         1444    i.dmp_set_tap_time_multi  inv_mpu_dmp_motion_driver.o
    0x08006068   0x08006068   0x00000020   Code   RO          650    i.fputc             main.o
    0x08006088   0x08006088   0x00000078   Code   RO         1081    i.i2c_read          inv_mpu.o
    0x08006100   0x08006100   0x00000066   Code   RO         1082    i.i2c_write         inv_mpu.o
    0x08006166   0x08006166   0x00000002   PAD
    0x08006168   0x08006168   0x00000088   Code   RO          651    i.main              main.o
    0x080061f0   0x080061f0   0x00000070   Code   RO         1083    i.mpu_configure_fifo  inv_mpu.o
    0x08006260   0x08006260   0x0000004c   Code   RO         1084    i.mpu_get_accel_fsr  inv_mpu.o
    0x080062ac   0x080062ac   0x000000fc   Code   RO         1100    i.mpu_init          inv_mpu.o
    0x080063a8   0x080063a8   0x000000b8   Code   RO         1101    i.mpu_load_firmware  inv_mpu.o
    0x08006460   0x08006460   0x000000e0   Code   RO         1102    i.mpu_lp_accel_mode  inv_mpu.o
    0x08006540   0x08006540   0x000000c0   Code   RO         1108    i.mpu_read_fifo_stream  inv_mpu.o
    0x08006600   0x08006600   0x00000080   Code   RO         1109    i.mpu_read_mem      inv_mpu.o
    0x08006680   0x08006680   0x000001c8   Code   RO         1112    i.mpu_reset_fifo    inv_mpu.o
    0x08006848   0x08006848   0x00000084   Code   RO         1116    i.mpu_set_accel_fsr  inv_mpu.o
    0x080068cc   0x080068cc   0x0000014c   Code   RO         1117    i.mpu_set_bypass    inv_mpu.o
    0x08006a18   0x08006a18   0x00000090   Code   RO         1119    i.mpu_set_dmp_state  inv_mpu.o
    0x08006aa8   0x08006aa8   0x00000088   Code   RO         1121    i.mpu_set_gyro_fsr  inv_mpu.o
    0x08006b30   0x08006b30   0x0000006c   Code   RO         1122    i.mpu_set_int_latched  inv_mpu.o
    0x08006b9c   0x08006b9c   0x00000084   Code   RO         1124    i.mpu_set_lpf       inv_mpu.o
    0x08006c20   0x08006c20   0x0000009c   Code   RO         1125    i.mpu_set_sample_rate  inv_mpu.o
    0x08006cbc   0x08006cbc   0x000000d0   Code   RO         1126    i.mpu_set_sensors   inv_mpu.o
    0x08006d8c   0x08006d8c   0x00000080   Code   RO         1127    i.mpu_write_mem     inv_mpu.o
    0x08006e0c   0x08006e0c   0x00000090   Code   RO         1128    i.set_int_enable    inv_mpu.o
    0x08006e9c   0x08006e9c   0x0000002c   Code   RO         4944    i.sqrtf             m_ws.l(sqrtf.o)
    0x08006ec8   0x08006ec8   0x00000054   Data   RO         1129    .constdata          inv_mpu.o
    0x08006f1c   0x08006f1c   0x00000bf6   Data   RO         1446    .constdata          inv_mpu_dmp_motion_driver.o
    0x08007b12   0x08007b12   0x00000012   Data   RO         2352    .constdata          stm32f1xx_hal_rcc.o
    0x08007b24   0x08007b24   0x00000018   Data   RO         4530    .constdata          system_stm32f1xx.o
    0x08007b3c   0x08007b3c   0x00000004   PAD
    0x08007b40   0x08007b40   0x00000098   Data   RO         4904    .constdata          m_ws.l(atan.o)
    0x08007bd8   0x08007bd8   0x00000008   Data   RO         4942    .constdata          m_ws.l(qnan.o)
    0x08007be0   0x08007be0   0x00000020   Data   RO         5015    Region$$Table       anon$$obj.o


    Execution Region RW_IRAM1 (Exec base: 0x20000000, Load base: 0x08007c00, Size: 0x00000850, Max: 0x00005000, ABSOLUTE, COMPRESSED[0x00000040])

    Exec Addr    Load Addr    Size         Type   Attr      Idx    E Section Name        Object

    0x20000000   COMPRESSED   0x00000017   Data   RW           32    .data               oled.o
    0x20000017   COMPRESSED   0x00000001   PAD
    0x20000018   COMPRESSED   0x00000045   Data   RW          283    .data               mpu6050.o
    0x2000005d   COMPRESSED   0x00000003   PAD
    0x20000060   COMPRESSED   0x00000008   Data   RW          538    .data               sr04.o
    0x20000068   COMPRESSED   0x00000096   Data   RW          653    .data               main.o
    0x200000fe   COMPRESSED   0x00000002   Data   RW          973    .data               stm32f1xx_it.o
    0x20000100   COMPRESSED   0x0000002c   Data   RW         1130    .data               inv_mpu.o
    0x2000012c   COMPRESSED   0x00000009   Data   RW         2188    .data               stm32f1xx_hal.o
    0x20000135   COMPRESSED   0x00000003   PAD
    0x20000138   COMPRESSED   0x00000004   Data   RW         4531    .data               system_stm32f1xx.o
    0x2000013c   COMPRESSED   0x00000004   Data   RW         4965    .data               mc_w.l(stdout.o)
    0x20000140   COMPRESSED   0x00000004   Data   RW         4977    .data               mc_w.l(errno.o)
    0x20000144        -       0x00000048   Zero   RW          282    .bss                mpu6050.o
    0x2000018c        -       0x000000f8   Zero   RW          652    .bss                main.o
    0x20000284        -       0x00000054   Zero   RW          791    .bss                i2c.o
    0x200002d8        -       0x00000120   Zero   RW          841    .bss                tim.o
    0x200003f8        -       0x00000048   Zero   RW          923    .bss                usart.o
    0x20000440        -       0x00000010   Zero   RW         1445    .bss                inv_mpu_dmp_motion_driver.o
    0x20000450        -       0x00000400   Zero   RW            1    STACK               startup_stm32f103xb.o


==============================================================================

Image component sizes


      Code (inc. data)   RO Data    RW Data    ZI Data      Debug   Object Name

       280         16          0          0          0       1019   gpio.o
       200         28          0          0         84       1693   i2c.o
      3466         96         84         44          0      18997   inv_mpu.o
      2496        110       3062          0         16      18413   inv_mpu_dmp_motion_driver.o
       644        102          0        150        248       7493   main.o
       148          8          0          0          0        583   motor.o
      2470        248          0         69         72      12726   mpu6050.o
       300         14          0          0          0       4898   myi2c.o
       172         16          0         23          0     436157   oled.o
       164         32          0          8          0       1345   sr04.o
        36          8        236          0       1024        800   startup_stm32f103xb.o
       192         36          0          9          0       5937   stm32f1xx_hal.o
       304         22          0          0          0      29451   stm32f1xx_hal_cortex.o
       262          4          0          0          0       1771   stm32f1xx_hal_dma.o
       856         38          0          0          0       3942   stm32f1xx_hal_gpio.o
      1750         30          0          0          0       8235   stm32f1xx_hal_i2c.o
        84          8          0          0          0        906   stm32f1xx_hal_msp.o
      1748         98         18          0          0       6008   stm32f1xx_hal_rcc.o
      2162         60          0          0          0      14748   stm32f1xx_hal_tim.o
       248         14          0          0          0       2140   stm32f1xx_hal_tim_ex.o
      2062          8          0          0          0      12068   stm32f1xx_hal_uart.o
        60          6          0          2          0       5503   stm32f1xx_it.o
         2          0         24          4          0       1131   system_stm32f1xx.o
       932         78          0          0        288       5559   tim.o
       208         24          0          0         72       1686   usart.o

    ----------------------------------------------------------------------
     21274       1104       3460        316       1804     603209   Object Totals
         0          0         32          0          0          0   (incl. Generated)
        28          0          4          7          0          0   (incl. Padding)

    ----------------------------------------------------------------------

      Code (inc. data)   RO Data    RW Data    ZI Data      Debug   Library Member Name

       292         38          0          0          0        120   asinf.o
       544         70        152          0          0        124   atan.o
       384         38          0          0          0        144   atan2.o
       604         76          0          0          0        116   atan2f.o
        26          6          0          0          0        204   dunder.o
        40          0          0          0          0         68   fpclassify.o
        38          0          0          0          0         68   fpclassifyf.o
        28          0          0          0          0        272   funder.o
       170          0          0          0          0         96   poly.o
         0          0          8          0          0          0   qnan.o
        44          0          0          0          0         80   sqrtf.o
        86          0          0          0          0          0   __dczerorl2.o
         0          0          0          0          0          0   entry.o
         0          0          0          0          0          0   entry10a.o
         0          0          0          0          0          0   entry11a.o
         8          4          0          0          0          0   entry2.o
         4          0          0          0          0          0   entry5.o
         0          0          0          0          0          0   entry7b.o
         0          0          0          0          0          0   entry8b.o
         8          4          0          0          0          0   entry9a.o
        12          6          0          4          0         68   errno.o
        30          0          0          0          0          0   handlers.o
        36          8          0          0          0         68   init.o
         0          0          0          0          0          0   iusefp.o
        30          0          0          0          0         68   llshl.o
        36          0          0          0          0         68   llsshr.o
        32          0          0          0          0         68   llushr.o
        26          0          0          0          0         80   memcmp.o
        36          0          0          0          0        108   memseta.o
      2258         90          0          0          0        452   printfa.o
         0          0          0          4          0          0   stdout.o
        44          0          0          0          0         80   uidiv.o
        98          0          0          0          0         92   uldiv.o
        48          0          0          0          0         68   cdrcmple.o
        56          0          0          0          0         88   d2f.o
       334          0          0          0          0        148   dadd.o
       222          0          0          0          0        100   ddiv.o
       186          0          0          0          0        176   depilogue.o
        48          0          0          0          0         68   dfixul.o
        26          0          0          0          0         76   dfltui.o
       228          0          0          0          0         96   dmul.o
        46          0          0          0          0         80   dscalb.o
        38          0          0          0          0         68   f2d.o
       176          0          0          0          0        140   fadd.o
       124          0          0          0          0         88   fdiv.o
       110          0          0          0          0        168   fepilogue.o
        40          0          0          0          0         68   ffixui.o
        18          0          0          0          0         68   fflti.o
        10          0          0          0          0         68   ffltui.o
       100          0          0          0          0         76   fmul.o
        24          0          0          0          0         68   fscalb.o
        94          0          0          0          0         96   fsqrt.o

    ----------------------------------------------------------------------
      6850        340        160          8          0       4252   Library Totals
         8          0          0          0          0          0   (incl. Padding)

    ----------------------------------------------------------------------

      Code (inc. data)   RO Data    RW Data    ZI Data      Debug   Library Name

      2170        228        160          0          0       1292   m_ws.l
      2744        112          0          8          0       1152   mc_w.l
      1928          0          0          0          0       1808   mf_w.l

    ----------------------------------------------------------------------
      6850        340        160          8          0       4252   Library Totals

    ----------------------------------------------------------------------

==============================================================================


      Code (inc. data)   RO Data    RW Data    ZI Data      Debug   

     28124       1444       3620        324       1804     596721   Grand Totals
     28124       1444       3620         64       1804     596721   ELF Image Totals (compressed)
     28124       1444       3620         64          0          0   ROM Totals

==============================================================================

    Total RO  Size (Code + RO Data)                31744 (  31.00kB)
    Total RW  Size (RW Data + ZI Data)              2128 (   2.08kB)
    Total ROM Size (Code + RO Data + RW Data)      31808 (  31.06kB)

==============================================================================

